Component: ARM Compiler 5.06 update 2 (build 183) Tool: armlink [4d35b7]

==============================================================================

Section Cross References

    heap.o(i.free) refers to special_reg_access.o(.text) for __start_critical
    heap.o(i.free) refers to heap.o(i.insert_free_block) for insert_free_block
    heap.o(i.free) refers to heap.o(.data) for bytesUsed
    heap.o(i.heap_init) refers to heap.o(.data) for bytesUsed
    heap.o(i.heap_init) refers to heap.o(.bss) for heap
    heap.o(i.insert_free_block) refers to heap.o(.data) for startBlock
    heap.o(i.malloc) refers to heap.o(i.align_byte_number) for align_byte_number
    heap.o(i.malloc) refers to special_reg_access.o(.text) for __start_critical
    heap.o(i.malloc) refers to heap.o(i.insert_free_block) for insert_free_block
    heap.o(i.malloc) refers to heap.o(.data) for startBlock
    svc.o(i.SVC_Handler_C) refers to os.o(i.os_init) for os_init
    svc.o(i.SVC_Handler_C) refers to uart.o(i.uart_send_char) for uart_send_char
    svc.o(i.SVC_Handler_C) refers to uart.o(i.uart_get_char) for uart_get_char
    svc.o(i.SVC_Handler_C) refers to os.o(i.os_start) for os_start
    svc.o(i.SVC_Handler_C) refers to priority_scheduler.o(i.create_task) for create_task
    svc.o(i.SVC_Handler_C) refers to priority_scheduler.o(i.suspend_task) for suspend_task
    svc.o(i.SVC_Handler_C) refers to priority_scheduler.o(i.resume_task) for resume_task
    svc.o(i.SVC_Handler_C) refers to priority_scheduler.o(i.delete_task) for delete_task
    os.o(i.SysTick_Handler) refers to priority_scheduler.o(i.update_counters) for update_counters
    os.o(i.SysTick_Handler) refers to time.o(.data) for TICKS
    os.o(i.SysTick_Handler) refers to priority_scheduler.o(.data) for runPtr
    os.o(i.os_init) refers to special_reg_access.o(.text) for __disable_irqs
    os.o(i.os_init) refers to time.o(i.system_clock_config) for system_clock_config
    os.o(i.os_init) refers to uart.o(i.uart_init) for uart_init
    os.o(i.os_init) refers to heap.o(i.heap_init) for heap_init
    os.o(i.os_init) refers to priority_scheduler.o(i.tcb_init) for tcb_init
    os.o(i.os_init) refers to nvic.o(i.nvic_set_priority) for nvic_set_priority
    os.o(i.os_init) refers to os.o(.data) for OS_RUNNING
    os.o(i.os_start) refers to special_reg_access.o(.text) for __set_psp
    os.o(i.os_start) refers to priority_scheduler.o(i.run_scheduler) for run_scheduler
    os.o(i.os_start) refers to time.o(i.systick_config) for systick_config
    os.o(i.os_start) refers to priority_scheduler.o(.bss) for readyQueue
    os.o(i.os_start) refers to priority_scheduler.o(.data) for runPtr
    os.o(i.os_start) refers to time.o(.data) for OS_CLOCK_FREQ
    os.o(i.os_start) refers to os.o(.data) for OS_RUNNING
    fifo.o(i.fifo_get) refers to special_reg_access.o(.text) for __start_critical
    fifo.o(i.fifo_put) refers to special_reg_access.o(.text) for __start_critical
    fifo.o(i.remove_fifo) refers to heap.o(i.free) for free
    fifo.o(i.request_fifo) refers to heap.o(i.malloc) for malloc
    fifo.o(i.request_fifo) refers to noretval__2printf.o(.text) for __2printf
    fifo.o(i.request_fifo) refers to exit.o(.text) for exit
    retarget.o(i._sys_exit) refers (Special) to use_no_semi.o(.text) for __use_no_semihosting_swi
    retarget.o(i._sys_exit) refers to noretval__2printf.o(.text) for __2printf
    retarget.o(i._ttywrch) refers (Special) to use_no_semi.o(.text) for __use_no_semihosting_swi
    retarget.o(i.ferror) refers (Special) to use_no_semi.o(.text) for __use_no_semihosting_swi
    retarget.o(i.fgetc) refers (Special) to use_no_semi.o(.text) for __use_no_semihosting_swi
    retarget.o(i.fputc) refers (Special) to use_no_semi.o(.text) for __use_no_semihosting_swi
    retarget.o(i.fputc) refers to special_reg_access.o(.text) for __get_control
    retarget.o(i.fputc) refers to uart.o(i.uart_send_char) for uart_send_char
    retarget.o(.data) refers (Special) to use_no_semi.o(.text) for __use_no_semihosting_swi
    priority_scheduler.o(i.create_task) refers to noretval__2printf.o(.text) for __2printf
    priority_scheduler.o(i.create_task) refers to exit.o(.text) for exit
    priority_scheduler.o(i.create_task) refers to special_reg_access.o(.text) for __start_critical
    priority_scheduler.o(i.create_task) refers to heap.o(i.malloc) for malloc
    priority_scheduler.o(i.create_task) refers to priority_scheduler.o(i.run_scheduler) for run_scheduler
    priority_scheduler.o(i.create_task) refers to priority_scheduler.o(.bss) for readyQueue
    priority_scheduler.o(i.create_task) refers to priority_scheduler.o(i.task_complete_handler) for task_complete_handler
    priority_scheduler.o(i.create_task) refers to os.o(.data) for OS_RUNNING
    priority_scheduler.o(i.delete_task) refers to special_reg_access.o(.text) for __start_critical
    priority_scheduler.o(i.delete_task) refers to priority_scheduler.o(i.find_task) for find_task
    priority_scheduler.o(i.delete_task) refers to priority_scheduler.o(i.remove_from_queue) for remove_from_queue
    priority_scheduler.o(i.delete_task) refers to heap.o(i.free) for free
    priority_scheduler.o(i.delete_task) refers to priority_scheduler.o(i.run_scheduler) for run_scheduler
    priority_scheduler.o(i.delete_task) refers to priority_scheduler.o(.bss) for readyQueue
    priority_scheduler.o(i.delete_task) refers to os.o(.data) for OS_RUNNING
    priority_scheduler.o(i.resume_task) refers to special_reg_access.o(.text) for __start_critical
    priority_scheduler.o(i.resume_task) refers to priority_scheduler.o(i.find_task) for find_task
    priority_scheduler.o(i.resume_task) refers to priority_scheduler.o(i.remove_from_queue) for remove_from_queue
    priority_scheduler.o(i.resume_task) refers to priority_scheduler.o(i.add_to_queue) for add_to_queue
    priority_scheduler.o(i.resume_task) refers to priority_scheduler.o(i.run_scheduler) for run_scheduler
    priority_scheduler.o(i.resume_task) refers to priority_scheduler.o(.bss) for blockedQueue
    priority_scheduler.o(i.resume_task) refers to os.o(.data) for OS_RUNNING
    priority_scheduler.o(i.run_scheduler) refers to time.o(.data) for TICKS
    priority_scheduler.o(i.run_scheduler) refers to priority_scheduler.o(.data) for runPtr
    priority_scheduler.o(i.run_scheduler) refers to priority_scheduler.o(.bss) for readyQueue
    priority_scheduler.o(i.suspend_task) refers to special_reg_access.o(.text) for __start_critical
    priority_scheduler.o(i.suspend_task) refers to priority_scheduler.o(i.find_task) for find_task
    priority_scheduler.o(i.suspend_task) refers to priority_scheduler.o(i.remove_from_queue) for remove_from_queue
    priority_scheduler.o(i.suspend_task) refers to priority_scheduler.o(i.add_to_queue) for add_to_queue
    priority_scheduler.o(i.suspend_task) refers to priority_scheduler.o(i.run_scheduler) for run_scheduler
    priority_scheduler.o(i.suspend_task) refers to priority_scheduler.o(.bss) for readyQueue
    priority_scheduler.o(i.suspend_task) refers to os.o(.data) for OS_RUNNING
    priority_scheduler.o(i.task_complete_handler) refers to special_reg_access.o(.text) for __get_control
    priority_scheduler.o(i.task_complete_handler) refers to priority_scheduler.o(i.delete_task) for delete_task
    priority_scheduler.o(i.task_complete_handler) refers to priority_scheduler.o(.data) for runPtr
    priority_scheduler.o(i.tcb_init) refers to priority_scheduler.o(i.create_task) for create_task
    priority_scheduler.o(i.tcb_init) refers to priority_scheduler.o(.bss) for readyQueue
    priority_scheduler.o(i.tcb_init) refers to os.o(i.os_sleep) for os_sleep
    priority_scheduler.o(i.update_counters) refers to priority_scheduler.o(i.resume_task) for resume_task
    priority_scheduler.o(i.update_counters) refers to priority_scheduler.o(i.run_scheduler) for run_scheduler
    priority_scheduler.o(i.update_counters) refers to priority_scheduler.o(.bss) for blockedQueue
    priority_scheduler.o(i.update_counters) refers to priority_scheduler.o(.data) for runPtr
    main.o(i.main) refers to main.o(i.testTask1) for testTask1
    main.o(i.main) refers to main.o(i.testTask2) for testTask2
    main.o(i.main) refers to main.o(i.testTask3) for testTask3
    main.o(i.main) refers to main.o(i.testTask4) for testTask4
    main.o(i.testTask1) refers to noretval__2printf.o(.text) for __2printf
    main.o(i.testTask2) refers to noretval__2printf.o(.text) for __2printf
    main.o(i.testTask3) refers to noretval__2printf.o(.text) for __2printf
    main.o(i.testTask4) refers to noretval__2printf.o(.text) for __2printf
    uart.o(i.uart_init) refers to time.o(.data) for SYSTEM_CLOCK_FREQ
    time.o(i.system_clock_config) refers to time.o(.data) for SYSTEM_CLOCK_FREQ
    time.o(i.systick_config) refers to time.o(.data) for TICKS
    startup.o(STACK) refers (Special) to heapauxi.o(.text) for __use_two_region_memory
    startup.o(HEAP) refers (Special) to heapauxi.o(.text) for __use_two_region_memory
    startup.o(RESET) refers (Special) to heapauxi.o(.text) for __use_two_region_memory
    startup.o(RESET) refers to startup.o(STACK) for __initial_sp
    startup.o(RESET) refers to startup.o(.text) for Reset_Handler
    startup.o(RESET) refers to os.o(i.SysTick_Handler) for SysTick_Handler
    startup.o(.text) refers (Special) to heapauxi.o(.text) for __use_two_region_memory
    startup.o(.text) refers to special_reg_access.o(.text) for __set_control
    startup.o(.text) refers to svc.o(i.SVC_Handler_C) for SVC_Handler_C
    startup.o(.text) refers to startup.o(STACK) for __initial_handler_sp
    startup.o(.text) refers to main.o(i.main) for main
    startup.o(.text) refers to priority_scheduler.o(.data) for svc_exc_return
    startup.o(.text) refers to startup.o(HEAP) for Heap_Mem
    __2printf.o(.text) refers to _printf_char_file.o(.text) for _printf_char_file
    __2printf.o(.text) refers to retarget.o(.data) for __stdout
    noretval__2printf.o(.text) refers to _printf_char_file.o(.text) for _printf_char_file
    noretval__2printf.o(.text) refers to retarget.o(.data) for __stdout
    exit.o(.text) refers to rtexit.o(.ARM.Collect$$rtexit$$00000000) for __rt_exit
    __main.o(!!!main) refers to __rtentry.o(.ARM.Collect$$rtentry$$00000000) for __rt_entry
    __rtentry.o(.ARM.Collect$$rtentry$$00000000) refers (Special) to __rtentry2.o(.ARM.Collect$$rtentry$$0000000A) for __rt_entry_li
    __rtentry.o(.ARM.Collect$$rtentry$$00000000) refers (Special) to __rtentry2.o(.ARM.Collect$$rtentry$$0000000D) for __rt_entry_main
    __rtentry.o(.ARM.Collect$$rtentry$$00000000) refers (Special) to __rtentry2.o(.ARM.Collect$$rtentry$$0000000C) for __rt_entry_postli_1
    __rtentry.o(.ARM.Collect$$rtentry$$00000000) refers (Special) to __rtentry2.o(.ARM.Collect$$rtentry$$00000009) for __rt_entry_postsh_1
    __rtentry.o(.ARM.Collect$$rtentry$$00000000) refers (Special) to __rtentry2.o(.ARM.Collect$$rtentry$$00000002) for __rt_entry_presh_1
    __rtentry.o(.ARM.Collect$$rtentry$$00000000) refers (Special) to __rtentry4.o(.ARM.Collect$$rtentry$$00000004) for __rt_entry_sh
    rtexit.o(.ARM.Collect$$rtexit$$00000000) refers (Special) to rtexit2.o(.ARM.Collect$$rtexit$$00000004) for __rt_exit_exit
    rtexit.o(.ARM.Collect$$rtexit$$00000000) refers (Special) to rtexit2.o(.ARM.Collect$$rtexit$$00000003) for __rt_exit_ls
    rtexit.o(.ARM.Collect$$rtexit$$00000000) refers (Special) to rtexit2.o(.ARM.Collect$$rtexit$$00000002) for __rt_exit_prels_1
    rtexit.o(.ARM.exidx) refers (Special) to rtexit2.o(.ARM.Collect$$rtexit$$00000004) for __rt_exit_exit
    rtexit.o(.ARM.exidx) refers (Special) to rtexit2.o(.ARM.Collect$$rtexit$$00000003) for __rt_exit_ls
    rtexit.o(.ARM.exidx) refers (Special) to rtexit2.o(.ARM.Collect$$rtexit$$00000002) for __rt_exit_prels_1
    rtexit.o(.ARM.exidx) refers to rtexit.o(.ARM.Collect$$rtexit$$00000000) for .ARM.Collect$$rtexit$$00000000
    _printf_char_file.o(.text) refers to _printf_char_common.o(.text) for _printf_char_common
    _printf_char_file.o(.text) refers to retarget.o(i.ferror) for ferror
    _printf_char_file.o(.text) refers to retarget.o(i.fputc) for fputc
    __rtentry2.o(.ARM.Collect$$rtentry$$00000008) refers to boardinit2.o(.text) for _platform_post_stackheap_init
    __rtentry2.o(.ARM.Collect$$rtentry$$0000000A) refers to libinit.o(.ARM.Collect$$libinit$$00000000) for __rt_lib_init
    __rtentry2.o(.ARM.Collect$$rtentry$$0000000B) refers to boardinit3.o(.text) for _platform_post_lib_init
    __rtentry2.o(.ARM.Collect$$rtentry$$0000000D) refers to main.o(i.main) for main
    __rtentry2.o(.ARM.Collect$$rtentry$$0000000D) refers to exit.o(.text) for exit
    __rtentry2.o(.ARM.exidx) refers to __rtentry2.o(.ARM.Collect$$rtentry$$00000001) for .ARM.Collect$$rtentry$$00000001
    __rtentry2.o(.ARM.exidx) refers to __rtentry2.o(.ARM.Collect$$rtentry$$00000008) for .ARM.Collect$$rtentry$$00000008
    __rtentry2.o(.ARM.exidx) refers to __rtentry2.o(.ARM.Collect$$rtentry$$0000000A) for .ARM.Collect$$rtentry$$0000000A
    __rtentry2.o(.ARM.exidx) refers to __rtentry2.o(.ARM.Collect$$rtentry$$0000000B) for .ARM.Collect$$rtentry$$0000000B
    __rtentry2.o(.ARM.exidx) refers to __rtentry2.o(.ARM.Collect$$rtentry$$0000000D) for .ARM.Collect$$rtentry$$0000000D
    __rtentry4.o(.ARM.Collect$$rtentry$$00000004) refers to sys_stackheap_outer.o(.text) for __user_setup_stackheap
    __rtentry4.o(.ARM.exidx) refers to __rtentry4.o(.ARM.Collect$$rtentry$$00000004) for .ARM.Collect$$rtentry$$00000004
    rtexit2.o(.ARM.Collect$$rtexit$$00000003) refers to libshutdown.o(.ARM.Collect$$libshutdown$$00000000) for __rt_lib_shutdown
    rtexit2.o(.ARM.Collect$$rtexit$$00000004) refers to retarget.o(i._sys_exit) for _sys_exit
    rtexit2.o(.ARM.exidx) refers to rtexit2.o(.ARM.Collect$$rtexit$$00000001) for .ARM.Collect$$rtexit$$00000001
    rtexit2.o(.ARM.exidx) refers to rtexit2.o(.ARM.Collect$$rtexit$$00000003) for .ARM.Collect$$rtexit$$00000003
    rtexit2.o(.ARM.exidx) refers to rtexit2.o(.ARM.Collect$$rtexit$$00000004) for .ARM.Collect$$rtexit$$00000004
    _printf_char_common.o(.text) refers to __printf_nopercent.o(.text) for __printf
    sys_stackheap_outer.o(.text) refers to libspace.o(.text) for __user_perproc_libspace
    sys_stackheap_outer.o(.text) refers to startup.o(.text) for __user_initial_stackheap
    libinit.o(.ARM.Collect$$libinit$$00000000) refers (Special) to libinit2.o(.ARM.Collect$$libinit$$0000002E) for __rt_lib_init_alloca_1
    libinit.o(.ARM.Collect$$libinit$$00000000) refers (Special) to libinit2.o(.ARM.Collect$$libinit$$0000002C) for __rt_lib_init_argv_1
    libinit.o(.ARM.Collect$$libinit$$00000000) refers (Special) to libinit2.o(.ARM.Collect$$libinit$$0000001B) for __rt_lib_init_atexit_1
    libinit.o(.ARM.Collect$$libinit$$00000000) refers (Special) to libinit2.o(.ARM.Collect$$libinit$$00000021) for __rt_lib_init_clock_1
    libinit.o(.ARM.Collect$$libinit$$00000000) refers (Special) to libinit2.o(.ARM.Collect$$libinit$$00000032) for __rt_lib_init_cpp_1
    libinit.o(.ARM.Collect$$libinit$$00000000) refers (Special) to libinit2.o(.ARM.Collect$$libinit$$00000030) for __rt_lib_init_exceptions_1
    libinit.o(.ARM.Collect$$libinit$$00000000) refers (Special) to libinit2.o(.ARM.Collect$$libinit$$00000001) for __rt_lib_init_fp_1
    libinit.o(.ARM.Collect$$libinit$$00000000) refers (Special) to libinit2.o(.ARM.Collect$$libinit$$0000001F) for __rt_lib_init_fp_trap_1
    libinit.o(.ARM.Collect$$libinit$$00000000) refers (Special) to libinit2.o(.ARM.Collect$$libinit$$00000023) for __rt_lib_init_getenv_1
    libinit.o(.ARM.Collect$$libinit$$00000000) refers (Special) to libinit2.o(.ARM.Collect$$libinit$$0000000A) for __rt_lib_init_heap_1
    libinit.o(.ARM.Collect$$libinit$$00000000) refers (Special) to libinit2.o(.ARM.Collect$$libinit$$00000011) for __rt_lib_init_lc_collate_1
    libinit.o(.ARM.Collect$$libinit$$00000000) refers (Special) to libinit2.o(.ARM.Collect$$libinit$$00000013) for __rt_lib_init_lc_ctype_1
    libinit.o(.ARM.Collect$$libinit$$00000000) refers (Special) to libinit2.o(.ARM.Collect$$libinit$$00000015) for __rt_lib_init_lc_monetary_1
    libinit.o(.ARM.Collect$$libinit$$00000000) refers (Special) to libinit2.o(.ARM.Collect$$libinit$$00000017) for __rt_lib_init_lc_numeric_1
    libinit.o(.ARM.Collect$$libinit$$00000000) refers (Special) to libinit2.o(.ARM.Collect$$libinit$$00000019) for __rt_lib_init_lc_time_1
    libinit.o(.ARM.Collect$$libinit$$00000000) refers (Special) to libinit2.o(.ARM.Collect$$libinit$$00000004) for __rt_lib_init_preinit_1
    libinit.o(.ARM.Collect$$libinit$$00000000) refers (Special) to libinit2.o(.ARM.Collect$$libinit$$0000000E) for __rt_lib_init_rand_1
    libinit.o(.ARM.Collect$$libinit$$00000000) refers (Special) to libinit2.o(.ARM.Collect$$libinit$$00000033) for __rt_lib_init_return
    libinit.o(.ARM.Collect$$libinit$$00000000) refers (Special) to libinit2.o(.ARM.Collect$$libinit$$0000001D) for __rt_lib_init_signal_1
    libinit.o(.ARM.Collect$$libinit$$00000000) refers (Special) to libinit2.o(.ARM.Collect$$libinit$$00000025) for __rt_lib_init_stdio_1
    libinit.o(.ARM.Collect$$libinit$$00000000) refers (Special) to libinit2.o(.ARM.Collect$$libinit$$0000000C) for __rt_lib_init_user_alloc_1
    libshutdown.o(.ARM.Collect$$libshutdown$$00000000) refers (Special) to libshutdown2.o(.ARM.Collect$$libshutdown$$00000002) for __rt_lib_shutdown_cpp_1
    libshutdown.o(.ARM.Collect$$libshutdown$$00000000) refers (Special) to libshutdown2.o(.ARM.Collect$$libshutdown$$00000007) for __rt_lib_shutdown_fp_trap_1
    libshutdown.o(.ARM.Collect$$libshutdown$$00000000) refers (Special) to libshutdown2.o(.ARM.Collect$$libshutdown$$0000000F) for __rt_lib_shutdown_heap_1
    libshutdown.o(.ARM.Collect$$libshutdown$$00000000) refers (Special) to libshutdown2.o(.ARM.Collect$$libshutdown$$00000010) for __rt_lib_shutdown_return
    libshutdown.o(.ARM.Collect$$libshutdown$$00000000) refers (Special) to libshutdown2.o(.ARM.Collect$$libshutdown$$0000000A) for __rt_lib_shutdown_signal_1
    libshutdown.o(.ARM.Collect$$libshutdown$$00000000) refers (Special) to libshutdown2.o(.ARM.Collect$$libshutdown$$00000004) for __rt_lib_shutdown_stdio_1
    libshutdown.o(.ARM.Collect$$libshutdown$$00000000) refers (Special) to libshutdown2.o(.ARM.Collect$$libshutdown$$0000000C) for __rt_lib_shutdown_user_alloc_1
    libspace.o(.text) refers to libspace.o(.bss) for __libspace_start
    libinit2.o(.ARM.Collect$$libinit$$00000001) refers to fpinit.o(x$fpl$fpinit) for _fp_init
    libinit2.o(.ARM.Collect$$libinit$$00000010) refers to libinit2.o(.ARM.Collect$$libinit$$0000000F) for .ARM.Collect$$libinit$$0000000F
    libinit2.o(.ARM.Collect$$libinit$$00000012) refers to libinit2.o(.ARM.Collect$$libinit$$0000000F) for .ARM.Collect$$libinit$$0000000F
    libinit2.o(.ARM.Collect$$libinit$$00000014) refers to libinit2.o(.ARM.Collect$$libinit$$0000000F) for .ARM.Collect$$libinit$$0000000F
    libinit2.o(.ARM.Collect$$libinit$$00000016) refers to libinit2.o(.ARM.Collect$$libinit$$0000000F) for .ARM.Collect$$libinit$$0000000F
    libinit2.o(.ARM.Collect$$libinit$$00000018) refers to libinit2.o(.ARM.Collect$$libinit$$0000000F) for .ARM.Collect$$libinit$$0000000F
    libinit2.o(.ARM.Collect$$libinit$$00000026) refers to argv_veneer.o(.emb_text) for __ARM_argv_veneer
    libinit2.o(.ARM.Collect$$libinit$$00000027) refers to argv_veneer.o(.emb_text) for __ARM_argv_veneer
    argv_veneer.o(.emb_text) refers to no_argv.o(.text) for __ARM_get_argv
    _get_argv_nomalloc.o(.text) refers (Special) to hrguard.o(.text) for __heap_region$guard
    _get_argv_nomalloc.o(.text) refers to defsig_rtmem_outer.o(.text) for __rt_SIGRTMEM
    _get_argv_nomalloc.o(.text) refers to sys_command.o(.text) for _sys_command_string
    sys_command.o(.text) refers (Special) to use_no_semi.o(.text) for __I$use$semihosting
    sys_command.o(.text) refers (Special) to indicate_semi.o(.text) for __semihosting_library_function
    defsig_rtmem_outer.o(.text) refers to defsig_rtmem_inner.o(.text) for __rt_SIGRTMEM_inner
    defsig_rtmem_outer.o(.text) refers to defsig_exit.o(.text) for __sig_exit
    defsig_rtmem_formal.o(.text) refers to rt_raise.o(.text) for __rt_raise
    rt_raise.o(.text) refers to __raise.o(.text) for __raise
    rt_raise.o(.text) refers to retarget.o(i._sys_exit) for _sys_exit
    defsig_exit.o(.text) refers to retarget.o(i._sys_exit) for _sys_exit
    defsig_rtmem_inner.o(.text) refers to defsig_general.o(.text) for __default_signal_display
    __raise.o(.text) refers to defsig.o(CL$$defsig) for __default_signal_handler
    defsig_general.o(.text) refers to retarget.o(i._ttywrch) for _ttywrch
    defsig.o(CL$$defsig) refers to defsig_rtmem_inner.o(.text) for __rt_SIGRTMEM_inner
    defsig_abrt_inner.o(.text) refers to defsig_general.o(.text) for __default_signal_display
    defsig_fpe_inner.o(.text) refers to defsig_general.o(.text) for __default_signal_display
    defsig_rtred_inner.o(.text) refers to defsig_general.o(.text) for __default_signal_display
    defsig_stak_inner.o(.text) refers to defsig_general.o(.text) for __default_signal_display
    defsig_pvfn_inner.o(.text) refers to defsig_general.o(.text) for __default_signal_display
    defsig_cppl_inner.o(.text) refers to defsig_general.o(.text) for __default_signal_display
    defsig_segv_inner.o(.text) refers to defsig_general.o(.text) for __default_signal_display
    defsig_other.o(.text) refers to defsig_general.o(.text) for __default_signal_display


==============================================================================

Removing Unused input sections from the image.

    Removing fifo.o(i.fifo_get), (52 bytes).
    Removing fifo.o(i.fifo_put), (66 bytes).
    Removing fifo.o(i.remove_fifo), (18 bytes).
    Removing fifo.o(i.request_fifo), (84 bytes).
    Removing retarget.o(i._ttywrch), (10 bytes).
    Removing retarget.o(i.fgetc), (8 bytes).
    Removing nvic.o(i.nvic_clear_pending), (36 bytes).
    Removing nvic.o(i.nvic_disable_irq), (36 bytes).
    Removing nvic.o(i.nvic_enable_irq), (40 bytes).
    Removing nvic.o(i.nvic_get_priority), (36 bytes).
    Removing nvic.o(i.nvic_read_active), (36 bytes).
    Removing nvic.o(i.nvic_set_pending), (36 bytes).

12 unused section(s) (total 458 bytes) removed from the image.

==============================================================================

Image Symbol Table

    Local Symbols

    Symbol Name                              Value     Ov Type        Size  Object(Section)

    RESET                                    0x00000000   Section      620  startup.o(RESET)
    ../clib/angel/boardlib.s                 0x00000000   Number         0  boardinit2.o ABSOLUTE
    ../clib/angel/boardlib.s                 0x00000000   Number         0  boardshut.o ABSOLUTE
    ../clib/angel/boardlib.s                 0x00000000   Number         0  boardinit3.o ABSOLUTE
    ../clib/angel/boardlib.s                 0x00000000   Number         0  boardinit1.o ABSOLUTE
    ../clib/angel/handlers.s                 0x00000000   Number         0  __scatter_copy.o ABSOLUTE
    ../clib/angel/handlers.s                 0x00000000   Number         0  __scatter_zi.o ABSOLUTE
    ../clib/angel/kernel.s                   0x00000000   Number         0  __rtentry.o ABSOLUTE
    ../clib/angel/kernel.s                   0x00000000   Number         0  rtexit.o ABSOLUTE
    ../clib/angel/kernel.s                   0x00000000   Number         0  __rtentry2.o ABSOLUTE
    ../clib/angel/kernel.s                   0x00000000   Number         0  rtexit2.o ABSOLUTE
    ../clib/angel/kernel.s                   0x00000000   Number         0  __rtentry4.o ABSOLUTE
    ../clib/angel/rt.s                       0x00000000   Number         0  rt_raise.o ABSOLUTE
    ../clib/angel/scatter.s                  0x00000000   Number         0  __scatter.o ABSOLUTE
    ../clib/angel/startup.s                  0x00000000   Number         0  __main.o ABSOLUTE
    ../clib/angel/sys.s                      0x00000000   Number         0  use_no_semi.o ABSOLUTE
    ../clib/angel/sys.s                      0x00000000   Number         0  indicate_semi.o ABSOLUTE
    ../clib/angel/sys.s                      0x00000000   Number         0  libspace.o ABSOLUTE
    ../clib/angel/sys.s                      0x00000000   Number         0  sys_stackheap_outer.o ABSOLUTE
    ../clib/angel/sysapp.c                   0x00000000   Number         0  sys_command.o ABSOLUTE
    ../clib/armsys.c                         0x00000000   Number         0  argv_veneer.o ABSOLUTE
    ../clib/armsys.c                         0x00000000   Number         0  _get_argv_nomalloc.o ABSOLUTE
    ../clib/armsys.c                         0x00000000   Number         0  no_argv.o ABSOLUTE
    ../clib/armsys.c                         0x00000000   Number         0  argv_veneer.o ABSOLUTE
    ../clib/heapalloc.c                      0x00000000   Number         0  hrguard.o ABSOLUTE
    ../clib/heapaux.c                        0x00000000   Number         0  heapauxi.o ABSOLUTE
    ../clib/libinit.s                        0x00000000   Number         0  libshutdown.o ABSOLUTE
    ../clib/libinit.s                        0x00000000   Number         0  libinit.o ABSOLUTE
    ../clib/libinit.s                        0x00000000   Number         0  libinit2.o ABSOLUTE
    ../clib/libinit.s                        0x00000000   Number         0  libshutdown2.o ABSOLUTE
    ../clib/printf.c                         0x00000000   Number         0  __2printf.o ABSOLUTE
    ../clib/printf.c                         0x00000000   Number         0  noretval__2printf.o ABSOLUTE
    ../clib/printf.c                         0x00000000   Number         0  _printf_char_file.o ABSOLUTE
    ../clib/printf.c                         0x00000000   Number         0  _printf_char_common.o ABSOLUTE
    ../clib/printf.c                         0x00000000   Number         0  __printf_nopercent.o ABSOLUTE
    ../clib/signal.c                         0x00000000   Number         0  defsig_cppl_inner.o ABSOLUTE
    ../clib/signal.c                         0x00000000   Number         0  defsig_pvfn_inner.o ABSOLUTE
    ../clib/signal.c                         0x00000000   Number         0  defsig_stak_inner.o ABSOLUTE
    ../clib/signal.c                         0x00000000   Number         0  defsig_rtmem_outer.o ABSOLUTE
    ../clib/signal.c                         0x00000000   Number         0  defsig_rtred_inner.o ABSOLUTE
    ../clib/signal.c                         0x00000000   Number         0  defsig_fpe_inner.o ABSOLUTE
    ../clib/signal.c                         0x00000000   Number         0  defsig_abrt_inner.o ABSOLUTE
    ../clib/signal.c                         0x00000000   Number         0  defsig_general.o ABSOLUTE
    ../clib/signal.c                         0x00000000   Number         0  __raise.o ABSOLUTE
    ../clib/signal.c                         0x00000000   Number         0  defsig_rtmem_inner.o ABSOLUTE
    ../clib/signal.c                         0x00000000   Number         0  defsig_exit.o ABSOLUTE
    ../clib/signal.c                         0x00000000   Number         0  defsig_other.o ABSOLUTE
    ../clib/signal.c                         0x00000000   Number         0  defsig_segv_inner.o ABSOLUTE
    ../clib/signal.c                         0x00000000   Number         0  defsig_rtmem_formal.o ABSOLUTE
    ../clib/signal.s                         0x00000000   Number         0  defsig.o ABSOLUTE
    ../clib/stdlib.c                         0x00000000   Number         0  exit.o ABSOLUTE
    ../fplib/fpinit.s                        0x00000000   Number         0  fpinit.o ABSOLUTE
    dc.s                                     0x00000000   Number         0  dc.o ABSOLUTE
    fifo.c                                   0x00000000   Number         0  fifo.o ABSOLUTE
    heap.c                                   0x00000000   Number         0  heap.o ABSOLUTE
    main.c                                   0x00000000   Number         0  main.o ABSOLUTE
    nvic.c                                   0x00000000   Number         0  nvic.o ABSOLUTE
    os.c                                     0x00000000   Number         0  os.o ABSOLUTE
    priority_scheduler.c                     0x00000000   Number         0  priority_scheduler.o ABSOLUTE
    retarget.c                               0x00000000   Number         0  retarget.o ABSOLUTE
    special_reg_access.s                     0x00000000   Number         0  special_reg_access.o ABSOLUTE
    startup.s                                0x00000000   Number         0  startup.o ABSOLUTE
    svc.c                                    0x00000000   Number         0  svc.o ABSOLUTE
    time.c                                   0x00000000   Number         0  time.o ABSOLUTE
    uart.c                                   0x00000000   Number         0  uart.o ABSOLUTE
    !!!main                                  0x0000026c   Section        8  __main.o(!!!main)
    !!!scatter                               0x00000274   Section       52  __scatter.o(!!!scatter)
    !!handler_copy                           0x000002a8   Section       26  __scatter_copy.o(!!handler_copy)
    !!handler_zi                             0x000002c4   Section       28  __scatter_zi.o(!!handler_zi)
    .ARM.Collect$$libinit$$00000000          0x000002e0   Section        2  libinit.o(.ARM.Collect$$libinit$$00000000)
    .ARM.Collect$$libinit$$00000001          0x000002e2   Section        4  libinit2.o(.ARM.Collect$$libinit$$00000001)
    .ARM.Collect$$libinit$$00000004          0x000002e6   Section        0  libinit2.o(.ARM.Collect$$libinit$$00000004)
    .ARM.Collect$$libinit$$0000000A          0x000002e6   Section        0  libinit2.o(.ARM.Collect$$libinit$$0000000A)
    .ARM.Collect$$libinit$$0000000C          0x000002e6   Section        0  libinit2.o(.ARM.Collect$$libinit$$0000000C)
    .ARM.Collect$$libinit$$0000000E          0x000002e6   Section        0  libinit2.o(.ARM.Collect$$libinit$$0000000E)
    .ARM.Collect$$libinit$$00000011          0x000002e6   Section        0  libinit2.o(.ARM.Collect$$libinit$$00000011)
    .ARM.Collect$$libinit$$00000013          0x000002e6   Section        0  libinit2.o(.ARM.Collect$$libinit$$00000013)
    .ARM.Collect$$libinit$$00000015          0x000002e6   Section        0  libinit2.o(.ARM.Collect$$libinit$$00000015)
    .ARM.Collect$$libinit$$00000017          0x000002e6   Section        0  libinit2.o(.ARM.Collect$$libinit$$00000017)
    .ARM.Collect$$libinit$$00000019          0x000002e6   Section        0  libinit2.o(.ARM.Collect$$libinit$$00000019)
    .ARM.Collect$$libinit$$0000001B          0x000002e6   Section        0  libinit2.o(.ARM.Collect$$libinit$$0000001B)
    .ARM.Collect$$libinit$$0000001D          0x000002e6   Section        0  libinit2.o(.ARM.Collect$$libinit$$0000001D)
    .ARM.Collect$$libinit$$0000001F          0x000002e6   Section        0  libinit2.o(.ARM.Collect$$libinit$$0000001F)
    .ARM.Collect$$libinit$$00000021          0x000002e6   Section        0  libinit2.o(.ARM.Collect$$libinit$$00000021)
    .ARM.Collect$$libinit$$00000023          0x000002e6   Section        0  libinit2.o(.ARM.Collect$$libinit$$00000023)
    .ARM.Collect$$libinit$$00000025          0x000002e6   Section        0  libinit2.o(.ARM.Collect$$libinit$$00000025)
    .ARM.Collect$$libinit$$0000002C          0x000002e6   Section        0  libinit2.o(.ARM.Collect$$libinit$$0000002C)
    .ARM.Collect$$libinit$$0000002E          0x000002e6   Section        0  libinit2.o(.ARM.Collect$$libinit$$0000002E)
    .ARM.Collect$$libinit$$00000030          0x000002e6   Section        0  libinit2.o(.ARM.Collect$$libinit$$00000030)
    .ARM.Collect$$libinit$$00000032          0x000002e6   Section        0  libinit2.o(.ARM.Collect$$libinit$$00000032)
    .ARM.Collect$$libinit$$00000033          0x000002e6   Section        2  libinit2.o(.ARM.Collect$$libinit$$00000033)
    .ARM.Collect$$libshutdown$$00000000      0x000002e8   Section        2  libshutdown.o(.ARM.Collect$$libshutdown$$00000000)
    .ARM.Collect$$libshutdown$$00000002      0x000002ea   Section        0  libshutdown2.o(.ARM.Collect$$libshutdown$$00000002)
    .ARM.Collect$$libshutdown$$00000004      0x000002ea   Section        0  libshutdown2.o(.ARM.Collect$$libshutdown$$00000004)
    .ARM.Collect$$libshutdown$$00000007      0x000002ea   Section        0  libshutdown2.o(.ARM.Collect$$libshutdown$$00000007)
    .ARM.Collect$$libshutdown$$0000000A      0x000002ea   Section        0  libshutdown2.o(.ARM.Collect$$libshutdown$$0000000A)
    .ARM.Collect$$libshutdown$$0000000C      0x000002ea   Section        0  libshutdown2.o(.ARM.Collect$$libshutdown$$0000000C)
    .ARM.Collect$$libshutdown$$0000000F      0x000002ea   Section        0  libshutdown2.o(.ARM.Collect$$libshutdown$$0000000F)
    .ARM.Collect$$libshutdown$$00000010      0x000002ea   Section        2  libshutdown2.o(.ARM.Collect$$libshutdown$$00000010)
    .ARM.Collect$$rtentry$$00000000          0x000002ec   Section        0  __rtentry.o(.ARM.Collect$$rtentry$$00000000)
    .ARM.Collect$$rtentry$$00000002          0x000002ec   Section        0  __rtentry2.o(.ARM.Collect$$rtentry$$00000002)
    .ARM.Collect$$rtentry$$00000004          0x000002ec   Section        6  __rtentry4.o(.ARM.Collect$$rtentry$$00000004)
    .ARM.Collect$$rtentry$$00000009          0x000002f2   Section        0  __rtentry2.o(.ARM.Collect$$rtentry$$00000009)
    .ARM.Collect$$rtentry$$0000000A          0x000002f2   Section        4  __rtentry2.o(.ARM.Collect$$rtentry$$0000000A)
    .ARM.Collect$$rtentry$$0000000C          0x000002f6   Section        0  __rtentry2.o(.ARM.Collect$$rtentry$$0000000C)
    .ARM.Collect$$rtentry$$0000000D          0x000002f6   Section        8  __rtentry2.o(.ARM.Collect$$rtentry$$0000000D)
    .ARM.Collect$$rtexit$$00000000           0x000002fe   Section        2  rtexit.o(.ARM.Collect$$rtexit$$00000000)
    .ARM.Collect$$rtexit$$00000002           0x00000300   Section        0  rtexit2.o(.ARM.Collect$$rtexit$$00000002)
    .ARM.Collect$$rtexit$$00000003           0x00000300   Section        4  rtexit2.o(.ARM.Collect$$rtexit$$00000003)
    .ARM.Collect$$rtexit$$00000004           0x00000304   Section        6  rtexit2.o(.ARM.Collect$$rtexit$$00000004)
    .text                                    0x0000030c   Section      112  special_reg_access.o(.text)
    $v0                                      0x0000030c   Number         0  special_reg_access.o(.text)
    .text                                    0x0000037c   Section      192  startup.o(.text)
    $v0                                      0x0000037c   Number         0  startup.o(.text)
    SVC_Handler                              0x00000399   Thumb Code    32  startup.o(.text)
    .text                                    0x0000043c   Section        2  use_no_semi.o(.text)
    .text                                    0x00000440   Section        0  noretval__2printf.o(.text)
    .text                                    0x00000458   Section        0  exit.o(.text)
    .text                                    0x0000046a   Section        0  heapauxi.o(.text)
    .text                                    0x00000470   Section        0  _printf_char_file.o(.text)
    .text                                    0x00000494   Section        0  _printf_char_common.o(.text)
    _printf_input_char                       0x00000495   Thumb Code    10  _printf_char_common.o(.text)
    .text                                    0x000004c4   Section       74  sys_stackheap_outer.o(.text)
    .text                                    0x0000050e   Section        0  __printf_nopercent.o(.text)
    .text                                    0x00000538   Section        8  libspace.o(.text)
    i.SVC_Handler_C                          0x00000540   Section        0  svc.o(i.SVC_Handler_C)
    i.SysTick_Handler                        0x000005bc   Section        0  os.o(i.SysTick_Handler)
    i._sys_exit                              0x000005fc   Section        0  retarget.o(i._sys_exit)
    i.add_to_queue                           0x00000614   Section        0  priority_scheduler.o(i.add_to_queue)
    i.align_byte_number                      0x00000622   Section        0  heap.o(i.align_byte_number)
    i.create_task                            0x00000630   Section        0  priority_scheduler.o(i.create_task)
    i.delete_task                            0x000007cc   Section        0  priority_scheduler.o(i.delete_task)
    i.ferror                                 0x00000860   Section        0  retarget.o(i.ferror)
    i.find_task                              0x00000868   Section        0  priority_scheduler.o(i.find_task)
    i.fputc                                  0x00000898   Section        0  retarget.o(i.fputc)
    i.free                                   0x000008b8   Section        0  heap.o(i.free)
    i.heap_init                              0x000008e4   Section        0  heap.o(i.heap_init)
    i.insert_free_block                      0x0000091c   Section        0  heap.o(i.insert_free_block)
    i.main                                   0x00000938   Section        0  main.o(i.main)
    i.malloc                                 0x00000980   Section        0  heap.o(i.malloc)
    i.nvic_set_priority                      0x00000a04   Section        0  nvic.o(i.nvic_set_priority)
    i.os_init                                0x00000a2c   Section        0  os.o(i.os_init)
    i.os_sleep                               0x00000a84   Section        0  os.o(i.os_sleep)
    i.os_start                               0x00000a8c   Section        0  os.o(i.os_start)
    i.remove_from_queue                      0x00000afc   Section        0  priority_scheduler.o(i.remove_from_queue)
    i.resume_task                            0x00000b18   Section        0  priority_scheduler.o(i.resume_task)
    i.run_scheduler                          0x00000b6c   Section        0  priority_scheduler.o(i.run_scheduler)
    i.suspend_task                           0x00000c00   Section        0  priority_scheduler.o(i.suspend_task)
    i.system_clock_config                    0x00000c74   Section        0  time.o(i.system_clock_config)
    i.systick_config                         0x00000d4c   Section        0  time.o(i.systick_config)
    i.task_complete_handler                  0x00000d74   Section        0  priority_scheduler.o(i.task_complete_handler)
    i.tcb_init                               0x00000d9c   Section        0  priority_scheduler.o(i.tcb_init)
    i.testTask1                              0x00000dd0   Section        0  main.o(i.testTask1)
    i.testTask2                              0x00000de0   Section        0  main.o(i.testTask2)
    i.testTask3                              0x00000df0   Section        0  main.o(i.testTask3)
    i.testTask4                              0x00000e00   Section        0  main.o(i.testTask4)
    i.uart_get_char                          0x00000e10   Section        0  uart.o(i.uart_get_char)
    i.uart_init                              0x00000e2c   Section        0  uart.o(i.uart_init)
    i.uart_send_char                         0x00000f18   Section        0  uart.o(i.uart_send_char)
    i.update_counters                        0x00000f30   Section        0  priority_scheduler.o(i.update_counters)
    x$fpl$fpinit                             0x00000fb8   Section       10  fpinit.o(x$fpl$fpinit)
    $v0                                      0x00000fb8   Number         0  fpinit.o(x$fpl$fpinit)
    .data                                    0x20000000   Section       20  heap.o(.data)
    bytesUsed                                0x20000000   Data           4  heap.o(.data)
    .data                                    0x20000014   Section        4  os.o(.data)
    .data                                    0x20000018   Section        8  retarget.o(.data)
    .data                                    0x20000020   Section        8  priority_scheduler.o(.data)
    .data                                    0x20000028   Section       16  time.o(.data)
    .bss                                     0x20000038   Section    20000  heap.o(.bss)
    heap                                     0x20000038   Data       20000  heap.o(.bss)
    .bss                                     0x20004e58   Section       88  priority_scheduler.o(.bss)
    .bss                                     0x20004eb0   Section       96  libspace.o(.bss)
    HEAP                                     0x20004f10   Section      128  startup.o(HEAP)
    Heap_Mem                                 0x20004f10   Data         128  startup.o(HEAP)
    STACK                                    0x20004f90   Section     1536  startup.o(STACK)
    Handler_Stack                            0x20004f90   Data         256  startup.o(STACK)
    __initial_handler_sp                     0x20005090   Data           0  startup.o(STACK)
    __initial_sp                             0x20005590   Data           0  startup.o(STACK)

    Global Symbols

    Symbol Name                              Value     Ov Type        Size  Object(Section)

    BuildAttributes$$THM_ISAv4$E$P$D$K$B$S$7EM$VFPi3$EXTD16$VFPS$VFMA$PE$A:L22UL41UL21$X:L11$S22US41US21$IEEE1$IW$USESV6$~STKCKD$USESV7$~SHL$OSPACE$ROPI$EBA8$UX$STANDARDLIB$REQ8$PRES8$EABIv2 0x00000000   Number         0  anon$$obj.o ABSOLUTE
    __ARM_use_no_argv                        0x00000000   Number         0  main.o ABSOLUTE
    __Vectors                                0x00000000   Data           4  startup.o(RESET)
    __ARM_exceptions_init                     - Undefined Weak Reference
    __alloca_initialize                       - Undefined Weak Reference
    __arm_preinit_                            - Undefined Weak Reference
    __cpp_initialize__aeabi_                  - Undefined Weak Reference
    __cxa_finalize                            - Undefined Weak Reference
    __rt_locale                               - Undefined Weak Reference
    __sigvec_lookup                           - Undefined Weak Reference
    _atexit_init                              - Undefined Weak Reference
    _call_atexit_fns                          - Undefined Weak Reference
    _clock_init                               - Undefined Weak Reference
    _fp_trap_init                             - Undefined Weak Reference
    _fp_trap_shutdown                         - Undefined Weak Reference
    _get_lc_collate                           - Undefined Weak Reference
    _get_lc_ctype                             - Undefined Weak Reference
    _get_lc_monetary                          - Undefined Weak Reference
    _get_lc_numeric                           - Undefined Weak Reference
    _get_lc_time                              - Undefined Weak Reference
    _getenv_init                              - Undefined Weak Reference
    _handle_redirection                       - Undefined Weak Reference
    _init_alloc                               - Undefined Weak Reference
    _init_user_alloc                          - Undefined Weak Reference
    _initio                                   - Undefined Weak Reference
    _rand_init                                - Undefined Weak Reference
    _signal_finish                            - Undefined Weak Reference
    _signal_init                              - Undefined Weak Reference
    _terminate_alloc                          - Undefined Weak Reference
    _terminate_user_alloc                     - Undefined Weak Reference
    _terminateio                              - Undefined Weak Reference
    Heap_Size                                0x00000080   Number         0  startup.o ABSOLUTE
    __main                                   0x0000026d   Thumb Code     8  __main.o(!!!main)
    __scatterload                            0x00000275   Thumb Code     0  __scatter.o(!!!scatter)
    __scatterload_rt2                        0x00000275   Thumb Code    44  __scatter.o(!!!scatter)
    __scatterload_rt2_thumb_only             0x00000275   Thumb Code     0  __scatter.o(!!!scatter)
    __scatterload_null                       0x00000283   Thumb Code     0  __scatter.o(!!!scatter)
    __scatterload_copy                       0x000002a9   Thumb Code    26  __scatter_copy.o(!!handler_copy)
    __scatterload_zeroinit                   0x000002c5   Thumb Code    28  __scatter_zi.o(!!handler_zi)
    __rt_lib_init                            0x000002e1   Thumb Code     0  libinit.o(.ARM.Collect$$libinit$$00000000)
    __rt_lib_init_fp_1                       0x000002e3   Thumb Code     0  libinit2.o(.ARM.Collect$$libinit$$00000001)
    __rt_lib_init_alloca_1                   0x000002e7   Thumb Code     0  libinit2.o(.ARM.Collect$$libinit$$0000002E)
    __rt_lib_init_argv_1                     0x000002e7   Thumb Code     0  libinit2.o(.ARM.Collect$$libinit$$0000002C)
    __rt_lib_init_atexit_1                   0x000002e7   Thumb Code     0  libinit2.o(.ARM.Collect$$libinit$$0000001B)
    __rt_lib_init_clock_1                    0x000002e7   Thumb Code     0  libinit2.o(.ARM.Collect$$libinit$$00000021)
    __rt_lib_init_cpp_1                      0x000002e7   Thumb Code     0  libinit2.o(.ARM.Collect$$libinit$$00000032)
    __rt_lib_init_exceptions_1               0x000002e7   Thumb Code     0  libinit2.o(.ARM.Collect$$libinit$$00000030)
    __rt_lib_init_fp_trap_1                  0x000002e7   Thumb Code     0  libinit2.o(.ARM.Collect$$libinit$$0000001F)
    __rt_lib_init_getenv_1                   0x000002e7   Thumb Code     0  libinit2.o(.ARM.Collect$$libinit$$00000023)
    __rt_lib_init_heap_1                     0x000002e7   Thumb Code     0  libinit2.o(.ARM.Collect$$libinit$$0000000A)
    __rt_lib_init_lc_collate_1               0x000002e7   Thumb Code     0  libinit2.o(.ARM.Collect$$libinit$$00000011)
    __rt_lib_init_lc_ctype_1                 0x000002e7   Thumb Code     0  libinit2.o(.ARM.Collect$$libinit$$00000013)
    __rt_lib_init_lc_monetary_1              0x000002e7   Thumb Code     0  libinit2.o(.ARM.Collect$$libinit$$00000015)
    __rt_lib_init_lc_numeric_1               0x000002e7   Thumb Code     0  libinit2.o(.ARM.Collect$$libinit$$00000017)
    __rt_lib_init_lc_time_1                  0x000002e7   Thumb Code     0  libinit2.o(.ARM.Collect$$libinit$$00000019)
    __rt_lib_init_preinit_1                  0x000002e7   Thumb Code     0  libinit2.o(.ARM.Collect$$libinit$$00000004)
    __rt_lib_init_rand_1                     0x000002e7   Thumb Code     0  libinit2.o(.ARM.Collect$$libinit$$0000000E)
    __rt_lib_init_return                     0x000002e7   Thumb Code     0  libinit2.o(.ARM.Collect$$libinit$$00000033)
    __rt_lib_init_signal_1                   0x000002e7   Thumb Code     0  libinit2.o(.ARM.Collect$$libinit$$0000001D)
    __rt_lib_init_stdio_1                    0x000002e7   Thumb Code     0  libinit2.o(.ARM.Collect$$libinit$$00000025)
    __rt_lib_init_user_alloc_1               0x000002e7   Thumb Code     0  libinit2.o(.ARM.Collect$$libinit$$0000000C)
    __rt_lib_shutdown                        0x000002e9   Thumb Code     0  libshutdown.o(.ARM.Collect$$libshutdown$$00000000)
    __rt_lib_shutdown_cpp_1                  0x000002eb   Thumb Code     0  libshutdown2.o(.ARM.Collect$$libshutdown$$00000002)
    __rt_lib_shutdown_fp_trap_1              0x000002eb   Thumb Code     0  libshutdown2.o(.ARM.Collect$$libshutdown$$00000007)
    __rt_lib_shutdown_heap_1                 0x000002eb   Thumb Code     0  libshutdown2.o(.ARM.Collect$$libshutdown$$0000000F)
    __rt_lib_shutdown_return                 0x000002eb   Thumb Code     0  libshutdown2.o(.ARM.Collect$$libshutdown$$00000010)
    __rt_lib_shutdown_signal_1               0x000002eb   Thumb Code     0  libshutdown2.o(.ARM.Collect$$libshutdown$$0000000A)
    __rt_lib_shutdown_stdio_1                0x000002eb   Thumb Code     0  libshutdown2.o(.ARM.Collect$$libshutdown$$00000004)
    __rt_lib_shutdown_user_alloc_1           0x000002eb   Thumb Code     0  libshutdown2.o(.ARM.Collect$$libshutdown$$0000000C)
    __rt_entry                               0x000002ed   Thumb Code     0  __rtentry.o(.ARM.Collect$$rtentry$$00000000)
    __rt_entry_presh_1                       0x000002ed   Thumb Code     0  __rtentry2.o(.ARM.Collect$$rtentry$$00000002)
    __rt_entry_sh                            0x000002ed   Thumb Code     0  __rtentry4.o(.ARM.Collect$$rtentry$$00000004)
    __rt_entry_li                            0x000002f3   Thumb Code     0  __rtentry2.o(.ARM.Collect$$rtentry$$0000000A)
    __rt_entry_postsh_1                      0x000002f3   Thumb Code     0  __rtentry2.o(.ARM.Collect$$rtentry$$00000009)
    __rt_entry_main                          0x000002f7   Thumb Code     0  __rtentry2.o(.ARM.Collect$$rtentry$$0000000D)
    __rt_entry_postli_1                      0x000002f7   Thumb Code     0  __rtentry2.o(.ARM.Collect$$rtentry$$0000000C)
    __rt_exit                                0x000002ff   Thumb Code     0  rtexit.o(.ARM.Collect$$rtexit$$00000000)
    __rt_exit_ls                             0x00000301   Thumb Code     0  rtexit2.o(.ARM.Collect$$rtexit$$00000003)
    __rt_exit_prels_1                        0x00000301   Thumb Code     0  rtexit2.o(.ARM.Collect$$rtexit$$00000002)
    __rt_exit_exit                           0x00000305   Thumb Code     0  rtexit2.o(.ARM.Collect$$rtexit$$00000004)
    __disable_irqs                           0x0000030d   Thumb Code     4  special_reg_access.o(.text)
    __enable_irqs                            0x00000311   Thumb Code     4  special_reg_access.o(.text)
    __set_base_prio                          0x00000315   Thumb Code     6  special_reg_access.o(.text)
    __get_base_prio                          0x0000031b   Thumb Code     6  special_reg_access.o(.text)
    __set_psp                                0x00000321   Thumb Code     6  special_reg_access.o(.text)
    __get_psp                                0x00000327   Thumb Code     6  special_reg_access.o(.text)
    __enable_fpu                             0x0000032d   Thumb Code    20  special_reg_access.o(.text)
    __disable_fpu                            0x00000341   Thumb Code    20  special_reg_access.o(.text)
    __set_control                            0x00000355   Thumb Code    10  special_reg_access.o(.text)
    __get_control                            0x0000035f   Thumb Code     6  special_reg_access.o(.text)
    __start_critical                         0x00000365   Thumb Code    10  special_reg_access.o(.text)
    __end_critical                           0x0000036f   Thumb Code     8  special_reg_access.o(.text)
    Reset_Handler                            0x0000037d   Thumb Code    18  startup.o(.text)
    NMI_Handler                              0x0000038f   Thumb Code     2  startup.o(.text)
    HardFault_Handler                        0x00000391   Thumb Code     2  startup.o(.text)
    MemManage_Handler                        0x00000393   Thumb Code     2  startup.o(.text)
    BusFault_Handler                         0x00000395   Thumb Code     2  startup.o(.text)
    UsageFault_Handler                       0x00000397   Thumb Code     2  startup.o(.text)
    DebugMon_Handler                         0x000003b9   Thumb Code     2  startup.o(.text)
    PendSV_Handler                           0x000003bb   Thumb Code    82  startup.o(.text)
    ADC0SS0_Handler                          0x0000040f   Thumb Code     0  startup.o(.text)
    ADC0SS1_Handler                          0x0000040f   Thumb Code     0  startup.o(.text)
    ADC0SS2_Handler                          0x0000040f   Thumb Code     0  startup.o(.text)
    ADC0SS3_Handler                          0x0000040f   Thumb Code     0  startup.o(.text)
    ADC1SS0_Handler                          0x0000040f   Thumb Code     0  startup.o(.text)
    ADC1SS1_Handler                          0x0000040f   Thumb Code     0  startup.o(.text)
    ADC1SS2_Handler                          0x0000040f   Thumb Code     0  startup.o(.text)
    ADC1SS3_Handler                          0x0000040f   Thumb Code     0  startup.o(.text)
    CAN0_Handler                             0x0000040f   Thumb Code     0  startup.o(.text)
    CAN1_Handler                             0x0000040f   Thumb Code     0  startup.o(.text)
    CAN2_Handler                             0x0000040f   Thumb Code     0  startup.o(.text)
    COMP0_Handler                            0x0000040f   Thumb Code     0  startup.o(.text)
    COMP1_Handler                            0x0000040f   Thumb Code     0  startup.o(.text)
    COMP2_Handler                            0x0000040f   Thumb Code     0  startup.o(.text)
    FLASH_Handler                            0x0000040f   Thumb Code     0  startup.o(.text)
    FPU_Handler                              0x0000040f   Thumb Code     0  startup.o(.text)
    GPIOA_Handler                            0x0000040f   Thumb Code     0  startup.o(.text)
    GPIOB_Handler                            0x0000040f   Thumb Code     0  startup.o(.text)
    GPIOC_Handler                            0x0000040f   Thumb Code     0  startup.o(.text)
    GPIOD_Handler                            0x0000040f   Thumb Code     0  startup.o(.text)
    GPIOE_Handler                            0x0000040f   Thumb Code     0  startup.o(.text)
    GPIOF_Handler                            0x0000040f   Thumb Code     0  startup.o(.text)
    GPIOG_Handler                            0x0000040f   Thumb Code     0  startup.o(.text)
    GPIOH_Handler                            0x0000040f   Thumb Code     0  startup.o(.text)
    GPIOJ_Handler                            0x0000040f   Thumb Code     0  startup.o(.text)
    GPIOK_Handler                            0x0000040f   Thumb Code     0  startup.o(.text)
    GPIOL_Handler                            0x0000040f   Thumb Code     0  startup.o(.text)
    GPIOM_Handler                            0x0000040f   Thumb Code     0  startup.o(.text)
    GPION_Handler                            0x0000040f   Thumb Code     0  startup.o(.text)
    GPIOP0_Handler                           0x0000040f   Thumb Code     0  startup.o(.text)
    GPIOP1_Handler                           0x0000040f   Thumb Code     0  startup.o(.text)
    GPIOP2_Handler                           0x0000040f   Thumb Code     0  startup.o(.text)
    GPIOP3_Handler                           0x0000040f   Thumb Code     0  startup.o(.text)
    GPIOP4_Handler                           0x0000040f   Thumb Code     0  startup.o(.text)
    GPIOP5_Handler                           0x0000040f   Thumb Code     0  startup.o(.text)
    GPIOP6_Handler                           0x0000040f   Thumb Code     0  startup.o(.text)
    GPIOP7_Handler                           0x0000040f   Thumb Code     0  startup.o(.text)
    GPIOQ0_Handler                           0x0000040f   Thumb Code     0  startup.o(.text)
    GPIOQ1_Handler                           0x0000040f   Thumb Code     0  startup.o(.text)
    GPIOQ2_Handler                           0x0000040f   Thumb Code     0  startup.o(.text)
    GPIOQ3_Handler                           0x0000040f   Thumb Code     0  startup.o(.text)
    GPIOQ4_Handler                           0x0000040f   Thumb Code     0  startup.o(.text)
    GPIOQ5_Handler                           0x0000040f   Thumb Code     0  startup.o(.text)
    GPIOQ6_Handler                           0x0000040f   Thumb Code     0  startup.o(.text)
    GPIOQ7_Handler                           0x0000040f   Thumb Code     0  startup.o(.text)
    GPIOR_Handler                            0x0000040f   Thumb Code     0  startup.o(.text)
    GPIOS_Handler                            0x0000040f   Thumb Code     0  startup.o(.text)
    HIB_Handler                              0x0000040f   Thumb Code     0  startup.o(.text)
    I2C0_Handler                             0x0000040f   Thumb Code     0  startup.o(.text)
    I2C1_Handler                             0x0000040f   Thumb Code     0  startup.o(.text)
    I2C2_Handler                             0x0000040f   Thumb Code     0  startup.o(.text)
    I2C3_Handler                             0x0000040f   Thumb Code     0  startup.o(.text)
    I2C4_Handler                             0x0000040f   Thumb Code     0  startup.o(.text)
    I2C5_Handler                             0x0000040f   Thumb Code     0  startup.o(.text)
    PMW0_FAULT_Handler                       0x0000040f   Thumb Code     0  startup.o(.text)
    PMW1_0_Handler                           0x0000040f   Thumb Code     0  startup.o(.text)
    PWM0_0_Handler                           0x0000040f   Thumb Code     0  startup.o(.text)
    PWM0_1_Handler                           0x0000040f   Thumb Code     0  startup.o(.text)
    PWM0_2_Handler                           0x0000040f   Thumb Code     0  startup.o(.text)
    PWM0_3_Handler                           0x0000040f   Thumb Code     0  startup.o(.text)
    PWM1_1_Handler                           0x0000040f   Thumb Code     0  startup.o(.text)
    PWM1_2_Handler                           0x0000040f   Thumb Code     0  startup.o(.text)
    PWM1_3_Handler                           0x0000040f   Thumb Code     0  startup.o(.text)
    PWM1_FAULT_Handler                       0x0000040f   Thumb Code     0  startup.o(.text)
    QEI0_Handler                             0x0000040f   Thumb Code     0  startup.o(.text)
    QEI1_Handler                             0x0000040f   Thumb Code     0  startup.o(.text)
    QEI2_Handler                             0x0000040f   Thumb Code     0  startup.o(.text)
    SSI0_Handler                             0x0000040f   Thumb Code     0  startup.o(.text)
    SSI1_Handler                             0x0000040f   Thumb Code     0  startup.o(.text)
    SSI2_Handler                             0x0000040f   Thumb Code     0  startup.o(.text)
    SSI3_Handler                             0x0000040f   Thumb Code     0  startup.o(.text)
    SYSCTL_Handler                           0x0000040f   Thumb Code     0  startup.o(.text)
    TIMER0A_Handler                          0x0000040f   Thumb Code     0  startup.o(.text)
    TIMER0B_Handler                          0x0000040f   Thumb Code     0  startup.o(.text)
    TIMER1A_Handler                          0x0000040f   Thumb Code     0  startup.o(.text)
    TIMER1B_Handler                          0x0000040f   Thumb Code     0  startup.o(.text)
    TIMER2A_Handler                          0x0000040f   Thumb Code     0  startup.o(.text)
    TIMER2B_Handler                          0x0000040f   Thumb Code     0  startup.o(.text)
    TIMER3A_Handler                          0x0000040f   Thumb Code     0  startup.o(.text)
    TIMER3B_Handler                          0x0000040f   Thumb Code     0  startup.o(.text)
    TIMER4A_Handler                          0x0000040f   Thumb Code     0  startup.o(.text)
    TIMER4B_Handler                          0x0000040f   Thumb Code     0  startup.o(.text)
    TIMER5A_Handler                          0x0000040f   Thumb Code     0  startup.o(.text)
    TIMER5B_Handler                          0x0000040f   Thumb Code     0  startup.o(.text)
    UART0_Handler                            0x0000040f   Thumb Code     0  startup.o(.text)
    UART1_Handler                            0x0000040f   Thumb Code     0  startup.o(.text)
    UART2_Handler                            0x0000040f   Thumb Code     0  startup.o(.text)
    UART3_Handler                            0x0000040f   Thumb Code     0  startup.o(.text)
    UART4_Handler                            0x0000040f   Thumb Code     0  startup.o(.text)
    UART5_Handler                            0x0000040f   Thumb Code     0  startup.o(.text)
    UART6_Handler                            0x0000040f   Thumb Code     0  startup.o(.text)
    UART7_Handler                            0x0000040f   Thumb Code     0  startup.o(.text)
    UDMAERR_Handler                          0x0000040f   Thumb Code     0  startup.o(.text)
    UDMA_Handler                             0x0000040f   Thumb Code     0  startup.o(.text)
    USB0_Handler                             0x0000040f   Thumb Code     0  startup.o(.text)
    WDT0_Handler                             0x0000040f   Thumb Code     0  startup.o(.text)
    WTIMER0A_Handler                         0x0000040f   Thumb Code     0  startup.o(.text)
    WTIMER0B_Handler                         0x0000040f   Thumb Code     0  startup.o(.text)
    WTIMER1A_Handler                         0x0000040f   Thumb Code     0  startup.o(.text)
    WTIMER1B_Handler                         0x0000040f   Thumb Code     0  startup.o(.text)
    WTIMER2A_Handler                         0x0000040f   Thumb Code     0  startup.o(.text)
    WTIMER2B_Handler                         0x0000040f   Thumb Code     0  startup.o(.text)
    WTIMER3A_Handler                         0x0000040f   Thumb Code     0  startup.o(.text)
    WTIMER3B_Handler                         0x0000040f   Thumb Code     0  startup.o(.text)
    WTIMER4A_Handler                         0x0000040f   Thumb Code     0  startup.o(.text)
    WTIMER4B_Handler                         0x0000040f   Thumb Code     0  startup.o(.text)
    WTIMER5A_Handler                         0x0000040f   Thumb Code     0  startup.o(.text)
    WTIMER5B_Handler                         0x0000040f   Thumb Code     0  startup.o(.text)
    __user_initial_stackheap                 0x00000411   Thumb Code    10  startup.o(.text)
    __I$use$semihosting                      0x0000043d   Thumb Code     0  use_no_semi.o(.text)
    __use_no_semihosting_swi                 0x0000043d   Thumb Code     2  use_no_semi.o(.text)
    __2printf                                0x00000441   Thumb Code    20  noretval__2printf.o(.text)
    exit                                     0x00000459   Thumb Code    18  exit.o(.text)
    __use_two_region_memory                  0x0000046b   Thumb Code     2  heapauxi.o(.text)
    __rt_heap_escrow$2region                 0x0000046d   Thumb Code     2  heapauxi.o(.text)
    __rt_heap_expand$2region                 0x0000046f   Thumb Code     2  heapauxi.o(.text)
    _printf_char_file                        0x00000471   Thumb Code    32  _printf_char_file.o(.text)
    _printf_char_common                      0x0000049f   Thumb Code    32  _printf_char_common.o(.text)
    __user_setup_stackheap                   0x000004c5   Thumb Code    74  sys_stackheap_outer.o(.text)
    __printf                                 0x0000050f   Thumb Code    40  __printf_nopercent.o(.text)
    __user_libspace                          0x00000539   Thumb Code     8  libspace.o(.text)
    __user_perproc_libspace                  0x00000539   Thumb Code     0  libspace.o(.text)
    __user_perthread_libspace                0x00000539   Thumb Code     0  libspace.o(.text)
    SVC_Handler_C                            0x00000541   Thumb Code   122  svc.o(i.SVC_Handler_C)
    SysTick_Handler                          0x000005bd   Thumb Code    52  os.o(i.SysTick_Handler)
    _sys_exit                                0x000005fd   Thumb Code    10  retarget.o(i._sys_exit)
    add_to_queue                             0x00000615   Thumb Code    14  priority_scheduler.o(i.add_to_queue)
    align_byte_number                        0x00000623   Thumb Code    14  heap.o(i.align_byte_number)
    create_task                              0x00000631   Thumb Code   384  priority_scheduler.o(i.create_task)
    delete_task                              0x000007cd   Thumb Code   132  priority_scheduler.o(i.delete_task)
    ferror                                   0x00000861   Thumb Code     8  retarget.o(i.ferror)
    find_task                                0x00000869   Thumb Code    48  priority_scheduler.o(i.find_task)
    fputc                                    0x00000899   Thumb Code    32  retarget.o(i.fputc)
    free                                     0x000008b9   Thumb Code    40  heap.o(i.free)
    heap_init                                0x000008e5   Thumb Code    40  heap.o(i.heap_init)
    insert_free_block                        0x0000091d   Thumb Code    24  heap.o(i.insert_free_block)
    main                                     0x00000939   Thumb Code    56  main.o(i.main)
    malloc                                   0x00000981   Thumb Code   118  heap.o(i.malloc)
    nvic_set_priority                        0x00000a05   Thumb Code    30  nvic.o(i.nvic_set_priority)
    os_init                                  0x00000a2d   Thumb Code    82  os.o(i.os_init)
    os_sleep                                 0x00000a85   Thumb Code     6  os.o(i.os_sleep)
    os_start                                 0x00000a8d   Thumb Code    92  os.o(i.os_start)
    remove_from_queue                        0x00000afd   Thumb Code    26  priority_scheduler.o(i.remove_from_queue)
    resume_task                              0x00000b19   Thumb Code    70  priority_scheduler.o(i.resume_task)
    run_scheduler                            0x00000b6d   Thumb Code   134  priority_scheduler.o(i.run_scheduler)
    suspend_task                             0x00000c01   Thumb Code   100  priority_scheduler.o(i.suspend_task)
    system_clock_config                      0x00000c75   Thumb Code   192  time.o(i.system_clock_config)
    systick_config                           0x00000d4d   Thumb Code    36  time.o(i.systick_config)
    task_complete_handler                    0x00000d75   Thumb Code    34  priority_scheduler.o(i.task_complete_handler)
    tcb_init                                 0x00000d9d   Thumb Code    40  priority_scheduler.o(i.tcb_init)
    testTask1                                0x00000dd1   Thumb Code    10  main.o(i.testTask1)
    testTask2                                0x00000de1   Thumb Code    10  main.o(i.testTask2)
    testTask3                                0x00000df1   Thumb Code    10  main.o(i.testTask3)
    testTask4                                0x00000e01   Thumb Code    10  main.o(i.testTask4)
    uart_get_char                            0x00000e11   Thumb Code    22  uart.o(i.uart_get_char)
    uart_init                                0x00000e2d   Thumb Code   210  uart.o(i.uart_init)
    uart_send_char                           0x00000f19   Thumb Code    20  uart.o(i.uart_send_char)
    update_counters                          0x00000f31   Thumb Code   122  priority_scheduler.o(i.update_counters)
    _fp_init                                 0x00000fb9   Thumb Code    10  fpinit.o(x$fpl$fpinit)
    __fplib_config_fpu_vfp                   0x00000fc1   Thumb Code     0  fpinit.o(x$fpl$fpinit)
    __fplib_config_pureend_doubles           0x00000fc1   Thumb Code     0  fpinit.o(x$fpl$fpinit)
    Region$$Table$$Base                      0x00000fc4   Number         0  anon$$obj.o(Region$$Table)
    Region$$Table$$Limit                     0x00000fe4   Number         0  anon$$obj.o(Region$$Table)
    startBlock                               0x20000004   Data           8  heap.o(.data)
    endBlock                                 0x2000000c   Data           8  heap.o(.data)
    OS_RUNNING                               0x20000014   Data           4  os.o(.data)
    __stdout                                 0x20000018   Data           4  retarget.o(.data)
    __stdin                                  0x2000001c   Data           4  retarget.o(.data)
    svc_exc_return                           0x20000020   Data           4  priority_scheduler.o(.data)
    runPtr                                   0x20000024   Data           4  priority_scheduler.o(.data)
    SYSTEM_CLOCK_FREQ                        0x20000028   Data           4  time.o(.data)
    OS_CLOCK_FREQ                            0x2000002c   Data           4  time.o(.data)
    TICKS                                    0x20000030   Data           8  time.o(.data)
    readyQueue                               0x20004e58   Data          44  priority_scheduler.o(.bss)
    blockedQueue                             0x20004e84   Data          44  priority_scheduler.o(.bss)
    __libspace_start                         0x20004eb0   Data          96  libspace.o(.bss)
    __temporary_stack_top$libspace           0x20004f10   Data           0  libspace.o(.bss)



==============================================================================

Memory Map of the image

  Image Entry point : 0x0000037d

  Load Region LR_1 (Base: 0x00000000, Size: 0x0000101c, Max: 0xffffffff, ABSOLUTE)

    Execution Region ER_RO (Base: 0x00000000, Size: 0x00000fe4, Max: 0xffffffff, ABSOLUTE)

    Base Addr    Size         Type   Attr      Idx    E Section Name        Object

    0x00000000   0x0000026c   Data   RO          473    RESET               startup.o
    0x0000026c   0x00000008   Code   RO          490  * !!!main             c_w.l(__main.o)
    0x00000274   0x00000034   Code   RO          645    !!!scatter          c_w.l(__scatter.o)
    0x000002a8   0x0000001a   Code   RO          647    !!handler_copy      c_w.l(__scatter_copy.o)
    0x000002c2   0x00000002   PAD
    0x000002c4   0x0000001c   Code   RO          649    !!handler_zi        c_w.l(__scatter_zi.o)
    0x000002e0   0x00000002   Code   RO          532    .ARM.Collect$$libinit$$00000000  c_w.l(libinit.o)
    0x000002e2   0x00000004   Code   RO          537    .ARM.Collect$$libinit$$00000001  c_w.l(libinit2.o)
    0x000002e6   0x00000000   Code   RO          540    .ARM.Collect$$libinit$$00000004  c_w.l(libinit2.o)
    0x000002e6   0x00000000   Code   RO          543    .ARM.Collect$$libinit$$0000000A  c_w.l(libinit2.o)
    0x000002e6   0x00000000   Code   RO          545    .ARM.Collect$$libinit$$0000000C  c_w.l(libinit2.o)
    0x000002e6   0x00000000   Code   RO          547    .ARM.Collect$$libinit$$0000000E  c_w.l(libinit2.o)
    0x000002e6   0x00000000   Code   RO          550    .ARM.Collect$$libinit$$00000011  c_w.l(libinit2.o)
    0x000002e6   0x00000000   Code   RO          552    .ARM.Collect$$libinit$$00000013  c_w.l(libinit2.o)
    0x000002e6   0x00000000   Code   RO          554    .ARM.Collect$$libinit$$00000015  c_w.l(libinit2.o)
    0x000002e6   0x00000000   Code   RO          556    .ARM.Collect$$libinit$$00000017  c_w.l(libinit2.o)
    0x000002e6   0x00000000   Code   RO          558    .ARM.Collect$$libinit$$00000019  c_w.l(libinit2.o)
    0x000002e6   0x00000000   Code   RO          560    .ARM.Collect$$libinit$$0000001B  c_w.l(libinit2.o)
    0x000002e6   0x00000000   Code   RO          562    .ARM.Collect$$libinit$$0000001D  c_w.l(libinit2.o)
    0x000002e6   0x00000000   Code   RO          564    .ARM.Collect$$libinit$$0000001F  c_w.l(libinit2.o)
    0x000002e6   0x00000000   Code   RO          566    .ARM.Collect$$libinit$$00000021  c_w.l(libinit2.o)
    0x000002e6   0x00000000   Code   RO          568    .ARM.Collect$$libinit$$00000023  c_w.l(libinit2.o)
    0x000002e6   0x00000000   Code   RO          570    .ARM.Collect$$libinit$$00000025  c_w.l(libinit2.o)
    0x000002e6   0x00000000   Code   RO          574    .ARM.Collect$$libinit$$0000002C  c_w.l(libinit2.o)
    0x000002e6   0x00000000   Code   RO          576    .ARM.Collect$$libinit$$0000002E  c_w.l(libinit2.o)
    0x000002e6   0x00000000   Code   RO          578    .ARM.Collect$$libinit$$00000030  c_w.l(libinit2.o)
    0x000002e6   0x00000000   Code   RO          580    .ARM.Collect$$libinit$$00000032  c_w.l(libinit2.o)
    0x000002e6   0x00000002   Code   RO          581    .ARM.Collect$$libinit$$00000033  c_w.l(libinit2.o)
    0x000002e8   0x00000002   Code   RO          533    .ARM.Collect$$libshutdown$$00000000  c_w.l(libshutdown.o)
    0x000002ea   0x00000000   Code   RO          583    .ARM.Collect$$libshutdown$$00000002  c_w.l(libshutdown2.o)
    0x000002ea   0x00000000   Code   RO          585    .ARM.Collect$$libshutdown$$00000004  c_w.l(libshutdown2.o)
    0x000002ea   0x00000000   Code   RO          588    .ARM.Collect$$libshutdown$$00000007  c_w.l(libshutdown2.o)
    0x000002ea   0x00000000   Code   RO          591    .ARM.Collect$$libshutdown$$0000000A  c_w.l(libshutdown2.o)
    0x000002ea   0x00000000   Code   RO          593    .ARM.Collect$$libshutdown$$0000000C  c_w.l(libshutdown2.o)
    0x000002ea   0x00000000   Code   RO          596    .ARM.Collect$$libshutdown$$0000000F  c_w.l(libshutdown2.o)
    0x000002ea   0x00000002   Code   RO          597    .ARM.Collect$$libshutdown$$00000010  c_w.l(libshutdown2.o)
    0x000002ec   0x00000000   Code   RO          492    .ARM.Collect$$rtentry$$00000000  c_w.l(__rtentry.o)
    0x000002ec   0x00000000   Code   RO          498    .ARM.Collect$$rtentry$$00000002  c_w.l(__rtentry2.o)
    0x000002ec   0x00000006   Code   RO          510    .ARM.Collect$$rtentry$$00000004  c_w.l(__rtentry4.o)
    0x000002f2   0x00000000   Code   RO          500    .ARM.Collect$$rtentry$$00000009  c_w.l(__rtentry2.o)
    0x000002f2   0x00000004   Code   RO          501    .ARM.Collect$$rtentry$$0000000A  c_w.l(__rtentry2.o)
    0x000002f6   0x00000000   Code   RO          503    .ARM.Collect$$rtentry$$0000000C  c_w.l(__rtentry2.o)
    0x000002f6   0x00000008   Code   RO          504    .ARM.Collect$$rtentry$$0000000D  c_w.l(__rtentry2.o)
    0x000002fe   0x00000002   Code   RO          493    .ARM.Collect$$rtexit$$00000000  c_w.l(rtexit.o)
    0x00000300   0x00000000   Code   RO          513    .ARM.Collect$$rtexit$$00000002  c_w.l(rtexit2.o)
    0x00000300   0x00000004   Code   RO          514    .ARM.Collect$$rtexit$$00000003  c_w.l(rtexit2.o)
    0x00000304   0x00000006   Code   RO          515    .ARM.Collect$$rtexit$$00000004  c_w.l(rtexit2.o)
    0x0000030a   0x00000002   PAD
    0x0000030c   0x00000070   Code   RO          418    .text               special_reg_access.o
    0x0000037c   0x000000c0   Code   RO          474  * .text               startup.o
    0x0000043c   0x00000002   Code   RO          480    .text               c_w.l(use_no_semi.o)
    0x0000043e   0x00000002   PAD
    0x00000440   0x00000018   Code   RO          484    .text               c_w.l(noretval__2printf.o)
    0x00000458   0x00000012   Code   RO          486    .text               c_w.l(exit.o)
    0x0000046a   0x00000006   Code   RO          488    .text               c_w.l(heapauxi.o)
    0x00000470   0x00000024   Code   RO          495    .text               c_w.l(_printf_char_file.o)
    0x00000494   0x00000030   Code   RO          519    .text               c_w.l(_printf_char_common.o)
    0x000004c4   0x0000004a   Code   RO          521    .text               c_w.l(sys_stackheap_outer.o)
    0x0000050e   0x00000028   Code   RO          523    .text               c_w.l(__printf_nopercent.o)
    0x00000536   0x00000002   PAD
    0x00000538   0x00000008   Code   RO          534    .text               c_w.l(libspace.o)
    0x00000540   0x0000007a   Code   RO           69    i.SVC_Handler_C     svc.o
    0x000005ba   0x00000002   PAD
    0x000005bc   0x00000040   Code   RO          114    i.SysTick_Handler   os.o
    0x000005fc   0x00000018   Code   RO          196    i._sys_exit         retarget.o
    0x00000614   0x0000000e   Code   RO          248    i.add_to_queue      priority_scheduler.o
    0x00000622   0x0000000e   Code   RO            1    i.align_byte_number  heap.o
    0x00000630   0x0000019c   Code   RO          249    i.create_task       priority_scheduler.o
    0x000007cc   0x00000094   Code   RO          250    i.delete_task       priority_scheduler.o
    0x00000860   0x00000008   Code   RO          198    i.ferror            retarget.o
    0x00000868   0x00000030   Code   RO          251    i.find_task         priority_scheduler.o
    0x00000898   0x00000020   Code   RO          200    i.fputc             retarget.o
    0x000008b8   0x0000002c   Code   RO            2    i.free              heap.o
    0x000008e4   0x00000038   Code   RO            3    i.heap_init         heap.o
    0x0000091c   0x0000001c   Code   RO            4    i.insert_free_block  heap.o
    0x00000938   0x00000048   Code   RO          331    i.main              main.o
    0x00000980   0x00000084   Code   RO            5    i.malloc            heap.o
    0x00000a04   0x00000028   Code   RO          429    i.nvic_set_priority  nvic.o
    0x00000a2c   0x00000058   Code   RO          115    i.os_init           os.o
    0x00000a84   0x00000006   Code   RO          116    i.os_sleep          os.o
    0x00000a8a   0x00000002   PAD
    0x00000a8c   0x00000070   Code   RO          117    i.os_start          os.o
    0x00000afc   0x0000001a   Code   RO          252    i.remove_from_queue  priority_scheduler.o
    0x00000b16   0x00000002   PAD
    0x00000b18   0x00000054   Code   RO          253    i.resume_task       priority_scheduler.o
    0x00000b6c   0x00000094   Code   RO          254    i.run_scheduler     priority_scheduler.o
    0x00000c00   0x00000074   Code   RO          255    i.suspend_task      priority_scheduler.o
    0x00000c74   0x000000d8   Code   RO          394    i.system_clock_config  time.o
    0x00000d4c   0x00000028   Code   RO          395    i.systick_config    time.o
    0x00000d74   0x00000028   Code   RO          256    i.task_complete_handler  priority_scheduler.o
    0x00000d9c   0x00000034   Code   RO          257    i.tcb_init          priority_scheduler.o
    0x00000dd0   0x00000010   Code   RO          332    i.testTask1         main.o
    0x00000de0   0x00000010   Code   RO          333    i.testTask2         main.o
    0x00000df0   0x00000010   Code   RO          334    i.testTask3         main.o
    0x00000e00   0x00000010   Code   RO          335    i.testTask4         main.o
    0x00000e10   0x0000001c   Code   RO          370    i.uart_get_char     uart.o
    0x00000e2c   0x000000ec   Code   RO          371    i.uart_init         uart.o
    0x00000f18   0x00000018   Code   RO          372    i.uart_send_char    uart.o
    0x00000f30   0x00000088   Code   RO          258    i.update_counters   priority_scheduler.o
    0x00000fb8   0x0000000a   Code   RO          600    x$fpl$fpinit        fz_wm.l(fpinit.o)
    0x00000fc2   0x00000002   PAD
    0x00000fc4   0x00000020   Data   RO          643    Region$$Table       anon$$obj.o


    Execution Region ER_RW (Base: 0x20000000, Size: 0x00000038, Max: 0xffffffff, ABSOLUTE)

    Base Addr    Size         Type   Attr      Idx    E Section Name        Object

    0x20000000   0x00000014   Data   RW            7    .data               heap.o
    0x20000014   0x00000004   Data   RW          118    .data               os.o
    0x20000018   0x00000008   Data   RW          201    .data               retarget.o
    0x20000020   0x00000008   Data   RW          260    .data               priority_scheduler.o
    0x20000028   0x00000010   Data   RW          396    .data               time.o


    Execution Region ER_ZI (Base: 0x20000038, Size: 0x00005558, Max: 0xffffffff, ABSOLUTE)

    Base Addr    Size         Type   Attr      Idx    E Section Name        Object

    0x20000038   0x00004e20   Zero   RW            6    .bss                heap.o
    0x20004e58   0x00000058   Zero   RW          259    .bss                priority_scheduler.o
    0x20004eb0   0x00000060   Zero   RW          535    .bss                c_w.l(libspace.o)
    0x20004f10   0x00000080   Zero   RW          472    HEAP                startup.o
    0x20004f90   0x00000600   Zero   RW          471    STACK               startup.o


==============================================================================

Image component sizes


      Code (inc. data)   RO Data    RW Data    ZI Data      Debug   Object Name

         0          0          0          0          0        780   fifo.o
       274         38          0         20      20000       9590   heap.o
       136         40          0          0          0       2123   main.o
        40         10          0          0          0        536   nvic.o
       270         38          0          4          0       2287   os.o
      1224        120          0          8         88       8685   priority_scheduler.o
        64         14          0          8          0       3299   retarget.o
       112          6          0          0          0        892   special_reg_access.o
       192         34        620          0       1664        884   startup.o
       122         10          0          0          0       2440   svc.o
       256         28          0         16          0       1363   time.o
       288         36          0          0          0       1681   uart.o

    ----------------------------------------------------------------------
      2984        374        652         56      21752      34560   Object Totals
         0          0         32          0          0          0   (incl. Generated)
         6          0          0          0          0          0   (incl. Padding)

    ----------------------------------------------------------------------

      Code (inc. data)   RO Data    RW Data    ZI Data      Debug   Library Member Name

         8          0          0          0          0         68   __main.o
        40          0          0          0          0         84   __printf_nopercent.o
         0          0          0          0          0          0   __rtentry.o
        12          0          0          0          0          0   __rtentry2.o
         6          0          0          0          0          0   __rtentry4.o
        52          8          0          0          0          0   __scatter.o
        26          0          0          0          0          0   __scatter_copy.o
        28          0          0          0          0          0   __scatter_zi.o
        48          6          0          0          0         96   _printf_char_common.o
        36          4          0          0          0         80   _printf_char_file.o
        18          0          0          0          0         80   exit.o
         6          0          0          0          0        152   heapauxi.o
         2          0          0          0          0          0   libinit.o
         6          0          0          0          0          0   libinit2.o
         2          0          0          0          0          0   libshutdown.o
         2          0          0          0          0          0   libshutdown2.o
         8          4          0          0         96         68   libspace.o
        24          4          0          0          0         84   noretval__2printf.o
         2          0          0          0          0          0   rtexit.o
        10          0          0          0          0          0   rtexit2.o
        74          0          0          0          0         80   sys_stackheap_outer.o
         2          0          0          0          0         68   use_no_semi.o
        10          0          0          0          0        116   fpinit.o

    ----------------------------------------------------------------------
       432         26          0          0         96        976   Library Totals
        10          0          0          0          0          0   (incl. Padding)

    ----------------------------------------------------------------------

      Code (inc. data)   RO Data    RW Data    ZI Data      Debug   Library Name

       412         26          0          0         96        860   c_w.l
        10          0          0          0          0        116   fz_wm.l

    ----------------------------------------------------------------------
       432         26          0          0         96        976   Library Totals

    ----------------------------------------------------------------------

==============================================================================


      Code (inc. data)   RO Data    RW Data    ZI Data      Debug   

      3416        400        652         56      21848      32324   Grand Totals
      3416        400        652         56      21848      32324   ELF Image Totals
      3416        400        652         56          0          0   ROM Totals

==============================================================================

    Total RO  Size (Code + RO Data)                 4068 (   3.97kB)
    Total RW  Size (RW Data + ZI Data)             21904 (  21.39kB)
    Total ROM Size (Code + RO Data + RW Data)       4124 (   4.03kB)

==============================================================================

