


ARM Macro Assembler    Page 1 


    1 00000000         ; ******************************************************
                       ************************
    2 00000000         ; File:      system_asm.s
    3 00000000         ; Brief:     System related assembly code
    4 00000000         ; Author:   Krzysztof Koch
    5 00000000         ; Version:  V1.00
    6 00000000         ; Date created: 26/09/2016
    7 00000000         ; Last mod:  27/09/2016
    8 00000000         ;
    9 00000000         ; Note:   System startup code containing stack definitio
                       n as well as 
   10 00000000         ;    exception vectors. Routines for accessing special p
                       urpose 
   11 00000000         ;    registers inside the MCU.
   12 00000000         ; ******************************************************
                       ************************
   13 00000000         
   14 00000000         
   15 00000000         ;-------------------------------------------------------
                       ------------------------
   16 00000000         ; Stack Configuration, double stacking in use
   17 00000000         ;-------------------------------------------------------
                       ------------------------
   18 00000000 00000200 
                       Handler_Stack_Size
                               EQU              0x00000200  ; Stack size for ha
                                                            ndler mode (MSP)
   19 00000000 00000200 
                       Thread_Stack_Size
                               EQU              0x00000200  ; Stack size for th
                                                            read mode (PSP)
   20 00000000         
   21 00000000         ; Stack memory area - RAM, uninitialised with 8-byte ali
                       gnment (requirement of AAPCS)
   22 00000000                 AREA             STACK, NOINIT, READWRITE, ALIGN
=3
   23 00000000         
   24 00000000         Handler_Stack
                               SPACE            Handler_Stack_Size
   25 00000200         __initial_handler_sp
   26 00000200         
   27 00000200         Thread_Stack
                               SPACE            Thread_Stack_Size
   28 00000400         __initial_sp
   29 00000400         
   30 00000400         
   31 00000400         
   32 00000400         ;-------------------------------------------------------
                       ------------------------
   33 00000400         ; Vector Table Mapped to Address 0 at Reset
   34 00000400         ;-------------------------------------------------------
                       ------------------------
   35 00000400                 PRESERVE8                    ; Preserve eight-by
                                                            te alignment of the
                                                             stack
   36 00000400                 THUMB                        ; Use Thumb instruc
                                                            tion set
   37 00000400                 AREA             RESET, DATA, READONLY ; Data to
                                                             be placed in ROM a



ARM Macro Assembler    Page 2 


                                                            t address 0x0 
   38 00000000         
   39 00000000         
   40 00000000                 EXPORT           __Vectors
   41 00000000 00000000 
                       __Vectors
                               DCD              __initial_sp ; Top of Stack
   42 00000004 00000000        DCD              Reset_Handler ; Reset Handler
   43 00000008 00000000        DCD              NMI_Handler ; NMI Handler
   44 0000000C 00000000        DCD              HardFault_Handler ; Hard Fault 
                                                            Handler
   45 00000010 00000000        DCD              MemManage_Handler 
                                                            ; MPU Fault Handler
                                                            
   46 00000014 00000000        DCD              BusFault_Handler 
                                                            ; Bus Fault Handler
                                                            
   47 00000018 00000000        DCD              UsageFault_Handler ; Usage Faul
                                                            t Handler
   48 0000001C 00000000        DCD              0           ; Reserved
   49 00000020 00000000        DCD              0           ; Reserved
   50 00000024 00000000        DCD              0           ; Reserved
   51 00000028 00000000        DCD              0           ; Reserved
   52 0000002C 00000000        DCD              SVC_Handler ; SVCall Handler
   53 00000030 00000000        DCD              DebugMon_Handler ; Debug Monito
                                                            r Handler
   54 00000034 00000000        DCD              0           ; Reserved
   55 00000038 00000000        DCD              PendSV_Handler ; PendSV Handler
                                                            
   56 0000003C 00000000        DCD              SysTick_Handler 
                                                            ; SysTick Handler
   57 00000040         
   58 00000040         ; External Interrupts
   59 00000040 00000000        DCD              GPIOA_Handler 
                                                            ;   0: GPIO Port A
   60 00000044 00000000        DCD              GPIOB_Handler 
                                                            ;   1: GPIO Port B
   61 00000048 00000000        DCD              GPIOC_Handler 
                                                            ;   2: GPIO Port C
   62 0000004C 00000000        DCD              GPIOD_Handler 
                                                            ;   3: GPIO Port D
   63 00000050 00000000        DCD              GPIOE_Handler 
                                                            ;   4: GPIO Port E
   64 00000054 00000000        DCD              UART0_Handler ;   5: UART0 Rx a
                                                            nd Tx
   65 00000058 00000000        DCD              UART1_Handler ;   6: UART1 Rx a
                                                            nd Tx
   66 0000005C 00000000        DCD              SSI0_Handler ;   7: SSI0 Rx and
                                                             Tx
   67 00000060 00000000        DCD              I2C0_Handler ;   8: I2C0 Master
                                                             and Slave
   68 00000064 00000000        DCD              PMW0_FAULT_Handler 
                                                            ;   9: PWM Fault
   69 00000068 00000000        DCD              PWM0_0_Handler ;  10: PWM Gener
                                                            ator 0
   70 0000006C 00000000        DCD              PWM0_1_Handler ;  11: PWM Gener
                                                            ator 1
   71 00000070 00000000        DCD              PWM0_2_Handler ;  12: PWM Gener
                                                            ator 2



ARM Macro Assembler    Page 3 


   72 00000074 00000000        DCD              QEI0_Handler ;  13: Quadrature 
                                                            Encoder 0
   73 00000078 00000000        DCD              ADC0SS0_Handler ;  14: ADC Sequ
                                                            ence 0
   74 0000007C 00000000        DCD              ADC0SS1_Handler ;  15: ADC Sequ
                                                            ence 1
   75 00000080 00000000        DCD              ADC0SS2_Handler ;  16: ADC Sequ
                                                            ence 2
   76 00000084 00000000        DCD              ADC0SS3_Handler ;  17: ADC Sequ
                                                            ence 3
   77 00000088 00000000        DCD              WDT0_Handler ;  18: Watchdog ti
                                                            mer
   78 0000008C 00000000        DCD              TIMER0A_Handler ;  19: Timer 0 
                                                            subtimer A
   79 00000090 00000000        DCD              TIMER0B_Handler ;  20: Timer 0 
                                                            subtimer B
   80 00000094 00000000        DCD              TIMER1A_Handler ;  21: Timer 1 
                                                            subtimer A
   81 00000098 00000000        DCD              TIMER1B_Handler ;  22: Timer 1 
                                                            subtimer B
   82 0000009C 00000000        DCD              TIMER2A_Handler ;  23: Timer 2 
                                                            subtimer A
   83 000000A0 00000000        DCD              TIMER2B_Handler ;  24: Timer 2 
                                                            subtimer B
   84 000000A4 00000000        DCD              COMP0_Handler ;  25: Analog Com
                                                            parator 0
   85 000000A8 00000000        DCD              COMP1_Handler ;  26: Analog Com
                                                            parator 1
   86 000000AC 00000000        DCD              COMP2_Handler ;  27: Analog Com
                                                            parator 2
   87 000000B0 00000000        DCD              SYSCTL_Handler ;  28: System Co
                                                            ntrol (PLL, OSC, BO
                                                            )
   88 000000B4 00000000        DCD              FLASH_Handler ;  29: FLASH Cont
                                                            rol
   89 000000B8 00000000        DCD              GPIOF_Handler 
                                                            ;  30: GPIO Port F
   90 000000BC 00000000        DCD              GPIOG_Handler 
                                                            ;  31: GPIO Port G
   91 000000C0 00000000        DCD              GPIOH_Handler 
                                                            ;  32: GPIO Port H
   92 000000C4 00000000        DCD              UART2_Handler ;  33: UART2 Rx a
                                                            nd Tx
   93 000000C8 00000000        DCD              SSI1_Handler ;  34: SSI1 Rx and
                                                             Tx
   94 000000CC 00000000        DCD              TIMER3A_Handler ;  35: Timer 3 
                                                            subtimer A
   95 000000D0 00000000        DCD              TIMER3B_Handler ;  36: Timer 3 
                                                            subtimer B
   96 000000D4 00000000        DCD              I2C1_Handler ;  37: I2C1 Master
                                                             and Slave
   97 000000D8 00000000        DCD              QEI1_Handler ;  38: Quadrature 
                                                            Encoder 1
   98 000000DC 00000000        DCD              CAN0_Handler ;  39: CAN0
   99 000000E0 00000000        DCD              CAN1_Handler ;  40: CAN1
  100 000000E4 00000000        DCD              CAN2_Handler ;  41: CAN2
  101 000000E8 00000000        DCD              0           ;  42: Reserved
  102 000000EC 00000000        DCD              HIB_Handler ;  43: Hibernate
  103 000000F0 00000000        DCD              USB0_Handler ;  44: USB0



ARM Macro Assembler    Page 4 


  104 000000F4 00000000        DCD              PWM0_3_Handler ;  45: PWM Gener
                                                            ator 3
  105 000000F8 00000000        DCD              UDMA_Handler ;  46: uDMA Softwa
                                                            re Transfer
  106 000000FC 00000000        DCD              UDMAERR_Handler 
                                                            ;  47: uDMA Error
  107 00000100 00000000        DCD              ADC1SS0_Handler ;  48: ADC1 Seq
                                                            uence 0
  108 00000104 00000000        DCD              ADC1SS1_Handler ;  49: ADC1 Seq
                                                            uence 1
  109 00000108 00000000        DCD              ADC1SS2_Handler ;  50: ADC1 Seq
                                                            uence 2
  110 0000010C 00000000        DCD              ADC1SS3_Handler ;  51: ADC1 Seq
                                                            uence 3
  111 00000110 00000000        DCD              0           ;  52: Reserved
  112 00000114 00000000        DCD              0           ;  53: Reserved
  113 00000118 00000000        DCD              GPIOJ_Handler 
                                                            ;  54: GPIO Port J
  114 0000011C 00000000        DCD              GPIOK_Handler 
                                                            ;  55: GPIO Port K
  115 00000120 00000000        DCD              GPIOL_Handler 
                                                            ;  56: GPIO Port L
  116 00000124 00000000        DCD              SSI2_Handler ;  57: SSI2 Rx and
                                                             Tx
  117 00000128 00000000        DCD              SSI3_Handler ;  58: SSI3 Rx and
                                                             Tx
  118 0000012C 00000000        DCD              UART3_Handler ;  59: UART3 Rx a
                                                            nd Tx
  119 00000130 00000000        DCD              UART4_Handler ;  60: UART4 Rx a
                                                            nd Tx
  120 00000134 00000000        DCD              UART5_Handler ;  61: UART5 Rx a
                                                            nd Tx
  121 00000138 00000000        DCD              UART6_Handler ;  62: UART6 Rx a
                                                            nd Tx
  122 0000013C 00000000        DCD              UART7_Handler ;  63: UART7 Rx a
                                                            nd Tx
  123 00000140 00000000        DCD              0           ;  64: Reserved
  124 00000144 00000000        DCD              0           ;  65: Reserved
  125 00000148 00000000        DCD              0           ;  66: Reserved
  126 0000014C 00000000        DCD              0           ;  67: Reserved
  127 00000150 00000000        DCD              I2C2_Handler ;  68: I2C2 Master
                                                             and Slave
  128 00000154 00000000        DCD              I2C3_Handler ;  69: I2C3 Master
                                                             and Slave
  129 00000158 00000000        DCD              TIMER4A_Handler ;  70: Timer 4 
                                                            subtimer A
  130 0000015C 00000000        DCD              TIMER4B_Handler ;  71: Timer 4 
                                                            subtimer B
  131 00000160 00000000        DCD              0           ;  72: Reserved
  132 00000164 00000000        DCD              0           ;  73: Reserved
  133 00000168 00000000        DCD              0           ;  74: Reserved
  134 0000016C 00000000        DCD              0           ;  75: Reserved
  135 00000170 00000000        DCD              0           ;  76: Reserved
  136 00000174 00000000        DCD              0           ;  77: Reserved
  137 00000178 00000000        DCD              0           ;  78: Reserved
  138 0000017C 00000000        DCD              0           ;  79: Reserved
  139 00000180 00000000        DCD              0           ;  80: Reserved
  140 00000184 00000000        DCD              0           ;  81: Reserved
  141 00000188 00000000        DCD              0           ;  82: Reserved



ARM Macro Assembler    Page 5 


  142 0000018C 00000000        DCD              0           ;  83: Reserved
  143 00000190 00000000        DCD              0           ;  84: Reserved
  144 00000194 00000000        DCD              0           ;  85: Reserved
  145 00000198 00000000        DCD              0           ;  86: Reserved
  146 0000019C 00000000        DCD              0           ;  87: Reserved
  147 000001A0 00000000        DCD              0           ;  88: Reserved
  148 000001A4 00000000        DCD              0           ;  89: Reserved
  149 000001A8 00000000        DCD              0           ;  90: Reserved
  150 000001AC 00000000        DCD              0           ;  91: Reserved
  151 000001B0 00000000        DCD              TIMER5A_Handler ;  92: Timer 5 
                                                            subtimer A
  152 000001B4 00000000        DCD              TIMER5B_Handler ;  93: Timer 5 
                                                            subtimer B
  153 000001B8 00000000        DCD              WTIMER0A_Handler ;  94: Wide Ti
                                                            mer 0 subtimer A
  154 000001BC 00000000        DCD              WTIMER0B_Handler ;  95: Wide Ti
                                                            mer 0 subtimer B
  155 000001C0 00000000        DCD              WTIMER1A_Handler ;  96: Wide Ti
                                                            mer 1 subtimer A
  156 000001C4 00000000        DCD              WTIMER1B_Handler ;  97: Wide Ti
                                                            mer 1 subtimer B
  157 000001C8 00000000        DCD              WTIMER2A_Handler ;  98: Wide Ti
                                                            mer 2 subtimer A
  158 000001CC 00000000        DCD              WTIMER2B_Handler ;  99: Wide Ti
                                                            mer 2 subtimer B
  159 000001D0 00000000        DCD              WTIMER3A_Handler ; 100: Wide Ti
                                                            mer 3 subtimer A
  160 000001D4 00000000        DCD              WTIMER3B_Handler ; 101: Wide Ti
                                                            mer 3 subtimer B
  161 000001D8 00000000        DCD              WTIMER4A_Handler ; 102: Wide Ti
                                                            mer 4 subtimer A
  162 000001DC 00000000        DCD              WTIMER4B_Handler ; 103: Wide Ti
                                                            mer 4 subtimer B
  163 000001E0 00000000        DCD              WTIMER5A_Handler ; 104: Wide Ti
                                                            mer 5 subtimer A
  164 000001E4 00000000        DCD              WTIMER5B_Handler ; 105: Wide Ti
                                                            mer 5 subtimer B
  165 000001E8 00000000        DCD              FPU_Handler ; 106: FPU
  166 000001EC 00000000        DCD              0           ; 107: Reserved
  167 000001F0 00000000        DCD              0           ; 108: Reserved
  168 000001F4 00000000        DCD              I2C4_Handler ; 109: I2C4 Master
                                                             and Slave
  169 000001F8 00000000        DCD              I2C5_Handler ; 110: I2C5 Master
                                                             and Slave
  170 000001FC 00000000        DCD              GPIOM_Handler 
                                                            ; 111: GPIO Port M
  171 00000200 00000000        DCD              GPION_Handler 
                                                            ; 112: GPIO Port N
  172 00000204 00000000        DCD              QEI2_Handler ; 113: Quadrature 
                                                            Encoder 2
  173 00000208 00000000        DCD              0           ; 114: Reserved
  174 0000020C 00000000        DCD              0           ; 115: Reserved
  175 00000210 00000000        DCD              GPIOP0_Handler ; 116: GPIO Port
                                                             P (Summary or P0)
  176 00000214 00000000        DCD              GPIOP1_Handler 
                                                            ; 117: GPIO Port P1
                                                            
  177 00000218 00000000        DCD              GPIOP2_Handler 
                                                            ; 118: GPIO Port P2



ARM Macro Assembler    Page 6 


                                                            
  178 0000021C 00000000        DCD              GPIOP3_Handler 
                                                            ; 119: GPIO Port P3
                                                            
  179 00000220 00000000        DCD              GPIOP4_Handler 
                                                            ; 120: GPIO Port P4
                                                            
  180 00000224 00000000        DCD              GPIOP5_Handler 
                                                            ; 121: GPIO Port P5
                                                            
  181 00000228 00000000        DCD              GPIOP6_Handler 
                                                            ; 122: GPIO Port P6
                                                            
  182 0000022C 00000000        DCD              GPIOP7_Handler 
                                                            ; 123: GPIO Port P7
                                                            
  183 00000230 00000000        DCD              GPIOQ0_Handler ; 124: GPIO Port
                                                             Q (Summary or Q0)
  184 00000234 00000000        DCD              GPIOQ1_Handler 
                                                            ; 125: GPIO Port Q1
                                                            
  185 00000238 00000000        DCD              GPIOQ2_Handler 
                                                            ; 126: GPIO Port Q2
                                                            
  186 0000023C 00000000        DCD              GPIOQ3_Handler 
                                                            ; 127: GPIO Port Q3
                                                            
  187 00000240 00000000        DCD              GPIOQ4_Handler 
                                                            ; 128: GPIO Port Q4
                                                            
  188 00000244 00000000        DCD              GPIOQ5_Handler 
                                                            ; 129: GPIO Port Q5
                                                            
  189 00000248 00000000        DCD              GPIOQ6_Handler 
                                                            ; 130: GPIO Port Q6
                                                            
  190 0000024C 00000000        DCD              GPIOQ7_Handler 
                                                            ; 131: GPIO Port Q7
                                                            
  191 00000250 00000000        DCD              GPIOR_Handler 
                                                            ; 132: GPIO Port R
  192 00000254 00000000        DCD              GPIOS_Handler 
                                                            ; 133: GPIO Port S
  193 00000258 00000000        DCD              PMW1_0_Handler ; 134: PWM 1 Gen
                                                            erator 0
  194 0000025C 00000000        DCD              PWM1_1_Handler ; 135: PWM 1 Gen
                                                            erator 1
  195 00000260 00000000        DCD              PWM1_2_Handler ; 136: PWM 1 Gen
                                                            erator 2
  196 00000264 00000000        DCD              PWM1_3_Handler ; 137: PWM 1 Gen
                                                            erator 3
  197 00000268 00000000        DCD              PWM1_FAULT_Handler 
                                                            ; 138: PWM 1 Fault
  198 0000026C         
  199 0000026C         
  200 0000026C         
  201 0000026C         ;-------------------------------------------------------
                       ------------------------
  202 0000026C         ; Reset Handler



ARM Macro Assembler    Page 7 


  203 0000026C         ;-------------------------------------------------------
                       ------------------------   
  204 0000026C                 AREA             |.text|, CODE, READONLY ; Instr
                                                            uctions to be place
                                                            d in ROM
  205 00000000         
  206 00000000                 EXPORT           Reset_Handler
  207 00000000         Reset_Handler
                               PROC
  208 00000000 480D            LDR              R0, =__initial_handler_sp ; loa
                                                            d the proces stack 
                                                            pointer
  209 00000002 F380 8809       MSR              PSP, R0
  210 00000006                 IMPORT           system_init ; run the system in
                                                            itialisation 
  211 00000006 480D            LDR              R0, =system_init
  212 00000008 4780            BLX              R0
  213 0000000A                 IMPORT           main
  214 0000000A 480D            LDR              R0, =main   ; Run the main meth
                                                            od
  215 0000000C 4700            BX               R0
  216 0000000E                 ENDP
  217 0000000E         
  218 0000000E         
  219 0000000E         
  220 0000000E         ;-------------------------------------------------------
                       ------------------------
  221 0000000E         ; Simple exception handlers. WEAK - imported into other 
                       sources if no other  
  222 0000000E         ; source exports an alternative
  223 0000000E         ;-------------------------------------------------------
                       ------------------------
  224 0000000E         NMI_Handler
                               PROC
  225 0000000E                 EXPORT           NMI_Handler               [WEAK
]
  226 0000000E E7FE            B                .
  227 00000010                 ENDP
  229 00000010         HardFault_Handler
                               PROC
  230 00000010                 EXPORT           HardFault_Handler         [WEAK
]
  231 00000010 E7FE            B                .
  232 00000012                 ENDP
  234 00000012         MemManage_Handler
                               PROC
  235 00000012                 EXPORT           MemManage_Handler         [WEAK
]
  236 00000012 E7FE            B                .
  237 00000014                 ENDP
  239 00000014         BusFault_Handler
                               PROC
  240 00000014                 EXPORT           BusFault_Handler          [WEAK
]
  241 00000014 E7FE            B                .
  242 00000016                 ENDP
  244 00000016         UsageFault_Handler
                               PROC
  245 00000016                 EXPORT           UsageFault_Handler        [WEAK



ARM Macro Assembler    Page 8 


]
  246 00000016 E7FE            B                .
  247 00000018                 ENDP
  248 00000018         SVC_Handler
                               PROC
  249 00000018                 EXPORT           SVC_Handler               [WEAK
]
  250 00000018 E7FE            B                .
  251 0000001A                 ENDP
  253 0000001A         DebugMon_Handler
                               PROC
  254 0000001A                 EXPORT           DebugMon_Handler          [WEAK
]
  255 0000001A E7FE            B                .
  256 0000001C                 ENDP
  258 0000001C         PendSV_Handler
                               PROC
  259 0000001C                 EXPORT           PendSV_Handler            [WEAK
]
  260 0000001C E7FE            B                .
  261 0000001E                 ENDP
  263 0000001E         SysTick_Handler
                               PROC
  264 0000001E                 EXPORT           SysTick_Handler           [WEAK
]
  265 0000001E E7FE            B                .
  266 00000020                 ENDP
  267 00000020         
  268 00000020         
  269 00000020         ;-------------------------------------------------------
                       ------------------------
  270 00000020         ; External interrupt handlers. WEAK - imported into othe
                       r sources if no other  
  271 00000020         ; source exports an alternative
  272 00000020         ;-------------------------------------------------------
                       ------------------------
  273 00000020         Default_Handler
                               PROC
  274 00000020         
  275 00000020                 EXPORT           GPIOA_Handler [WEAK]
  276 00000020                 EXPORT           GPIOB_Handler [WEAK]
  277 00000020                 EXPORT           GPIOC_Handler [WEAK]
  278 00000020                 EXPORT           GPIOD_Handler [WEAK]
  279 00000020                 EXPORT           GPIOE_Handler [WEAK]
  280 00000020                 EXPORT           UART0_Handler [WEAK]
  281 00000020                 EXPORT           UART1_Handler [WEAK]
  282 00000020                 EXPORT           SSI0_Handler [WEAK]
  283 00000020                 EXPORT           I2C0_Handler [WEAK]
  284 00000020                 EXPORT           PMW0_FAULT_Handler [WEAK]
  285 00000020                 EXPORT           PWM0_0_Handler [WEAK]
  286 00000020                 EXPORT           PWM0_1_Handler [WEAK]
  287 00000020                 EXPORT           PWM0_2_Handler [WEAK]
  288 00000020                 EXPORT           QEI0_Handler [WEAK]
  289 00000020                 EXPORT           ADC0SS0_Handler [WEAK]
  290 00000020                 EXPORT           ADC0SS1_Handler [WEAK]
  291 00000020                 EXPORT           ADC0SS2_Handler [WEAK]
  292 00000020                 EXPORT           ADC0SS3_Handler [WEAK]
  293 00000020                 EXPORT           WDT0_Handler [WEAK]
  294 00000020                 EXPORT           TIMER0A_Handler [WEAK]



ARM Macro Assembler    Page 9 


  295 00000020                 EXPORT           TIMER0B_Handler [WEAK]
  296 00000020                 EXPORT           TIMER1A_Handler [WEAK]
  297 00000020                 EXPORT           TIMER1B_Handler [WEAK]
  298 00000020                 EXPORT           TIMER2A_Handler [WEAK]
  299 00000020                 EXPORT           TIMER2B_Handler [WEAK]
  300 00000020                 EXPORT           COMP0_Handler [WEAK]
  301 00000020                 EXPORT           COMP1_Handler [WEAK]
  302 00000020                 EXPORT           COMP2_Handler [WEAK]
  303 00000020                 EXPORT           SYSCTL_Handler [WEAK]
  304 00000020                 EXPORT           FLASH_Handler [WEAK]
  305 00000020                 EXPORT           GPIOF_Handler [WEAK]
  306 00000020                 EXPORT           GPIOG_Handler [WEAK]
  307 00000020                 EXPORT           GPIOH_Handler [WEAK]
  308 00000020                 EXPORT           UART2_Handler [WEAK]
  309 00000020                 EXPORT           SSI1_Handler [WEAK]
  310 00000020                 EXPORT           TIMER3A_Handler [WEAK]
  311 00000020                 EXPORT           TIMER3B_Handler [WEAK]
  312 00000020                 EXPORT           I2C1_Handler [WEAK]
  313 00000020                 EXPORT           QEI1_Handler [WEAK]
  314 00000020                 EXPORT           CAN0_Handler [WEAK]
  315 00000020                 EXPORT           CAN1_Handler [WEAK]
  316 00000020                 EXPORT           CAN2_Handler [WEAK]
  317 00000020                 EXPORT           HIB_Handler [WEAK]
  318 00000020                 EXPORT           USB0_Handler [WEAK]
  319 00000020                 EXPORT           PWM0_3_Handler [WEAK]
  320 00000020                 EXPORT           UDMA_Handler [WEAK]
  321 00000020                 EXPORT           UDMAERR_Handler [WEAK]
  322 00000020                 EXPORT           ADC1SS0_Handler [WEAK]
  323 00000020                 EXPORT           ADC1SS1_Handler [WEAK]
  324 00000020                 EXPORT           ADC1SS2_Handler [WEAK]
  325 00000020                 EXPORT           ADC1SS3_Handler [WEAK]
  326 00000020                 EXPORT           GPIOJ_Handler [WEAK]
  327 00000020                 EXPORT           GPIOK_Handler [WEAK]
  328 00000020                 EXPORT           GPIOL_Handler [WEAK]
  329 00000020                 EXPORT           SSI2_Handler [WEAK]
  330 00000020                 EXPORT           SSI3_Handler [WEAK]
  331 00000020                 EXPORT           UART3_Handler [WEAK]
  332 00000020                 EXPORT           UART4_Handler [WEAK]
  333 00000020                 EXPORT           UART5_Handler [WEAK]
  334 00000020                 EXPORT           UART6_Handler [WEAK]
  335 00000020                 EXPORT           UART7_Handler [WEAK]
  336 00000020                 EXPORT           I2C2_Handler [WEAK]
  337 00000020                 EXPORT           I2C3_Handler [WEAK]
  338 00000020                 EXPORT           TIMER4A_Handler [WEAK]
  339 00000020                 EXPORT           TIMER4B_Handler [WEAK]
  340 00000020                 EXPORT           TIMER5A_Handler [WEAK]
  341 00000020                 EXPORT           TIMER5B_Handler [WEAK]
  342 00000020                 EXPORT           WTIMER0A_Handler [WEAK]
  343 00000020                 EXPORT           WTIMER0B_Handler [WEAK]
  344 00000020                 EXPORT           WTIMER1A_Handler [WEAK]
  345 00000020                 EXPORT           WTIMER1B_Handler [WEAK]
  346 00000020                 EXPORT           WTIMER2A_Handler [WEAK]
  347 00000020                 EXPORT           WTIMER2B_Handler [WEAK]
  348 00000020                 EXPORT           WTIMER3A_Handler [WEAK]
  349 00000020                 EXPORT           WTIMER3B_Handler [WEAK]
  350 00000020                 EXPORT           WTIMER4A_Handler [WEAK]
  351 00000020                 EXPORT           WTIMER4B_Handler [WEAK]
  352 00000020                 EXPORT           WTIMER5A_Handler [WEAK]
  353 00000020                 EXPORT           WTIMER5B_Handler [WEAK]



ARM Macro Assembler    Page 10 


  354 00000020                 EXPORT           FPU_Handler [WEAK]
  355 00000020                 EXPORT           I2C4_Handler [WEAK]
  356 00000020                 EXPORT           I2C5_Handler [WEAK]
  357 00000020                 EXPORT           GPIOM_Handler [WEAK]
  358 00000020                 EXPORT           GPION_Handler [WEAK]
  359 00000020                 EXPORT           QEI2_Handler [WEAK]
  360 00000020                 EXPORT           GPIOP0_Handler [WEAK]
  361 00000020                 EXPORT           GPIOP1_Handler [WEAK]
  362 00000020                 EXPORT           GPIOP2_Handler [WEAK]
  363 00000020                 EXPORT           GPIOP3_Handler [WEAK]
  364 00000020                 EXPORT           GPIOP4_Handler [WEAK]
  365 00000020                 EXPORT           GPIOP5_Handler [WEAK]
  366 00000020                 EXPORT           GPIOP6_Handler [WEAK]
  367 00000020                 EXPORT           GPIOP7_Handler [WEAK]
  368 00000020                 EXPORT           GPIOQ0_Handler [WEAK]
  369 00000020                 EXPORT           GPIOQ1_Handler [WEAK]
  370 00000020                 EXPORT           GPIOQ2_Handler [WEAK]
  371 00000020                 EXPORT           GPIOQ3_Handler [WEAK]
  372 00000020                 EXPORT           GPIOQ4_Handler [WEAK]
  373 00000020                 EXPORT           GPIOQ5_Handler [WEAK]
  374 00000020                 EXPORT           GPIOQ6_Handler [WEAK]
  375 00000020                 EXPORT           GPIOQ7_Handler [WEAK]
  376 00000020                 EXPORT           GPIOR_Handler [WEAK]
  377 00000020                 EXPORT           GPIOS_Handler [WEAK]
  378 00000020                 EXPORT           PMW1_0_Handler [WEAK]
  379 00000020                 EXPORT           PWM1_1_Handler [WEAK]
  380 00000020                 EXPORT           PWM1_2_Handler [WEAK]
  381 00000020                 EXPORT           PWM1_3_Handler [WEAK]
  382 00000020                 EXPORT           PWM1_FAULT_Handler [WEAK]
  383 00000020         
  384 00000020         
  385 00000020         GPIOA_Handler
  386 00000020         GPIOB_Handler
  387 00000020         GPIOC_Handler
  388 00000020         GPIOD_Handler
  389 00000020         GPIOE_Handler
  390 00000020         UART0_Handler
  391 00000020         UART1_Handler
  392 00000020         SSI0_Handler
  393 00000020         I2C0_Handler
  394 00000020         PMW0_FAULT_Handler
  395 00000020         PWM0_0_Handler
  396 00000020         PWM0_1_Handler
  397 00000020         PWM0_2_Handler
  398 00000020         QEI0_Handler
  399 00000020         ADC0SS0_Handler
  400 00000020         ADC0SS1_Handler
  401 00000020         ADC0SS2_Handler
  402 00000020         ADC0SS3_Handler
  403 00000020         WDT0_Handler
  404 00000020         TIMER0A_Handler
  405 00000020         TIMER0B_Handler
  406 00000020         TIMER1A_Handler
  407 00000020         TIMER1B_Handler
  408 00000020         TIMER2A_Handler
  409 00000020         TIMER2B_Handler
  410 00000020         COMP0_Handler
  411 00000020         COMP1_Handler
  412 00000020         COMP2_Handler



ARM Macro Assembler    Page 11 


  413 00000020         SYSCTL_Handler
  414 00000020         FLASH_Handler
  415 00000020         GPIOF_Handler
  416 00000020         GPIOG_Handler
  417 00000020         GPIOH_Handler
  418 00000020         UART2_Handler
  419 00000020         SSI1_Handler
  420 00000020         TIMER3A_Handler
  421 00000020         TIMER3B_Handler
  422 00000020         I2C1_Handler
  423 00000020         QEI1_Handler
  424 00000020         CAN0_Handler
  425 00000020         CAN1_Handler
  426 00000020         CAN2_Handler
  427 00000020         HIB_Handler
  428 00000020         USB0_Handler
  429 00000020         PWM0_3_Handler
  430 00000020         UDMA_Handler
  431 00000020         UDMAERR_Handler
  432 00000020         ADC1SS0_Handler
  433 00000020         ADC1SS1_Handler
  434 00000020         ADC1SS2_Handler
  435 00000020         ADC1SS3_Handler
  436 00000020         GPIOJ_Handler
  437 00000020         GPIOK_Handler
  438 00000020         GPIOL_Handler
  439 00000020         SSI2_Handler
  440 00000020         SSI3_Handler
  441 00000020         UART3_Handler
  442 00000020         UART4_Handler
  443 00000020         UART5_Handler
  444 00000020         UART6_Handler
  445 00000020         UART7_Handler
  446 00000020         I2C2_Handler
  447 00000020         I2C3_Handler
  448 00000020         TIMER4A_Handler
  449 00000020         TIMER4B_Handler
  450 00000020         TIMER5A_Handler
  451 00000020         TIMER5B_Handler
  452 00000020         WTIMER0A_Handler
  453 00000020         WTIMER0B_Handler
  454 00000020         WTIMER1A_Handler
  455 00000020         WTIMER1B_Handler
  456 00000020         WTIMER2A_Handler
  457 00000020         WTIMER2B_Handler
  458 00000020         WTIMER3A_Handler
  459 00000020         WTIMER3B_Handler
  460 00000020         WTIMER4A_Handler
  461 00000020         WTIMER4B_Handler
  462 00000020         WTIMER5A_Handler
  463 00000020         WTIMER5B_Handler
  464 00000020         FPU_Handler
  465 00000020         I2C4_Handler
  466 00000020         I2C5_Handler
  467 00000020         GPIOM_Handler
  468 00000020         GPION_Handler
  469 00000020         QEI2_Handler
  470 00000020         GPIOP0_Handler
  471 00000020         GPIOP1_Handler



ARM Macro Assembler    Page 12 


  472 00000020         GPIOP2_Handler
  473 00000020         GPIOP3_Handler
  474 00000020         GPIOP4_Handler
  475 00000020         GPIOP5_Handler
  476 00000020         GPIOP6_Handler
  477 00000020         GPIOP7_Handler
  478 00000020         GPIOQ0_Handler
  479 00000020         GPIOQ1_Handler
  480 00000020         GPIOQ2_Handler
  481 00000020         GPIOQ3_Handler
  482 00000020         GPIOQ4_Handler
  483 00000020         GPIOQ5_Handler
  484 00000020         GPIOQ6_Handler
  485 00000020         GPIOQ7_Handler
  486 00000020         GPIOR_Handler
  487 00000020         GPIOS_Handler
  488 00000020         PMW1_0_Handler
  489 00000020         PWM1_1_Handler
  490 00000020         PWM1_2_Handler
  491 00000020         PWM1_3_Handler
  492 00000020         PWM1_FAULT_Handler
  493 00000020 E7FE            B                .
  494 00000022                 ENDP
  495 00000022 00 00           ALIGN
  496 00000024         
  497 00000024         
  498 00000024         ;-------------------------------------------------------
                       ------------------------
  499 00000024         ; Function:     __disable_irqs
  500 00000024         ; Purpose:     Disable interrupts by setting the I bit i
                       n PRIMASK register
  501 00000024         ; Arguments: -
  502 00000024         ; Returns:   -
  503 00000024         ;-------------------------------------------------------
                       ------------------------
  504 00000024         __disable_irqs
                               PROC
  505 00000024                 EXPORT           __disable_irqs
  506 00000024 B672            CPSID            I
  507 00000026 4770            BX               LR
  508 00000028                 ENDP
  509 00000028         
  510 00000028         
  511 00000028         ;-------------------------------------------------------
                       ------------------------
  512 00000028         ; Function:     __enable_irqs
  513 00000028         ; Purpose:     Enable interrupts by clearing the I bit i
                       n PRIMASK register
  514 00000028         ; Arguments: -
  515 00000028         ; Returns:   -
  516 00000028         ;-------------------------------------------------------
                       ------------------------
  517 00000028         __enable_irqs
                               PROC
  518 00000028                 EXPORT           __enable_irqs
  519 00000028 B662            CPSIE            I
  520 0000002A 4770            BX               LR
  521 0000002C                 ENDP
  522 0000002C         



ARM Macro Assembler    Page 13 


  523 0000002C         
  524 0000002C         ;-------------------------------------------------------
                       ------------------------
  525 0000002C         ; Function:     __set_base_prio
  526 0000002C         ; Purpose:     Set the base priority, disables interrupt
                       s with priority lower than
  527 0000002C         ;    the argument. Writing 0 turns of priority masking
  528 0000002C         ; Arguments:
  529 0000002C         ;  R0 - base priority
  530 0000002C         ; Returns:   -
  531 0000002C         ;-------------------------------------------------------
                       ------------------------ 
  532 0000002C         __set_base_prio
                               PROC
  533 0000002C                 EXPORT           __set_base_prio
  534 0000002C F380 8811       MSR              BASEPRI, R0
  535 00000030 4770            BX               LR
  536 00000032                 ENDP
  537 00000032         
  538 00000032         
  539 00000032         ;-------------------------------------------------------
                       ------------------------
  540 00000032         ; Function:     __get_base_prio
  541 00000032         ; Purpose:     Read the masking priority level
  542 00000032         ; Arguments: -
  543 00000032         ; Returns:   
  544 00000032         ;  R0 - masking priority level
  545 00000032         ;-------------------------------------------------------
                       ------------------------ 
  546 00000032         __get_base_prio
                               PROC
  547 00000032                 EXPORT           __get_base_prio
  548 00000032 F3EF 8011       MRS              R0, BASEPRI
  549 00000036 4770            BX               LR
  550 00000038                 ENDP
  551 00000038         
  552 00000038         
  553 00000038                 END
              00000000 
              00000000 
              00000000 
Command Line: --debug --xref --diag_suppress=9931 --cpu=Cortex-M4.fp --apcs=int
erwork --depend=.\system_asm.d -o.\system_asm.o -I"C:\Users\Krzysztof Koch\Docu
ments\KrisRTOS\RTE" -IC:\Keil_v5\ARM\PACK\Keil\TM4C_DFP\1.1.0\Device\Include\TM
4C123 -IC:\Keil_v5\ARM\CMSIS\Include --predefine="__EVAL SETA 1" --predefine="_
_UVISION_VERSION SETA 520" --predefine="TM4C123GH6PM SETA 1" --list=.\system_as
m.lst system_asm.s



ARM Macro Assembler    Page 1 Alphabetic symbol ordering
Relocatable symbols

Handler_Stack 00000000

Symbol: Handler_Stack
   Definitions
      At line 24 in file system_asm.s
   Uses
      None
Comment: Handler_Stack unused
STACK 00000000

Symbol: STACK
   Definitions
      At line 22 in file system_asm.s
   Uses
      None
Comment: STACK unused
Thread_Stack 00000200

Symbol: Thread_Stack
   Definitions
      At line 27 in file system_asm.s
   Uses
      None
Comment: Thread_Stack unused
__initial_handler_sp 00000200

Symbol: __initial_handler_sp
   Definitions
      At line 25 in file system_asm.s
   Uses
      At line 208 in file system_asm.s
Comment: __initial_handler_sp used once
__initial_sp 00000400

Symbol: __initial_sp
   Definitions
      At line 28 in file system_asm.s
   Uses
      At line 41 in file system_asm.s
Comment: __initial_sp used once
5 symbols



ARM Macro Assembler    Page 1 Alphabetic symbol ordering
Relocatable symbols

RESET 00000000

Symbol: RESET
   Definitions
      At line 37 in file system_asm.s
   Uses
      None
Comment: RESET unused
__Vectors 00000000

Symbol: __Vectors
   Definitions
      At line 41 in file system_asm.s
   Uses
      At line 40 in file system_asm.s
Comment: __Vectors used once
2 symbols



ARM Macro Assembler    Page 1 Alphabetic symbol ordering
Relocatable symbols

.text 00000000

Symbol: .text
   Definitions
      At line 204 in file system_asm.s
   Uses
      None
Comment: .text unused
ADC0SS0_Handler 00000020

Symbol: ADC0SS0_Handler
   Definitions
      At line 399 in file system_asm.s
   Uses
      At line 73 in file system_asm.s
      At line 289 in file system_asm.s

ADC0SS1_Handler 00000020

Symbol: ADC0SS1_Handler
   Definitions
      At line 400 in file system_asm.s
   Uses
      At line 74 in file system_asm.s
      At line 290 in file system_asm.s

ADC0SS2_Handler 00000020

Symbol: ADC0SS2_Handler
   Definitions
      At line 401 in file system_asm.s
   Uses
      At line 75 in file system_asm.s
      At line 291 in file system_asm.s

ADC0SS3_Handler 00000020

Symbol: ADC0SS3_Handler
   Definitions
      At line 402 in file system_asm.s
   Uses
      At line 76 in file system_asm.s
      At line 292 in file system_asm.s

ADC1SS0_Handler 00000020

Symbol: ADC1SS0_Handler
   Definitions
      At line 432 in file system_asm.s
   Uses
      At line 107 in file system_asm.s
      At line 322 in file system_asm.s

ADC1SS1_Handler 00000020

Symbol: ADC1SS1_Handler
   Definitions
      At line 433 in file system_asm.s
   Uses



ARM Macro Assembler    Page 2 Alphabetic symbol ordering
Relocatable symbols

      At line 108 in file system_asm.s
      At line 323 in file system_asm.s

ADC1SS2_Handler 00000020

Symbol: ADC1SS2_Handler
   Definitions
      At line 434 in file system_asm.s
   Uses
      At line 109 in file system_asm.s
      At line 324 in file system_asm.s

ADC1SS3_Handler 00000020

Symbol: ADC1SS3_Handler
   Definitions
      At line 435 in file system_asm.s
   Uses
      At line 110 in file system_asm.s
      At line 325 in file system_asm.s

BusFault_Handler 00000014

Symbol: BusFault_Handler
   Definitions
      At line 239 in file system_asm.s
   Uses
      At line 46 in file system_asm.s
      At line 240 in file system_asm.s

CAN0_Handler 00000020

Symbol: CAN0_Handler
   Definitions
      At line 424 in file system_asm.s
   Uses
      At line 98 in file system_asm.s
      At line 314 in file system_asm.s

CAN1_Handler 00000020

Symbol: CAN1_Handler
   Definitions
      At line 425 in file system_asm.s
   Uses
      At line 99 in file system_asm.s
      At line 315 in file system_asm.s

CAN2_Handler 00000020

Symbol: CAN2_Handler
   Definitions
      At line 426 in file system_asm.s
   Uses
      At line 100 in file system_asm.s
      At line 316 in file system_asm.s

COMP0_Handler 00000020




ARM Macro Assembler    Page 3 Alphabetic symbol ordering
Relocatable symbols

Symbol: COMP0_Handler
   Definitions
      At line 410 in file system_asm.s
   Uses
      At line 84 in file system_asm.s
      At line 300 in file system_asm.s

COMP1_Handler 00000020

Symbol: COMP1_Handler
   Definitions
      At line 411 in file system_asm.s
   Uses
      At line 85 in file system_asm.s
      At line 301 in file system_asm.s

COMP2_Handler 00000020

Symbol: COMP2_Handler
   Definitions
      At line 412 in file system_asm.s
   Uses
      At line 86 in file system_asm.s
      At line 302 in file system_asm.s

DebugMon_Handler 0000001A

Symbol: DebugMon_Handler
   Definitions
      At line 253 in file system_asm.s
   Uses
      At line 53 in file system_asm.s
      At line 254 in file system_asm.s

Default_Handler 00000020

Symbol: Default_Handler
   Definitions
      At line 273 in file system_asm.s
   Uses
      None
Comment: Default_Handler unused
FLASH_Handler 00000020

Symbol: FLASH_Handler
   Definitions
      At line 414 in file system_asm.s
   Uses
      At line 88 in file system_asm.s
      At line 304 in file system_asm.s

FPU_Handler 00000020

Symbol: FPU_Handler
   Definitions
      At line 464 in file system_asm.s
   Uses
      At line 165 in file system_asm.s
      At line 354 in file system_asm.s



ARM Macro Assembler    Page 4 Alphabetic symbol ordering
Relocatable symbols


GPIOA_Handler 00000020

Symbol: GPIOA_Handler
   Definitions
      At line 385 in file system_asm.s
   Uses
      At line 59 in file system_asm.s
      At line 275 in file system_asm.s

GPIOB_Handler 00000020

Symbol: GPIOB_Handler
   Definitions
      At line 386 in file system_asm.s
   Uses
      At line 60 in file system_asm.s
      At line 276 in file system_asm.s

GPIOC_Handler 00000020

Symbol: GPIOC_Handler
   Definitions
      At line 387 in file system_asm.s
   Uses
      At line 61 in file system_asm.s
      At line 277 in file system_asm.s

GPIOD_Handler 00000020

Symbol: GPIOD_Handler
   Definitions
      At line 388 in file system_asm.s
   Uses
      At line 62 in file system_asm.s
      At line 278 in file system_asm.s

GPIOE_Handler 00000020

Symbol: GPIOE_Handler
   Definitions
      At line 389 in file system_asm.s
   Uses
      At line 63 in file system_asm.s
      At line 279 in file system_asm.s

GPIOF_Handler 00000020

Symbol: GPIOF_Handler
   Definitions
      At line 415 in file system_asm.s
   Uses
      At line 89 in file system_asm.s
      At line 305 in file system_asm.s

GPIOG_Handler 00000020

Symbol: GPIOG_Handler
   Definitions



ARM Macro Assembler    Page 5 Alphabetic symbol ordering
Relocatable symbols

      At line 416 in file system_asm.s
   Uses
      At line 90 in file system_asm.s
      At line 306 in file system_asm.s

GPIOH_Handler 00000020

Symbol: GPIOH_Handler
   Definitions
      At line 417 in file system_asm.s
   Uses
      At line 91 in file system_asm.s
      At line 307 in file system_asm.s

GPIOJ_Handler 00000020

Symbol: GPIOJ_Handler
   Definitions
      At line 436 in file system_asm.s
   Uses
      At line 113 in file system_asm.s
      At line 326 in file system_asm.s

GPIOK_Handler 00000020

Symbol: GPIOK_Handler
   Definitions
      At line 437 in file system_asm.s
   Uses
      At line 114 in file system_asm.s
      At line 327 in file system_asm.s

GPIOL_Handler 00000020

Symbol: GPIOL_Handler
   Definitions
      At line 438 in file system_asm.s
   Uses
      At line 115 in file system_asm.s
      At line 328 in file system_asm.s

GPIOM_Handler 00000020

Symbol: GPIOM_Handler
   Definitions
      At line 467 in file system_asm.s
   Uses
      At line 170 in file system_asm.s
      At line 357 in file system_asm.s

GPION_Handler 00000020

Symbol: GPION_Handler
   Definitions
      At line 468 in file system_asm.s
   Uses
      At line 171 in file system_asm.s
      At line 358 in file system_asm.s




ARM Macro Assembler    Page 6 Alphabetic symbol ordering
Relocatable symbols

GPIOP0_Handler 00000020

Symbol: GPIOP0_Handler
   Definitions
      At line 470 in file system_asm.s
   Uses
      At line 175 in file system_asm.s
      At line 360 in file system_asm.s

GPIOP1_Handler 00000020

Symbol: GPIOP1_Handler
   Definitions
      At line 471 in file system_asm.s
   Uses
      At line 176 in file system_asm.s
      At line 361 in file system_asm.s

GPIOP2_Handler 00000020

Symbol: GPIOP2_Handler
   Definitions
      At line 472 in file system_asm.s
   Uses
      At line 177 in file system_asm.s
      At line 362 in file system_asm.s

GPIOP3_Handler 00000020

Symbol: GPIOP3_Handler
   Definitions
      At line 473 in file system_asm.s
   Uses
      At line 178 in file system_asm.s
      At line 363 in file system_asm.s

GPIOP4_Handler 00000020

Symbol: GPIOP4_Handler
   Definitions
      At line 474 in file system_asm.s
   Uses
      At line 179 in file system_asm.s
      At line 364 in file system_asm.s

GPIOP5_Handler 00000020

Symbol: GPIOP5_Handler
   Definitions
      At line 475 in file system_asm.s
   Uses
      At line 180 in file system_asm.s
      At line 365 in file system_asm.s

GPIOP6_Handler 00000020

Symbol: GPIOP6_Handler
   Definitions
      At line 476 in file system_asm.s



ARM Macro Assembler    Page 7 Alphabetic symbol ordering
Relocatable symbols

   Uses
      At line 181 in file system_asm.s
      At line 366 in file system_asm.s

GPIOP7_Handler 00000020

Symbol: GPIOP7_Handler
   Definitions
      At line 477 in file system_asm.s
   Uses
      At line 182 in file system_asm.s
      At line 367 in file system_asm.s

GPIOQ0_Handler 00000020

Symbol: GPIOQ0_Handler
   Definitions
      At line 478 in file system_asm.s
   Uses
      At line 183 in file system_asm.s
      At line 368 in file system_asm.s

GPIOQ1_Handler 00000020

Symbol: GPIOQ1_Handler
   Definitions
      At line 479 in file system_asm.s
   Uses
      At line 184 in file system_asm.s
      At line 369 in file system_asm.s

GPIOQ2_Handler 00000020

Symbol: GPIOQ2_Handler
   Definitions
      At line 480 in file system_asm.s
   Uses
      At line 185 in file system_asm.s
      At line 370 in file system_asm.s

GPIOQ3_Handler 00000020

Symbol: GPIOQ3_Handler
   Definitions
      At line 481 in file system_asm.s
   Uses
      At line 186 in file system_asm.s
      At line 371 in file system_asm.s

GPIOQ4_Handler 00000020

Symbol: GPIOQ4_Handler
   Definitions
      At line 482 in file system_asm.s
   Uses
      At line 187 in file system_asm.s
      At line 372 in file system_asm.s

GPIOQ5_Handler 00000020



ARM Macro Assembler    Page 8 Alphabetic symbol ordering
Relocatable symbols


Symbol: GPIOQ5_Handler
   Definitions
      At line 483 in file system_asm.s
   Uses
      At line 188 in file system_asm.s
      At line 373 in file system_asm.s

GPIOQ6_Handler 00000020

Symbol: GPIOQ6_Handler
   Definitions
      At line 484 in file system_asm.s
   Uses
      At line 189 in file system_asm.s
      At line 374 in file system_asm.s

GPIOQ7_Handler 00000020

Symbol: GPIOQ7_Handler
   Definitions
      At line 485 in file system_asm.s
   Uses
      At line 190 in file system_asm.s
      At line 375 in file system_asm.s

GPIOR_Handler 00000020

Symbol: GPIOR_Handler
   Definitions
      At line 486 in file system_asm.s
   Uses
      At line 191 in file system_asm.s
      At line 376 in file system_asm.s

GPIOS_Handler 00000020

Symbol: GPIOS_Handler
   Definitions
      At line 487 in file system_asm.s
   Uses
      At line 192 in file system_asm.s
      At line 377 in file system_asm.s

HIB_Handler 00000020

Symbol: HIB_Handler
   Definitions
      At line 427 in file system_asm.s
   Uses
      At line 102 in file system_asm.s
      At line 317 in file system_asm.s

HardFault_Handler 00000010

Symbol: HardFault_Handler
   Definitions
      At line 229 in file system_asm.s
   Uses



ARM Macro Assembler    Page 9 Alphabetic symbol ordering
Relocatable symbols

      At line 44 in file system_asm.s
      At line 230 in file system_asm.s

I2C0_Handler 00000020

Symbol: I2C0_Handler
   Definitions
      At line 393 in file system_asm.s
   Uses
      At line 67 in file system_asm.s
      At line 283 in file system_asm.s

I2C1_Handler 00000020

Symbol: I2C1_Handler
   Definitions
      At line 422 in file system_asm.s
   Uses
      At line 96 in file system_asm.s
      At line 312 in file system_asm.s

I2C2_Handler 00000020

Symbol: I2C2_Handler
   Definitions
      At line 446 in file system_asm.s
   Uses
      At line 127 in file system_asm.s
      At line 336 in file system_asm.s

I2C3_Handler 00000020

Symbol: I2C3_Handler
   Definitions
      At line 447 in file system_asm.s
   Uses
      At line 128 in file system_asm.s
      At line 337 in file system_asm.s

I2C4_Handler 00000020

Symbol: I2C4_Handler
   Definitions
      At line 465 in file system_asm.s
   Uses
      At line 168 in file system_asm.s
      At line 355 in file system_asm.s

I2C5_Handler 00000020

Symbol: I2C5_Handler
   Definitions
      At line 466 in file system_asm.s
   Uses
      At line 169 in file system_asm.s
      At line 356 in file system_asm.s

MemManage_Handler 00000012




ARM Macro Assembler    Page 10 Alphabetic symbol ordering
Relocatable symbols

Symbol: MemManage_Handler
   Definitions
      At line 234 in file system_asm.s
   Uses
      At line 45 in file system_asm.s
      At line 235 in file system_asm.s

NMI_Handler 0000000E

Symbol: NMI_Handler
   Definitions
      At line 224 in file system_asm.s
   Uses
      At line 43 in file system_asm.s
      At line 225 in file system_asm.s

PMW0_FAULT_Handler 00000020

Symbol: PMW0_FAULT_Handler
   Definitions
      At line 394 in file system_asm.s
   Uses
      At line 68 in file system_asm.s
      At line 284 in file system_asm.s

PMW1_0_Handler 00000020

Symbol: PMW1_0_Handler
   Definitions
      At line 488 in file system_asm.s
   Uses
      At line 193 in file system_asm.s
      At line 378 in file system_asm.s

PWM0_0_Handler 00000020

Symbol: PWM0_0_Handler
   Definitions
      At line 395 in file system_asm.s
   Uses
      At line 69 in file system_asm.s
      At line 285 in file system_asm.s

PWM0_1_Handler 00000020

Symbol: PWM0_1_Handler
   Definitions
      At line 396 in file system_asm.s
   Uses
      At line 70 in file system_asm.s
      At line 286 in file system_asm.s

PWM0_2_Handler 00000020

Symbol: PWM0_2_Handler
   Definitions
      At line 397 in file system_asm.s
   Uses
      At line 71 in file system_asm.s



ARM Macro Assembler    Page 11 Alphabetic symbol ordering
Relocatable symbols

      At line 287 in file system_asm.s

PWM0_3_Handler 00000020

Symbol: PWM0_3_Handler
   Definitions
      At line 429 in file system_asm.s
   Uses
      At line 104 in file system_asm.s
      At line 319 in file system_asm.s

PWM1_1_Handler 00000020

Symbol: PWM1_1_Handler
   Definitions
      At line 489 in file system_asm.s
   Uses
      At line 194 in file system_asm.s
      At line 379 in file system_asm.s

PWM1_2_Handler 00000020

Symbol: PWM1_2_Handler
   Definitions
      At line 490 in file system_asm.s
   Uses
      At line 195 in file system_asm.s
      At line 380 in file system_asm.s

PWM1_3_Handler 00000020

Symbol: PWM1_3_Handler
   Definitions
      At line 491 in file system_asm.s
   Uses
      At line 196 in file system_asm.s
      At line 381 in file system_asm.s

PWM1_FAULT_Handler 00000020

Symbol: PWM1_FAULT_Handler
   Definitions
      At line 492 in file system_asm.s
   Uses
      At line 197 in file system_asm.s
      At line 382 in file system_asm.s

PendSV_Handler 0000001C

Symbol: PendSV_Handler
   Definitions
      At line 258 in file system_asm.s
   Uses
      At line 55 in file system_asm.s
      At line 259 in file system_asm.s

QEI0_Handler 00000020

Symbol: QEI0_Handler



ARM Macro Assembler    Page 12 Alphabetic symbol ordering
Relocatable symbols

   Definitions
      At line 398 in file system_asm.s
   Uses
      At line 72 in file system_asm.s
      At line 288 in file system_asm.s

QEI1_Handler 00000020

Symbol: QEI1_Handler
   Definitions
      At line 423 in file system_asm.s
   Uses
      At line 97 in file system_asm.s
      At line 313 in file system_asm.s

QEI2_Handler 00000020

Symbol: QEI2_Handler
   Definitions
      At line 469 in file system_asm.s
   Uses
      At line 172 in file system_asm.s
      At line 359 in file system_asm.s

Reset_Handler 00000000

Symbol: Reset_Handler
   Definitions
      At line 207 in file system_asm.s
   Uses
      At line 42 in file system_asm.s
      At line 206 in file system_asm.s

SSI0_Handler 00000020

Symbol: SSI0_Handler
   Definitions
      At line 392 in file system_asm.s
   Uses
      At line 66 in file system_asm.s
      At line 282 in file system_asm.s

SSI1_Handler 00000020

Symbol: SSI1_Handler
   Definitions
      At line 419 in file system_asm.s
   Uses
      At line 93 in file system_asm.s
      At line 309 in file system_asm.s

SSI2_Handler 00000020

Symbol: SSI2_Handler
   Definitions
      At line 439 in file system_asm.s
   Uses
      At line 116 in file system_asm.s
      At line 329 in file system_asm.s



ARM Macro Assembler    Page 13 Alphabetic symbol ordering
Relocatable symbols


SSI3_Handler 00000020

Symbol: SSI3_Handler
   Definitions
      At line 440 in file system_asm.s
   Uses
      At line 117 in file system_asm.s
      At line 330 in file system_asm.s

SVC_Handler 00000018

Symbol: SVC_Handler
   Definitions
      At line 248 in file system_asm.s
   Uses
      At line 52 in file system_asm.s
      At line 249 in file system_asm.s

SYSCTL_Handler 00000020

Symbol: SYSCTL_Handler
   Definitions
      At line 413 in file system_asm.s
   Uses
      At line 87 in file system_asm.s
      At line 303 in file system_asm.s

SysTick_Handler 0000001E

Symbol: SysTick_Handler
   Definitions
      At line 263 in file system_asm.s
   Uses
      At line 56 in file system_asm.s
      At line 264 in file system_asm.s

TIMER0A_Handler 00000020

Symbol: TIMER0A_Handler
   Definitions
      At line 404 in file system_asm.s
   Uses
      At line 78 in file system_asm.s
      At line 294 in file system_asm.s

TIMER0B_Handler 00000020

Symbol: TIMER0B_Handler
   Definitions
      At line 405 in file system_asm.s
   Uses
      At line 79 in file system_asm.s
      At line 295 in file system_asm.s

TIMER1A_Handler 00000020

Symbol: TIMER1A_Handler
   Definitions



ARM Macro Assembler    Page 14 Alphabetic symbol ordering
Relocatable symbols

      At line 406 in file system_asm.s
   Uses
      At line 80 in file system_asm.s
      At line 296 in file system_asm.s

TIMER1B_Handler 00000020

Symbol: TIMER1B_Handler
   Definitions
      At line 407 in file system_asm.s
   Uses
      At line 81 in file system_asm.s
      At line 297 in file system_asm.s

TIMER2A_Handler 00000020

Symbol: TIMER2A_Handler
   Definitions
      At line 408 in file system_asm.s
   Uses
      At line 82 in file system_asm.s
      At line 298 in file system_asm.s

TIMER2B_Handler 00000020

Symbol: TIMER2B_Handler
   Definitions
      At line 409 in file system_asm.s
   Uses
      At line 83 in file system_asm.s
      At line 299 in file system_asm.s

TIMER3A_Handler 00000020

Symbol: TIMER3A_Handler
   Definitions
      At line 420 in file system_asm.s
   Uses
      At line 94 in file system_asm.s
      At line 310 in file system_asm.s

TIMER3B_Handler 00000020

Symbol: TIMER3B_Handler
   Definitions
      At line 421 in file system_asm.s
   Uses
      At line 95 in file system_asm.s
      At line 311 in file system_asm.s

TIMER4A_Handler 00000020

Symbol: TIMER4A_Handler
   Definitions
      At line 448 in file system_asm.s
   Uses
      At line 129 in file system_asm.s
      At line 338 in file system_asm.s




ARM Macro Assembler    Page 15 Alphabetic symbol ordering
Relocatable symbols

TIMER4B_Handler 00000020

Symbol: TIMER4B_Handler
   Definitions
      At line 449 in file system_asm.s
   Uses
      At line 130 in file system_asm.s
      At line 339 in file system_asm.s

TIMER5A_Handler 00000020

Symbol: TIMER5A_Handler
   Definitions
      At line 450 in file system_asm.s
   Uses
      At line 151 in file system_asm.s
      At line 340 in file system_asm.s

TIMER5B_Handler 00000020

Symbol: TIMER5B_Handler
   Definitions
      At line 451 in file system_asm.s
   Uses
      At line 152 in file system_asm.s
      At line 341 in file system_asm.s

UART0_Handler 00000020

Symbol: UART0_Handler
   Definitions
      At line 390 in file system_asm.s
   Uses
      At line 64 in file system_asm.s
      At line 280 in file system_asm.s

UART1_Handler 00000020

Symbol: UART1_Handler
   Definitions
      At line 391 in file system_asm.s
   Uses
      At line 65 in file system_asm.s
      At line 281 in file system_asm.s

UART2_Handler 00000020

Symbol: UART2_Handler
   Definitions
      At line 418 in file system_asm.s
   Uses
      At line 92 in file system_asm.s
      At line 308 in file system_asm.s

UART3_Handler 00000020

Symbol: UART3_Handler
   Definitions
      At line 441 in file system_asm.s



ARM Macro Assembler    Page 16 Alphabetic symbol ordering
Relocatable symbols

   Uses
      At line 118 in file system_asm.s
      At line 331 in file system_asm.s

UART4_Handler 00000020

Symbol: UART4_Handler
   Definitions
      At line 442 in file system_asm.s
   Uses
      At line 119 in file system_asm.s
      At line 332 in file system_asm.s

UART5_Handler 00000020

Symbol: UART5_Handler
   Definitions
      At line 443 in file system_asm.s
   Uses
      At line 120 in file system_asm.s
      At line 333 in file system_asm.s

UART6_Handler 00000020

Symbol: UART6_Handler
   Definitions
      At line 444 in file system_asm.s
   Uses
      At line 121 in file system_asm.s
      At line 334 in file system_asm.s

UART7_Handler 00000020

Symbol: UART7_Handler
   Definitions
      At line 445 in file system_asm.s
   Uses
      At line 122 in file system_asm.s
      At line 335 in file system_asm.s

UDMAERR_Handler 00000020

Symbol: UDMAERR_Handler
   Definitions
      At line 431 in file system_asm.s
   Uses
      At line 106 in file system_asm.s
      At line 321 in file system_asm.s

UDMA_Handler 00000020

Symbol: UDMA_Handler
   Definitions
      At line 430 in file system_asm.s
   Uses
      At line 105 in file system_asm.s
      At line 320 in file system_asm.s

USB0_Handler 00000020



ARM Macro Assembler    Page 17 Alphabetic symbol ordering
Relocatable symbols


Symbol: USB0_Handler
   Definitions
      At line 428 in file system_asm.s
   Uses
      At line 103 in file system_asm.s
      At line 318 in file system_asm.s

UsageFault_Handler 00000016

Symbol: UsageFault_Handler
   Definitions
      At line 244 in file system_asm.s
   Uses
      At line 47 in file system_asm.s
      At line 245 in file system_asm.s

WDT0_Handler 00000020

Symbol: WDT0_Handler
   Definitions
      At line 403 in file system_asm.s
   Uses
      At line 77 in file system_asm.s
      At line 293 in file system_asm.s

WTIMER0A_Handler 00000020

Symbol: WTIMER0A_Handler
   Definitions
      At line 452 in file system_asm.s
   Uses
      At line 153 in file system_asm.s
      At line 342 in file system_asm.s

WTIMER0B_Handler 00000020

Symbol: WTIMER0B_Handler
   Definitions
      At line 453 in file system_asm.s
   Uses
      At line 154 in file system_asm.s
      At line 343 in file system_asm.s

WTIMER1A_Handler 00000020

Symbol: WTIMER1A_Handler
   Definitions
      At line 454 in file system_asm.s
   Uses
      At line 155 in file system_asm.s
      At line 344 in file system_asm.s

WTIMER1B_Handler 00000020

Symbol: WTIMER1B_Handler
   Definitions
      At line 455 in file system_asm.s
   Uses



ARM Macro Assembler    Page 18 Alphabetic symbol ordering
Relocatable symbols

      At line 156 in file system_asm.s
      At line 345 in file system_asm.s

WTIMER2A_Handler 00000020

Symbol: WTIMER2A_Handler
   Definitions
      At line 456 in file system_asm.s
   Uses
      At line 157 in file system_asm.s
      At line 346 in file system_asm.s

WTIMER2B_Handler 00000020

Symbol: WTIMER2B_Handler
   Definitions
      At line 457 in file system_asm.s
   Uses
      At line 158 in file system_asm.s
      At line 347 in file system_asm.s

WTIMER3A_Handler 00000020

Symbol: WTIMER3A_Handler
   Definitions
      At line 458 in file system_asm.s
   Uses
      At line 159 in file system_asm.s
      At line 348 in file system_asm.s

WTIMER3B_Handler 00000020

Symbol: WTIMER3B_Handler
   Definitions
      At line 459 in file system_asm.s
   Uses
      At line 160 in file system_asm.s
      At line 349 in file system_asm.s

WTIMER4A_Handler 00000020

Symbol: WTIMER4A_Handler
   Definitions
      At line 460 in file system_asm.s
   Uses
      At line 161 in file system_asm.s
      At line 350 in file system_asm.s

WTIMER4B_Handler 00000020

Symbol: WTIMER4B_Handler
   Definitions
      At line 461 in file system_asm.s
   Uses
      At line 162 in file system_asm.s
      At line 351 in file system_asm.s

WTIMER5A_Handler 00000020




ARM Macro Assembler    Page 19 Alphabetic symbol ordering
Relocatable symbols

Symbol: WTIMER5A_Handler
   Definitions
      At line 462 in file system_asm.s
   Uses
      At line 163 in file system_asm.s
      At line 352 in file system_asm.s

WTIMER5B_Handler 00000020

Symbol: WTIMER5B_Handler
   Definitions
      At line 463 in file system_asm.s
   Uses
      At line 164 in file system_asm.s
      At line 353 in file system_asm.s

__disable_irqs 00000024

Symbol: __disable_irqs
   Definitions
      At line 504 in file system_asm.s
   Uses
      At line 505 in file system_asm.s
Comment: __disable_irqs used once
__enable_irqs 00000028

Symbol: __enable_irqs
   Definitions
      At line 517 in file system_asm.s
   Uses
      At line 518 in file system_asm.s
Comment: __enable_irqs used once
__get_base_prio 00000032

Symbol: __get_base_prio
   Definitions
      At line 546 in file system_asm.s
   Uses
      At line 547 in file system_asm.s
Comment: __get_base_prio used once
__set_base_prio 0000002C

Symbol: __set_base_prio
   Definitions
      At line 532 in file system_asm.s
   Uses
      At line 533 in file system_asm.s
Comment: __set_base_prio used once
124 symbols



ARM Macro Assembler    Page 1 Alphabetic symbol ordering
Absolute symbols

Handler_Stack_Size 00000200

Symbol: Handler_Stack_Size
   Definitions
      At line 18 in file system_asm.s
   Uses
      At line 24 in file system_asm.s
Comment: Handler_Stack_Size used once
Thread_Stack_Size 00000200

Symbol: Thread_Stack_Size
   Definitions
      At line 19 in file system_asm.s
   Uses
      At line 27 in file system_asm.s
Comment: Thread_Stack_Size used once
2 symbols



ARM Macro Assembler    Page 1 Alphabetic symbol ordering
External symbols

main 00000000

Symbol: main
   Definitions
      At line 213 in file system_asm.s
   Uses
      At line 214 in file system_asm.s
Comment: main used once
system_init 00000000

Symbol: system_init
   Definitions
      At line 210 in file system_asm.s
   Uses
      At line 211 in file system_asm.s
Comment: system_init used once
2 symbols
471 symbols in table
