<html>
<body>
<pre>
<h1>µVision Build Log</h1>
<h2>Tool Versions:</h2>
IDE-Version: µVision V5.20.0.0
Copyright (C) 2016 ARM Ltd and ARM Germany GmbH. All rights reserved.
License Information: Krzysztof Koch, University of Manchester, LIC=----
 
Tool Versions:
Toolchain:       MDK-Lite  Version: 5.20
Toolchain Path:  C:\Keil_v5\ARM\ARMCC\Bin
C Compiler:      Armcc.exe V5.06 update 2 (build 183)
Assembler:       Armasm.exe V5.06 update 2 (build 183)
Linker/Locator:  ArmLink.exe V5.06 update 2 (build 183)
Library Manager: ArmAr.exe V5.06 update 2 (build 183)
Hex Converter:   FromElf.exe V5.06 update 2 (build 183)
CPU DLL:         SARMCM3.DLL V5.20
Dialog DLL:      DCM.DLL V1.13.7.0
Target DLL:      lmidk-agdi.dll V???
Dialog DLL:      TCM.DLL V1.14.9.0
 
<h2>Project:</h2>
C:\Users\Krzysztof Koch\Documents\KrisRTOS\KrisOS.uvprojx
Project File Date:  12/10/2016

<h2>Output:</h2>
*** Using Compiler 'V5.06 update 2 (build 183)', folder: 'C:\Keil_v5\ARM\ARMCC\Bin'
Rebuild target 'Main Target'
compiling fifo.c...
compiling heap.c...
src\Kernel\KrisOS.h(243): warning:  #815-D: type qualifier on return type is meaningless
  void* __svc(
VC_HEAP_ALLOC) KrisOS_malloc(size_t bytesToAlloc);
src\Kernel\heap.c: 1 warning, 0 errors
compiling retarget.c...
compiling main.c...
.\src\Kernel\KrisOS.h(243): warning:  #815-D: type qualifier on return type is meaningless
  void* __svc(
VC_HEAP_ALLOC) KrisOS_malloc(size_t bytesToAlloc);
src\User Code\main.c: 1 warning, 0 errors
compiling os.c...
src\Kernel\KrisOS.h(243): warning:  #815-D: type qualifier on return type is meaningless
  void* __svc(
VC_HEAP_ALLOC) KrisOS_malloc(size_t bytesToAlloc);
src\Kernel\os.c: 1 warning, 0 errors
compiling nvic.c...
compiling scheduler.c...
src\Kernel\KrisOS.h(243): warning:  #815-D: type qualifier on return type is meaningless
  void* __svc(
VC_HEAP_ALLOC) KrisOS_malloc(size_t bytesToAlloc);
src\Kernel\scheduler.c: 1 warning, 0 errors
compiling time.c...
assembling special_reg_access.s...
assembling startup.s...
compiling uart.c...
linking...
Program Size: Code=4308 RO-data=652 RW-data=48 ZI-data=6944  
".\Objects\KrisOS.axf" - 0 Error(s), 4 Warning(s).

<h2>Collection of Component include folders:</h2>
  C:\Users\Krzysztof Koch\Documents\KrisRTOS\RTE
  C:\Keil_v5\ARM\PACK\Keil\TM4C_DFP\1.1.0\Device\Include\TM4C123

<h2>Collection of Component Files used:</h2>
Build Time Elapsed:  00:00:00
</pre>
</body>
</html>
