Component: ARM Compiler 5.06 update 2 (build 183) Tool: armlink [4d35b7]

==============================================================================

Section Cross References

    heap.o(i.free) refers to mutex.o(i.mutex_lock) for mutex_lock
    heap.o(i.free) refers to heap.o(i.heap_insert_free_block) for heap_insert_free_block
    heap.o(i.free) refers to mutex.o(i.mutex_unlock) for mutex_unlock
    heap.o(i.free) refers to heap.o(.bss) for heap
    heap.o(i.heap_init) refers to mutex.o(i.mutex_init) for mutex_init
    heap.o(i.heap_init) refers to heap.o(.bss) for heap
    heap.o(i.heap_insert_free_block) refers to heap.o(.bss) for heap
    heap.o(i.malloc) refers to heap.o(i.align_byte_number) for align_byte_number
    heap.o(i.malloc) refers to mutex.o(i.mutex_lock) for mutex_lock
    heap.o(i.malloc) refers to heap.o(i.heap_insert_free_block) for heap_insert_free_block
    heap.o(i.malloc) refers to mutex.o(i.mutex_unlock) for mutex_unlock
    heap.o(i.malloc) refers to heap.o(.bss) for heap
    os.o(i.SVC_Handler_C) refers to os.o(i.os_init) for os_init
    os.o(i.SVC_Handler_C) refers to os.o(i.os_start) for os_start
    os.o(i.SVC_Handler_C) refers to nvic.o(i.nvic_enable_irq) for nvic_enable_irq
    os.o(i.SVC_Handler_C) refers to nvic.o(i.nvic_disable_irq) for nvic_disable_irq
    os.o(i.SVC_Handler_C) refers to nvic.o(i.nvic_set_pending) for nvic_set_pending
    os.o(i.SVC_Handler_C) refers to nvic.o(i.nvic_clear_pending) for nvic_clear_pending
    os.o(i.SVC_Handler_C) refers to nvic.o(i.nvic_read_active) for nvic_read_active
    os.o(i.SVC_Handler_C) refers to nvic.o(i.nvic_irq_prio_check) for nvic_irq_prio_check
    os.o(i.SVC_Handler_C) refers to nvic.o(i.nvic_set_priority) for nvic_set_priority
    os.o(i.SVC_Handler_C) refers to nvic.o(i.nvic_get_priority) for nvic_get_priority
    os.o(i.SVC_Handler_C) refers to scheduler.o(i.task_create_dynamic) for task_create_dynamic
    os.o(i.SVC_Handler_C) refers to scheduler.o(i.task_create_static) for task_create_static
    os.o(i.SVC_Handler_C) refers to scheduler.o(i.task_sleep) for task_sleep
    os.o(i.SVC_Handler_C) refers to scheduler.o(i.scheduler_run) for scheduler_run
    os.o(i.SVC_Handler_C) refers to scheduler.o(i.task_delete) for task_delete
    os.o(i.SVC_Handler_C) refers to heap.o(i.malloc) for malloc
    os.o(i.SVC_Handler_C) refers to heap.o(i.free) for free
    os.o(i.SVC_Handler_C) refers to mutex.o(i.mutex_init) for mutex_init
    os.o(i.SVC_Handler_C) refers to mutex.o(i.mutex_create) for mutex_create
    os.o(i.SVC_Handler_C) refers to mutex.o(i.mutex_try_lock) for mutex_try_lock
    os.o(i.SVC_Handler_C) refers to mutex.o(i.mutex_lock) for mutex_lock
    os.o(i.SVC_Handler_C) refers to mutex.o(i.mutex_unlock) for mutex_unlock
    os.o(i.SVC_Handler_C) refers to mutex.o(i.mutex_delete) for mutex_delete
    os.o(i.SysTick_Handler) refers to scheduler.o(i.scheduler_wake_tasks) for scheduler_wake_tasks
    os.o(i.SysTick_Handler) refers to lludivv7m.o(.text) for __aeabi_uldivmod
    os.o(i.SysTick_Handler) refers to scheduler.o(i.scheduler_run) for scheduler_run
    os.o(i.SysTick_Handler) refers to os.o(.bss) for KrisOS
    os.o(i.SysTick_Handler) refers to scheduler.o(.bss) for scheduler
    os.o(i.os_init) refers to special_reg_access.o(.text) for __disable_irqs
    os.o(i.os_init) refers to time.o(i.system_clock_config) for system_clock_config
    os.o(i.os_init) refers to scheduler.o(i.scheduler_init) for scheduler_init
    os.o(i.os_init) refers to stats.o(i.stats_init) for stats_init
    os.o(i.os_init) refers to heap.o(i.heap_init) for heap_init
    os.o(i.os_init) refers to uart.o(i.uart_init) for uart_init
    os.o(i.os_init) refers to nvic.o(i.nvic_set_priority) for nvic_set_priority
    os.o(i.os_init) refers to os.o(.bss) for KrisOS
    os.o(i.os_start) refers to scheduler.o(i.scheduler_run) for scheduler_run
    os.o(i.os_start) refers to special_reg_access.o(.text) for __set_psp
    os.o(i.os_start) refers to time.o(i.systick_config) for systick_config
    os.o(i.os_start) refers to scheduler.o(.bss) for scheduler
    os.o(i.os_start) refers to os.o(.data) for svc_exc_return
    os.o(i.os_start) refers to time.o(.data) for SYSTEM_CLOCK_FREQ
    os.o(i.os_start) refers to os.o(.bss) for KrisOS
    scheduler.o(i.scheduler_init) refers to scheduler.o(i.KrisOS_stack_usage_config) for KrisOS_stack_usage_config
    scheduler.o(i.scheduler_init) refers to scheduler.o(i.task_create_static) for task_create_static
    scheduler.o(i.scheduler_init) refers to scheduler.o(.bss) for scheduler
    scheduler.o(i.scheduler_init) refers to scheduler.o(i.idle_task) for idle_task
    scheduler.o(i.scheduler_run) refers to special_reg_access.o(.text) for __start_critical
    scheduler.o(i.scheduler_run) refers to scheduler.o(.bss) for scheduler
    scheduler.o(i.scheduler_wake_tasks) refers to special_reg_access.o(.text) for __start_critical
[...]
    startup.o(STACK) refers (Special) to heapauxi.o(.text) for __use_two_region_memory
    startup.o(HEAP) refers (Special) to heapauxi.o(.text) for __use_two_region_memory
    startup.o(RESET) refers (Special) to heapauxi.o(.text) for __use_two_region_memory
    startup.o(RESET) refers to startup.o(STACK) for __initial_sp
    startup.o(RESET) refers to startup.o(.text) for Reset_Handler
    startup.o(RESET) refers to os.o(i.SysTick_Handler) for SysTick_Handler
    startup.o(.text) refers (Special) to heapauxi.o(.text) for __use_two_region_memory
    startup.o(.text) refers to special_reg_access.o(.text) for __set_control
    startup.o(.text) refers to os.o(i.SVC_Handler_C) for SVC_Handler_C
    startup.o(.text) refers to startup.o(STACK) for __initial_handler_sp
    startup.o(.text) refers to demo3.o(i.main) for main
    startup.o(.text) refers to os.o(.data) for svc_exc_return
    startup.o(.text) refers to scheduler.o(.bss) for scheduler
    startup.o(.text) refers to startup.o(HEAP) for Heap_Mem
    nokia5110.o(i.nokia5110_clear) refers to nokia5110.o(i.nokia5110_send) for nokia5110_send
    nokia5110.o(i.nokia5110_clear) refers to nokia5110.o(i.nokia5110_set_cursor) for nokia5110_set_cursor
    nokia5110.o(i.nokia5110_init) refers to nokia5110.o(i.nokia5110_send) for nokia5110_send
    nokia5110.o(i.nokia5110_init) refers to nokia5110.o(i.nokia5110_clear) for nokia5110_clear
    nokia5110.o(i.nokia5110_init) refers to time.o(.data) for SYSTEM_CLOCK_FREQ
    nokia5110.o(i.nokia5110_send_char) refers to nokia5110.o(i.nokia5110_set_cursor) for nokia5110_set_cursor
    nokia5110.o(i.nokia5110_send_char) refers to nokia5110.o(i.nokia5110_send) for nokia5110_send
    nokia5110.o(i.nokia5110_send_char) refers to nokia5110.o(.data) for cursorRow
    nokia5110.o(i.nokia5110_send_char) refers to nokia5110.o(.constdata) for font_5x7
    nokia5110.o(i.nokia5110_set_cursor) refers to nokia5110.o(i.nokia5110_send) for nokia5110_send
    nokia5110.o(i.nokia5110_set_cursor) refers to nokia5110.o(.data) for cursorRow
    retarget.o(i._sys_exit) refers (Special) to use_no_semi.o(.text) for __use_no_semihosting_swi
    retarget.o(i._sys_exit) refers to noretval__2fprintf.o(.text) for __2fprintf
    retarget.o(i._sys_exit) refers to uart.o(.data) for uart
    retarget.o(i._ttywrch) refers (Special) to use_no_semi.o(.text) for __use_no_semihosting_swi
    retarget.o(i._ttywrch) refers to uart.o(i.uart_send_char) for uart_send_char
    retarget.o(i.ferror) refers (Special) to use_no_semi.o(.text) for __use_no_semihosting_swi
    retarget.o(i.fgetc) refers (Special) to use_no_semi.o(.text) for __use_no_semihosting_swi
    retarget.o(i.fgetc) refers to uart.o(i.uart_get_char) for uart_get_char
    retarget.o(i.fgetc) refers to uart.o(.data) for uart
    retarget.o(i.fputc) refers (Special) to use_no_semi.o(.text) for __use_no_semihosting_swi
    retarget.o(i.fputc) refers to nokia5110.o(i.nokia5110_send_char) for nokia5110_send_char
    retarget.o(i.fputc) refers to uart.o(i.uart_send_char) for uart_send_char
    retarget.o(i.fputc) refers to nokia5110.o(.data) for nokia5110
    retarget.o(i.fputc) refers to uart.o(.data) for uart
    retarget.o(.data) refers (Special) to use_no_semi.o(.text) for __use_no_semihosting_swi
    i2c.o(i.i2c_init) refers to time.o(.data) for SYSTEM_CLOCK_FREQ
    demo3.o(i.i2cTest) refers to _printf_percent.o(.ARM.Collect$$_printf_percent$$00000000) for _printf_percent
    demo3.o(i.i2cTest) refers to _printf_d.o(.ARM.Collect$$_printf_percent$$00000009) for _printf_d
    demo3.o(i.i2cTest) refers to _printf_dec.o(.text) for _printf_int_dec
    demo3.o(i.i2cTest) refers to i2c.o(i.i2c_init) for i2c_init
    demo3.o(i.i2cTest) refers to i2c.o(i.i2c_slave_addr) for i2c_slave_addr
    demo3.o(i.i2cTest) refers to i2c.o(i.i2c_write) for i2c_write
    demo3.o(i.i2cTest) refers to i2c.o(i.i2c_read) for i2c_read
    demo3.o(i.i2cTest) refers to noretval__2fprintf.o(.text) for __2fprintf
    demo3.o(i.i2cTest) refers to uart.o(.data) for uart
    demo3.o(i.main) refers to scheduler.o(i.KrisOS_stack_usage_config) for KrisOS_stack_usage_config
    demo3.o(i.main) refers to demo3.o(.bss) for nokiaLCDTestStack
    demo3.o(i.main) refers to demo3.o(i.nokiaLCDTest) for nokiaLCDTest
    demo3.o(i.main) refers to demo3.o(i.i2cTest) for i2cTest
    demo3.o(i.nokiaLCDTest) refers to nokia5110.o(i.nokia5110_init) for nokia5110_init
    demo3.o(i.nokiaLCDTest) refers to noretval__2fprintf.o(.text) for __2fprintf
    demo3.o(i.nokiaLCDTest) refers to nokia5110.o(i.nokia5110_set_cursor) for nokia5110_set_cursor
    demo3.o(i.nokiaLCDTest) refers to nokia5110.o(i.nokia5110_clear) for nokia5110_clear
    demo3.o(i.nokiaLCDTest) refers to nokia5110.o(.data) for nokia5110
    __2fprintf.o(.text) refers to _printf_char_file.o(.text) for _printf_char_file
    noretval__2fprintf.o(.text) refers to _printf_char_file.o(.text) for _printf_char_file
    __printf.o(.text) refers to _printf_percent.o(.ARM.Collect$$_printf_percent$$00000000) for _printf_percent
    _printf_dec.o(.text) refers to _printf_intcommon.o(.text) for _printf_int_common
    __printf_flags.o(.text) refers to _printf_percent.o(.ARM.Collect$$_printf_percent$$00000000) for _printf_percent
    __printf_flags.o(.text) refers to __printf_flags.o(.constdata) for .constdata
    __printf_ss.o(.text) refers to _printf_percent.o(.ARM.Collect$$_printf_percent$$00000000) for _printf_percent
    __printf_flags_ss.o(.text) refers to _printf_percent.o(.ARM.Collect$$_printf_percent$$00000000) for _printf_percent
    __printf_flags_ss.o(.text) refers to __printf_flags_ss.o(.constdata) for .constdata
    __printf_wp.o(.text) refers to __printf_wp.o(i._is_digit) for _is_digit
    __printf_wp.o(.text) refers to _printf_percent.o(.ARM.Collect$$_printf_percent$$00000000) for _printf_percent
    __printf_flags_wp.o(.text) refers to __printf_wp.o(i._is_digit) for _is_digit
    __printf_flags_wp.o(.text) refers to _printf_percent.o(.ARM.Collect$$_printf_percent$$00000000) for _printf_percent
    __printf_flags_wp.o(.text) refers to __printf_flags_wp.o(.constdata) for .constdata
    __printf_ss_wp.o(.text) refers to __printf_wp.o(i._is_digit) for _is_digit
    __printf_ss_wp.o(.text) refers to _printf_percent.o(.ARM.Collect$$_printf_percent$$00000000) for _printf_percent
    __printf_flags_ss_wp.o(.text) refers to __printf_wp.o(i._is_digit) for _is_digit
    __printf_flags_ss_wp.o(.text) refers to _printf_percent.o(.ARM.Collect$$_printf_percent$$00000000) for _printf_percent
    __printf_flags_ss_wp.o(.text) refers to __printf_flags_ss_wp.o(.constdata) for .constdata
    _printf_d.o(.ARM.Collect$$_printf_percent$$00000009) refers (Weak) to _printf_dec.o(.text) for _printf_int_dec
    _printf_percent.o(.ARM.Collect$$_printf_percent$$00000000) refers (Special) to _printf_percent_end.o(.ARM.Collect$$_printf_percent$$00000017) for _printf_percent_end
    exit.o(.text) refers to rtexit.o(.ARM.Collect$$rtexit$$00000000) for __rt_exit
    __main.o(!!!main) refers to __rtentry.o(.ARM.Collect$$rtentry$$00000000) for __rt_entry
    __rtentry.o(.ARM.Collect$$rtentry$$00000000) refers (Special) to __rtentry2.o(.ARM.Collect$$rtentry$$0000000A) for __rt_entry_li
    __rtentry.o(.ARM.Collect$$rtentry$$00000000) refers (Special) to __rtentry2.o(.ARM.Collect$$rtentry$$0000000D) for __rt_entry_main
    __rtentry.o(.ARM.Collect$$rtentry$$00000000) refers (Special) to __rtentry2.o(.ARM.Collect$$rtentry$$0000000C) for __rt_entry_postli_1
    __rtentry.o(.ARM.Collect$$rtentry$$00000000) refers (Special) to __rtentry2.o(.ARM.Collect$$rtentry$$00000009) for __rt_entry_postsh_1
    __rtentry.o(.ARM.Collect$$rtentry$$00000000) refers (Special) to __rtentry2.o(.ARM.Collect$$rtentry$$00000002) for __rt_entry_presh_1
    __rtentry.o(.ARM.Collect$$rtentry$$00000000) refers (Special) to __rtentry4.o(.ARM.Collect$$rtentry$$00000004) for __rt_entry_sh
    rtexit.o(.ARM.Collect$$rtexit$$00000000) refers (Special) to rtexit2.o(.ARM.Collect$$rtexit$$00000004) for __rt_exit_exit
    rtexit.o(.ARM.Collect$$rtexit$$00000000) refers (Special) to rtexit2.o(.ARM.Collect$$rtexit$$00000003) for __rt_exit_ls
    rtexit.o(.ARM.Collect$$rtexit$$00000000) refers (Special) to rtexit2.o(.ARM.Collect$$rtexit$$00000002) for __rt_exit_prels_1
    rtexit.o(.ARM.exidx) refers (Special) to rtexit2.o(.ARM.Collect$$rtexit$$00000004) for __rt_exit_exit
    rtexit.o(.ARM.exidx) refers (Special) to rtexit2.o(.ARM.Collect$$rtexit$$00000003) for __rt_exit_ls
    rtexit.o(.ARM.exidx) refers (Special) to rtexit2.o(.ARM.Collect$$rtexit$$00000002) for __rt_exit_prels_1
    rtexit.o(.ARM.exidx) refers to rtexit.o(.ARM.Collect$$rtexit$$00000000) for .ARM.Collect$$rtexit$$00000000
    aeabi_ldiv0_sigfpe.o(.text) refers to rt_div0.o(.text) for __rt_div0
    _printf_char_file.o(.text) refers to _printf_char_common.o(.text) for _printf_char_common
    _printf_char_file.o(.text) refers to retarget.o(i.ferror) for ferror
    _printf_char_file.o(.text) refers to retarget.o(i.fputc) for fputc
    __rtentry2.o(.ARM.Collect$$rtentry$$00000008) refers to boardinit2.o(.text) for _platform_post_stackheap_init
    __rtentry2.o(.ARM.Collect$$rtentry$$0000000A) refers to libinit.o(.ARM.Collect$$libinit$$00000000) for __rt_lib_init
    __rtentry2.o(.ARM.Collect$$rtentry$$0000000B) refers to boardinit3.o(.text) for _platform_post_lib_init
    __rtentry2.o(.ARM.Collect$$rtentry$$0000000D) refers to demo3.o(i.main) for main
    __rtentry2.o(.ARM.Collect$$rtentry$$0000000D) refers to exit.o(.text) for exit
    __rtentry2.o(.ARM.exidx) refers to __rtentry2.o(.ARM.Collect$$rtentry$$00000001) for .ARM.Collect$$rtentry$$00000001
    __rtentry2.o(.ARM.exidx) refers to __rtentry2.o(.ARM.Collect$$rtentry$$00000008) for .ARM.Collect$$rtentry$$00000008
    __rtentry2.o(.ARM.exidx) refers to __rtentry2.o(.ARM.Collect$$rtentry$$0000000A) for .ARM.Collect$$rtentry$$0000000A
    __rtentry2.o(.ARM.exidx) refers to __rtentry2.o(.ARM.Collect$$rtentry$$0000000B) for .ARM.Collect$$rtentry$$0000000B
    __rtentry2.o(.ARM.exidx) refers to __rtentry2.o(.ARM.Collect$$rtentry$$0000000D) for .ARM.Collect$$rtentry$$0000000D
    __rtentry4.o(.ARM.Collect$$rtentry$$00000004) refers to sys_stackheap_outer.o(.text) for __user_setup_stackheap
    __rtentry4.o(.ARM.exidx) refers to __rtentry4.o(.ARM.Collect$$rtentry$$00000004) for .ARM.Collect$$rtentry$$00000004
    rtexit2.o(.ARM.Collect$$rtexit$$00000003) refers to libshutdown.o(.ARM.Collect$$libshutdown$$00000000) for __rt_lib_shutdown
    rtexit2.o(.ARM.Collect$$rtexit$$00000004) refers to retarget.o(i._sys_exit) for _sys_exit
    rtexit2.o(.ARM.exidx) refers to rtexit2.o(.ARM.Collect$$rtexit$$00000001) for .ARM.Collect$$rtexit$$00000001
    rtexit2.o(.ARM.exidx) refers to rtexit2.o(.ARM.Collect$$rtexit$$00000003) for .ARM.Collect$$rtexit$$00000003
    rtexit2.o(.ARM.exidx) refers to rtexit2.o(.ARM.Collect$$rtexit$$00000004) for .ARM.Collect$$rtexit$$00000004
    rt_div0.o(.text) refers to defsig_fpe_outer.o(.text) for __rt_SIGFPE
    _printf_char_common.o(.text) refers to __printf.o(.text) for __printf
    sys_stackheap_outer.o(.text) refers to libspace.o(.text) for __user_perproc_libspace
    sys_stackheap_outer.o(.text) refers to startup.o(.text) for __user_initial_stackheap
    defsig_fpe_outer.o(.text) refers to defsig_fpe_inner.o(.text) for __rt_SIGFPE_inner
    defsig_fpe_outer.o(.text) refers to defsig_exit.o(.text) for __sig_exit
    defsig_fpe_formal.o(.text) refers to rt_raise.o(.text) for __rt_raise
    libinit.o(.ARM.Collect$$libinit$$00000000) refers (Special) to libinit2.o(.ARM.Collect$$libinit$$0000002E) for __rt_lib_init_alloca_1
    libinit.o(.ARM.Collect$$libinit$$00000000) refers (Special) to libinit2.o(.ARM.Collect$$libinit$$0000002C) for __rt_lib_init_argv_1
    libinit.o(.ARM.Collect$$libinit$$00000000) refers (Special) to libinit2.o(.ARM.Collect$$libinit$$0000001B) for __rt_lib_init_atexit_1
    libinit.o(.ARM.Collect$$libinit$$00000000) refers (Special) to libinit2.o(.ARM.Collect$$libinit$$00000021) for __rt_lib_init_clock_1
    libinit.o(.ARM.Collect$$libinit$$00000000) refers (Special) to libinit2.o(.ARM.Collect$$libinit$$00000032) for __rt_lib_init_cpp_1
    libinit.o(.ARM.Collect$$libinit$$00000000) refers (Special) to libinit2.o(.ARM.Collect$$libinit$$00000030) for __rt_lib_init_exceptions_1
    libinit.o(.ARM.Collect$$libinit$$00000000) refers (Special) to libinit2.o(.ARM.Collect$$libinit$$00000001) for __rt_lib_init_fp_1
    libinit.o(.ARM.Collect$$libinit$$00000000) refers (Special) to libinit2.o(.ARM.Collect$$libinit$$0000001F) for __rt_lib_init_fp_trap_1
    libinit.o(.ARM.Collect$$libinit$$00000000) refers (Special) to libinit2.o(.ARM.Collect$$libinit$$00000023) for __rt_lib_init_getenv_1
    libinit.o(.ARM.Collect$$libinit$$00000000) refers (Special) to libinit2.o(.ARM.Collect$$libinit$$0000000A) for __rt_lib_init_heap_1
    libinit.o(.ARM.Collect$$libinit$$00000000) refers (Special) to libinit2.o(.ARM.Collect$$libinit$$00000011) for __rt_lib_init_lc_collate_1
    libinit.o(.ARM.Collect$$libinit$$00000000) refers (Special) to libinit2.o(.ARM.Collect$$libinit$$00000013) for __rt_lib_init_lc_ctype_1
    libinit.o(.ARM.Collect$$libinit$$00000000) refers (Special) to libinit2.o(.ARM.Collect$$libinit$$00000015) for __rt_lib_init_lc_monetary_1
    libinit.o(.ARM.Collect$$libinit$$00000000) refers (Special) to libinit2.o(.ARM.Collect$$libinit$$00000017) for __rt_lib_init_lc_numeric_1
    libinit.o(.ARM.Collect$$libinit$$00000000) refers (Special) to libinit2.o(.ARM.Collect$$libinit$$00000019) for __rt_lib_init_lc_time_1
    libinit.o(.ARM.Collect$$libinit$$00000000) refers (Special) to libinit2.o(.ARM.Collect$$libinit$$00000004) for __rt_lib_init_preinit_1
    libinit.o(.ARM.Collect$$libinit$$00000000) refers (Special) to libinit2.o(.ARM.Collect$$libinit$$0000000E) for __rt_lib_init_rand_1
    libinit.o(.ARM.Collect$$libinit$$00000000) refers (Special) to libinit2.o(.ARM.Collect$$libinit$$00000033) for __rt_lib_init_return
    libinit.o(.ARM.Collect$$libinit$$00000000) refers (Special) to libinit2.o(.ARM.Collect$$libinit$$0000001D) for __rt_lib_init_signal_1
    libinit.o(.ARM.Collect$$libinit$$00000000) refers (Special) to libinit2.o(.ARM.Collect$$libinit$$00000025) for __rt_lib_init_stdio_1
    libinit.o(.ARM.Collect$$libinit$$00000000) refers (Special) to libinit2.o(.ARM.Collect$$libinit$$0000000C) for __rt_lib_init_user_alloc_1
    libshutdown.o(.ARM.Collect$$libshutdown$$00000000) refers (Special) to libshutdown2.o(.ARM.Collect$$libshutdown$$00000002) for __rt_lib_shutdown_cpp_1
    libshutdown.o(.ARM.Collect$$libshutdown$$00000000) refers (Special) to libshutdown2.o(.ARM.Collect$$libshutdown$$00000007) for __rt_lib_shutdown_fp_trap_1
    libshutdown.o(.ARM.Collect$$libshutdown$$00000000) refers (Special) to libshutdown2.o(.ARM.Collect$$libshutdown$$0000000F) for __rt_lib_shutdown_heap_1
    libshutdown.o(.ARM.Collect$$libshutdown$$00000000) refers (Special) to libshutdown2.o(.ARM.Collect$$libshutdown$$00000010) for __rt_lib_shutdown_return
    libshutdown.o(.ARM.Collect$$libshutdown$$00000000) refers (Special) to libshutdown2.o(.ARM.Collect$$libshutdown$$0000000A) for __rt_lib_shutdown_signal_1
    libshutdown.o(.ARM.Collect$$libshutdown$$00000000) refers (Special) to libshutdown2.o(.ARM.Collect$$libshutdown$$00000004) for __rt_lib_shutdown_stdio_1
    libshutdown.o(.ARM.Collect$$libshutdown$$00000000) refers (Special) to libshutdown2.o(.ARM.Collect$$libshutdown$$0000000C) for __rt_lib_shutdown_user_alloc_1
    libspace.o(.text) refers to libspace.o(.bss) for __libspace_start
    rt_raise.o(.text) refers to __raise.o(.text) for __raise
    rt_raise.o(.text) refers to retarget.o(i._sys_exit) for _sys_exit
    defsig_exit.o(.text) refers to retarget.o(i._sys_exit) for _sys_exit
    defsig_fpe_inner.o(.text) refers to defsig_general.o(.text) for __default_signal_display
    libinit2.o(.ARM.Collect$$libinit$$00000001) refers to fpinit.o(x$fpl$fpinit) for _fp_init
    libinit2.o(.ARM.Collect$$libinit$$00000010) refers to libinit2.o(.ARM.Collect$$libinit$$0000000F) for .ARM.Collect$$libinit$$0000000F
    libinit2.o(.ARM.Collect$$libinit$$00000012) refers to libinit2.o(.ARM.Collect$$libinit$$0000000F) for .ARM.Collect$$libinit$$0000000F
    libinit2.o(.ARM.Collect$$libinit$$00000014) refers to libinit2.o(.ARM.Collect$$libinit$$0000000F) for .ARM.Collect$$libinit$$0000000F
    libinit2.o(.ARM.Collect$$libinit$$00000016) refers to libinit2.o(.ARM.Collect$$libinit$$0000000F) for .ARM.Collect$$libinit$$0000000F
    libinit2.o(.ARM.Collect$$libinit$$00000018) refers to libinit2.o(.ARM.Collect$$libinit$$0000000F) for .ARM.Collect$$libinit$$0000000F
    libinit2.o(.ARM.Collect$$libinit$$00000026) refers to argv_veneer.o(.emb_text) for __ARM_argv_veneer
    libinit2.o(.ARM.Collect$$libinit$$00000027) refers to argv_veneer.o(.emb_text) for __ARM_argv_veneer
    __raise.o(.text) refers to defsig.o(CL$$defsig) for __default_signal_handler
    defsig_general.o(.text) refers to retarget.o(i._ttywrch) for _ttywrch
    argv_veneer.o(.emb_text) refers to no_argv.o(.text) for __ARM_get_argv
    defsig.o(CL$$defsig) refers to defsig_fpe_inner.o(.text) for __rt_SIGFPE_inner
    defsig.o(CL$$defsig) refers to defsig_rtmem_inner.o(.text) for __rt_SIGRTMEM_inner
    _get_argv_nomalloc.o(.text) refers (Special) to hrguard.o(.text) for __heap_region$guard
    _get_argv_nomalloc.o(.text) refers to defsig_rtmem_outer.o(.text) for __rt_SIGRTMEM
    _get_argv_nomalloc.o(.text) refers to sys_command.o(.text) for _sys_command_string
    sys_command.o(.text) refers (Special) to use_no_semi.o(.text) for __I$use$semihosting
    sys_command.o(.text) refers (Special) to indicate_semi.o(.text) for __semihosting_library_function
    defsig_abrt_inner.o(.text) refers to defsig_general.o(.text) for __default_signal_display
    defsig_rtred_inner.o(.text) refers to defsig_general.o(.text) for __default_signal_display
    defsig_rtmem_inner.o(.text) refers to defsig_general.o(.text) for __default_signal_display
    defsig_rtmem_outer.o(.text) refers to defsig_rtmem_inner.o(.text) for __rt_SIGRTMEM_inner
    defsig_rtmem_outer.o(.text) refers to defsig_exit.o(.text) for __sig_exit
    defsig_rtmem_formal.o(.text) refers to rt_raise.o(.text) for __rt_raise
    defsig_stak_inner.o(.text) refers to defsig_general.o(.text) for __default_signal_display
    defsig_pvfn_inner.o(.text) refers to defsig_general.o(.text) for __default_signal_display
    defsig_cppl_inner.o(.text) refers to defsig_general.o(.text) for __default_signal_display
    defsig_segv_inner.o(.text) refers to defsig_general.o(.text) for __default_signal_display
    defsig_other.o(.text) refers to defsig_general.o(.text) for __default_signal_display


==============================================================================

Removing Unused input sections from the image.

    Removing scheduler.o(.constdata), (5 bytes).
    Removing stats.o(.constdata), (5 bytes).
    Removing fifo.o(i.fifo_get), (52 bytes).
    Removing fifo.o(i.fifo_put), (66 bytes).
    Removing fifo.o(i.remove_fifo), (18 bytes).
    Removing fifo.o(i.request_fifo), (54 bytes).
    Removing uart.o(i.uart_get_char), (20 bytes).
    Removing retarget.o(i._ttywrch), (12 bytes).
    Removing retarget.o(i.fgetc), (24 bytes).
    Removing retarget.o(.data), (8 bytes).
    Removing demo3.o(.constdata), (13 bytes).

11 unused section(s) (total 277 bytes) removed from the image.

==============================================================================

Image Symbol Table

    Local Symbols

    Symbol Name                              Value     Ov Type        Size  Object(Section)

    RESET                                    0x00000000   Section      620  startup.o(RESET)
    ../clib/angel/boardlib.s                 0x00000000   Number         0  boardinit3.o ABSOLUTE
    ../clib/angel/boardlib.s                 0x00000000   Number         0  boardinit2.o ABSOLUTE
    ../clib/angel/boardlib.s                 0x00000000   Number         0  boardinit1.o ABSOLUTE
    ../clib/angel/boardlib.s                 0x00000000   Number         0  boardshut.o ABSOLUTE
    ../clib/angel/handlers.s                 0x00000000   Number         0  __scatter_copy.o ABSOLUTE
    ../clib/angel/handlers.s                 0x00000000   Number         0  __scatter_zi.o ABSOLUTE
    ../clib/angel/kernel.s                   0x00000000   Number         0  __rtentry4.o ABSOLUTE
    ../clib/angel/kernel.s                   0x00000000   Number         0  rtexit.o ABSOLUTE
    ../clib/angel/kernel.s                   0x00000000   Number         0  rtexit2.o ABSOLUTE
    ../clib/angel/kernel.s                   0x00000000   Number         0  __rtentry2.o ABSOLUTE
    ../clib/angel/kernel.s                   0x00000000   Number         0  __rtentry.o ABSOLUTE
    ../clib/angel/rt.s                       0x00000000   Number         0  rt_raise.o ABSOLUTE
    ../clib/angel/rt.s                       0x00000000   Number         0  rt_div0.o ABSOLUTE
    ../clib/angel/rt.s                       0x00000000   Number         0  aeabi_ldiv0_sigfpe.o ABSOLUTE
    ../clib/angel/rt.s                       0x00000000   Number         0  aeabi_ldiv0.o ABSOLUTE
    ../clib/angel/scatter.s                  0x00000000   Number         0  __scatter.o ABSOLUTE
    ../clib/angel/startup.s                  0x00000000   Number         0  __main.o ABSOLUTE
    ../clib/angel/sys.s                      0x00000000   Number         0  sys_stackheap_outer.o ABSOLUTE
    ../clib/angel/sys.s                      0x00000000   Number         0  indicate_semi.o ABSOLUTE
    ../clib/angel/sys.s                      0x00000000   Number         0  libspace.o ABSOLUTE
    ../clib/angel/sys.s                      0x00000000   Number         0  use_no_semi.o ABSOLUTE
    ../clib/angel/sysapp.c                   0x00000000   Number         0  sys_command.o ABSOLUTE
    ../clib/armsys.c                         0x00000000   Number         0  _get_argv_nomalloc.o ABSOLUTE
    ../clib/armsys.c                         0x00000000   Number         0  no_argv.o ABSOLUTE
    ../clib/armsys.c                         0x00000000   Number         0  argv_veneer.o ABSOLUTE
    ../clib/armsys.c                         0x00000000   Number         0  argv_veneer.o ABSOLUTE
    ../clib/heapalloc.c                      0x00000000   Number         0  hrguard.o ABSOLUTE
    ../clib/heapaux.c                        0x00000000   Number         0  heapauxi.o ABSOLUTE
    ../clib/libinit.s                        0x00000000   Number         0  libshutdown2.o ABSOLUTE
    ../clib/libinit.s                        0x00000000   Number         0  libinit.o ABSOLUTE
    ../clib/libinit.s                        0x00000000   Number         0  libshutdown.o ABSOLUTE
    ../clib/libinit.s                        0x00000000   Number         0  libinit2.o ABSOLUTE
    ../clib/longlong.s                       0x00000000   Number         0  lludivv7m.o ABSOLUTE
    ../clib/printf.c                         0x00000000   Number         0  _printf_intcommon.o ABSOLUTE
    ../clib/printf.c                         0x00000000   Number         0  __printf_flags_wp.o ABSOLUTE
    ../clib/printf.c                         0x00000000   Number         0  __printf_nopercent.o ABSOLUTE
    ../clib/printf.c                         0x00000000   Number         0  _printf_char_common.o ABSOLUTE
    ../clib/printf.c                         0x00000000   Number         0  _printf_dec.o ABSOLUTE
    ../clib/printf.c                         0x00000000   Number         0  _printf_char_file.o ABSOLUTE
    ../clib/printf.c                         0x00000000   Number         0  noretval__2fprintf.o ABSOLUTE
    ../clib/printf.c                         0x00000000   Number         0  __printf_flags.o ABSOLUTE
    ../clib/printf.c                         0x00000000   Number         0  __printf_ss_wp.o ABSOLUTE
    ../clib/printf.c                         0x00000000   Number         0  __2fprintf.o ABSOLUTE
    ../clib/printf.c                         0x00000000   Number         0  __printf_wp.o ABSOLUTE
    ../clib/printf.c                         0x00000000   Number         0  __printf_flags_ss.o ABSOLUTE
    ../clib/printf.c                         0x00000000   Number         0  __printf.o ABSOLUTE
    ../clib/printf.c                         0x00000000   Number         0  __printf_flags_ss_wp.o ABSOLUTE
    ../clib/printf.c                         0x00000000   Number         0  __printf_ss.o ABSOLUTE
    ../clib/printf_percent.s                 0x00000000   Number         0  _printf_percent_end.o ABSOLUTE
    ../clib/printf_percent.s                 0x00000000   Number         0  _printf_percent.o ABSOLUTE
    ../clib/printf_percent.s                 0x00000000   Number         0  _printf_d.o ABSOLUTE
    ../clib/signal.c                         0x00000000   Number         0  defsig_fpe_outer.o ABSOLUTE
    ../clib/signal.c                         0x00000000   Number         0  defsig_fpe_formal.o ABSOLUTE
    ../clib/signal.c                         0x00000000   Number         0  defsig_other.o ABSOLUTE
    ../clib/signal.c                         0x00000000   Number         0  defsig_segv_inner.o ABSOLUTE
    ../clib/signal.c                         0x00000000   Number         0  defsig_abrt_inner.o ABSOLUTE
    ../clib/signal.c                         0x00000000   Number         0  defsig_rtmem_inner.o ABSOLUTE
    ../clib/signal.c                         0x00000000   Number         0  defsig_rtmem_outer.o ABSOLUTE
    ../clib/signal.c                         0x00000000   Number         0  defsig_general.o ABSOLUTE
    ../clib/signal.c                         0x00000000   Number         0  __raise.o ABSOLUTE
    ../clib/signal.c                         0x00000000   Number         0  defsig_rtmem_formal.o ABSOLUTE
    ../clib/signal.c                         0x00000000   Number         0  defsig_fpe_inner.o ABSOLUTE
    ../clib/signal.c                         0x00000000   Number         0  defsig_cppl_inner.o ABSOLUTE
    ../clib/signal.c                         0x00000000   Number         0  defsig_exit.o ABSOLUTE
    ../clib/signal.c                         0x00000000   Number         0  defsig_stak_inner.o ABSOLUTE
    ../clib/signal.c                         0x00000000   Number         0  defsig_pvfn_inner.o ABSOLUTE
    ../clib/signal.c                         0x00000000   Number         0  defsig_rtred_inner.o ABSOLUTE
    ../clib/signal.s                         0x00000000   Number         0  defsig.o ABSOLUTE
    ../clib/stdlib.c                         0x00000000   Number         0  exit.o ABSOLUTE
    ../fplib/fpinit.s                        0x00000000   Number         0  fpinit.o ABSOLUTE
    dc.s                                     0x00000000   Number         0  dc.o ABSOLUTE
    src\HAL & Drivers\fifo.c                 0x00000000   Number         0  fifo.o ABSOLUTE
    src\HAL & Drivers\nvic.c                 0x00000000   Number         0  nvic.o ABSOLUTE
    src\HAL & Drivers\special_reg_access.s   0x00000000   Number         0  special_reg_access.o ABSOLUTE
    src\HAL & Drivers\startup.s              0x00000000   Number         0  startup.o ABSOLUTE
    src\HAL & Drivers\time.c                 0x00000000   Number         0  time.o ABSOLUTE
    src\HAL & Drivers\uart.c                 0x00000000   Number         0  uart.o ABSOLUTE
    src\Kernel\heap.c                        0x00000000   Number         0  heap.o ABSOLUTE
    src\Kernel\mutex.c                       0x00000000   Number         0  mutex.o ABSOLUTE
    src\Kernel\os.c                          0x00000000   Number         0  os.o ABSOLUTE
    src\Kernel\scheduler.c                   0x00000000   Number         0  scheduler.o ABSOLUTE
    src\Kernel\semaphore.c                   0x00000000   Number         0  semaphore.o ABSOLUTE
    src\Kernel\stats.c                       0x00000000   Number         0  stats.o ABSOLUTE
    src\User Code\demo3.c                    0x00000000   Number         0  demo3.o ABSOLUTE
    src\User Code\i2c.c                      0x00000000   Number         0  i2c.o ABSOLUTE
    src\User Code\nokia5110.c                0x00000000   Number         0  nokia5110.o ABSOLUTE
    src\User Code\retarget.c                 0x00000000   Number         0  retarget.o ABSOLUTE
    !!!main                                  0x0000026c   Section        8  __main.o(!!!main)
    !!!scatter                               0x00000274   Section       52  __scatter.o(!!!scatter)
    !!handler_copy                           0x000002a8   Section       26  __scatter_copy.o(!!handler_copy)
    !!handler_zi                             0x000002c4   Section       28  __scatter_zi.o(!!handler_zi)
    .ARM.Collect$$_printf_percent$$00000000  0x000002e0   Section        0  _printf_percent.o(.ARM.Collect$$_printf_percent$$00000000)
    .ARM.Collect$$_printf_percent$$00000009  0x000002e0   Section        6  _printf_d.o(.ARM.Collect$$_printf_percent$$00000009)
    .ARM.Collect$$_printf_percent$$00000017  0x000002e6   Section        4  _printf_percent_end.o(.ARM.Collect$$_printf_percent$$00000017)
    .ARM.Collect$$libinit$$00000000          0x000002ea   Section        2  libinit.o(.ARM.Collect$$libinit$$00000000)
    .ARM.Collect$$libinit$$00000001          0x000002ec   Section        4  libinit2.o(.ARM.Collect$$libinit$$00000001)
    .ARM.Collect$$libinit$$00000004          0x000002f0   Section        0  libinit2.o(.ARM.Collect$$libinit$$00000004)
    .ARM.Collect$$libinit$$0000000A          0x000002f0   Section        0  libinit2.o(.ARM.Collect$$libinit$$0000000A)
    .ARM.Collect$$libinit$$0000000C          0x000002f0   Section        0  libinit2.o(.ARM.Collect$$libinit$$0000000C)
    .ARM.Collect$$libinit$$0000000E          0x000002f0   Section        0  libinit2.o(.ARM.Collect$$libinit$$0000000E)
    .ARM.Collect$$libinit$$00000011          0x000002f0   Section        0  libinit2.o(.ARM.Collect$$libinit$$00000011)
    .ARM.Collect$$libinit$$00000013          0x000002f0   Section        0  libinit2.o(.ARM.Collect$$libinit$$00000013)
    .ARM.Collect$$libinit$$00000015          0x000002f0   Section        0  libinit2.o(.ARM.Collect$$libinit$$00000015)
    .ARM.Collect$$libinit$$00000017          0x000002f0   Section        0  libinit2.o(.ARM.Collect$$libinit$$00000017)
    .ARM.Collect$$libinit$$00000019          0x000002f0   Section        0  libinit2.o(.ARM.Collect$$libinit$$00000019)
    .ARM.Collect$$libinit$$0000001B          0x000002f0   Section        0  libinit2.o(.ARM.Collect$$libinit$$0000001B)
    .ARM.Collect$$libinit$$0000001D          0x000002f0   Section        0  libinit2.o(.ARM.Collect$$libinit$$0000001D)
    .ARM.Collect$$libinit$$0000001F          0x000002f0   Section        0  libinit2.o(.ARM.Collect$$libinit$$0000001F)
    .ARM.Collect$$libinit$$00000021          0x000002f0   Section        0  libinit2.o(.ARM.Collect$$libinit$$00000021)
    .ARM.Collect$$libinit$$00000023          0x000002f0   Section        0  libinit2.o(.ARM.Collect$$libinit$$00000023)
    .ARM.Collect$$libinit$$00000025          0x000002f0   Section        0  libinit2.o(.ARM.Collect$$libinit$$00000025)
    .ARM.Collect$$libinit$$0000002C          0x000002f0   Section        0  libinit2.o(.ARM.Collect$$libinit$$0000002C)
    .ARM.Collect$$libinit$$0000002E          0x000002f0   Section        0  libinit2.o(.ARM.Collect$$libinit$$0000002E)
    .ARM.Collect$$libinit$$00000030          0x000002f0   Section        0  libinit2.o(.ARM.Collect$$libinit$$00000030)
    .ARM.Collect$$libinit$$00000032          0x000002f0   Section        0  libinit2.o(.ARM.Collect$$libinit$$00000032)
    .ARM.Collect$$libinit$$00000033          0x000002f0   Section        2  libinit2.o(.ARM.Collect$$libinit$$00000033)
    .ARM.Collect$$libshutdown$$00000000      0x000002f2   Section        2  libshutdown.o(.ARM.Collect$$libshutdown$$00000000)
    .ARM.Collect$$libshutdown$$00000002      0x000002f4   Section        0  libshutdown2.o(.ARM.Collect$$libshutdown$$00000002)
    .ARM.Collect$$libshutdown$$00000004      0x000002f4   Section        0  libshutdown2.o(.ARM.Collect$$libshutdown$$00000004)
    .ARM.Collect$$libshutdown$$00000007      0x000002f4   Section        0  libshutdown2.o(.ARM.Collect$$libshutdown$$00000007)
    .ARM.Collect$$libshutdown$$0000000A      0x000002f4   Section        0  libshutdown2.o(.ARM.Collect$$libshutdown$$0000000A)
    .ARM.Collect$$libshutdown$$0000000C      0x000002f4   Section        0  libshutdown2.o(.ARM.Collect$$libshutdown$$0000000C)
    .ARM.Collect$$libshutdown$$0000000F      0x000002f4   Section        0  libshutdown2.o(.ARM.Collect$$libshutdown$$0000000F)
    .ARM.Collect$$libshutdown$$00000010      0x000002f4   Section        2  libshutdown2.o(.ARM.Collect$$libshutdown$$00000010)
    .ARM.Collect$$rtentry$$00000000          0x000002f6   Section        0  __rtentry.o(.ARM.Collect$$rtentry$$00000000)
    .ARM.Collect$$rtentry$$00000002          0x000002f6   Section        0  __rtentry2.o(.ARM.Collect$$rtentry$$00000002)
    .ARM.Collect$$rtentry$$00000004          0x000002f6   Section        6  __rtentry4.o(.ARM.Collect$$rtentry$$00000004)
    .ARM.Collect$$rtentry$$00000009          0x000002fc   Section        0  __rtentry2.o(.ARM.Collect$$rtentry$$00000009)
    .ARM.Collect$$rtentry$$0000000A          0x000002fc   Section        4  __rtentry2.o(.ARM.Collect$$rtentry$$0000000A)
    .ARM.Collect$$rtentry$$0000000C          0x00000300   Section        0  __rtentry2.o(.ARM.Collect$$rtentry$$0000000C)
    .ARM.Collect$$rtentry$$0000000D          0x00000300   Section        8  __rtentry2.o(.ARM.Collect$$rtentry$$0000000D)
    .ARM.Collect$$rtexit$$00000000           0x00000308   Section        2  rtexit.o(.ARM.Collect$$rtexit$$00000000)
    .ARM.Collect$$rtexit$$00000002           0x0000030a   Section        0  rtexit2.o(.ARM.Collect$$rtexit$$00000002)
    .ARM.Collect$$rtexit$$00000003           0x0000030a   Section        4  rtexit2.o(.ARM.Collect$$rtexit$$00000003)
    .ARM.Collect$$rtexit$$00000004           0x0000030e   Section        6  rtexit2.o(.ARM.Collect$$rtexit$$00000004)
    .text                                    0x00000314   Section      116  special_reg_access.o(.text)
    $v0                                      0x00000314   Number         0  special_reg_access.o(.text)
    .text                                    0x00000388   Section      180  startup.o(.text)
    $v0                                      0x00000388   Number         0  startup.o(.text)
    SVC_Handler                              0x000003a5   Thumb Code    32  startup.o(.text)
    .text                                    0x0000043c   Section        2  use_no_semi.o(.text)
    .text                                    0x0000043e   Section      238  lludivv7m.o(.text)
    .text                                    0x0000052c   Section        0  noretval__2fprintf.o(.text)
    .text                                    0x00000540   Section        0  __printf.o(.text)
    .text                                    0x000005a8   Section        0  _printf_dec.o(.text)
    .text                                    0x00000620   Section        0  exit.o(.text)
    .text                                    0x00000632   Section        0  heapauxi.o(.text)
    .text                                    0x00000638   Section        0  _printf_intcommon.o(.text)
    .text                                    0x000006ec   Section        0  _printf_char_file.o(.text)
    .text                                    0x00000710   Section        0  _printf_char_common.o(.text)
    _printf_input_char                       0x00000711   Thumb Code    10  _printf_char_common.o(.text)
    .text                                    0x00000740   Section       74  sys_stackheap_outer.o(.text)
    .text                                    0x0000078c   Section        8  libspace.o(.text)
    i.KrisOS_stack_usage_config              0x00000794   Section        0  scheduler.o(i.KrisOS_stack_usage_config)
    i.SVC_Handler_C                          0x000007b4   Section        0  os.o(i.SVC_Handler_C)
    i.SysTick_Handler                        0x000008e4   Section        0  os.o(i.SysTick_Handler)
    i._sys_exit                              0x00000964   Section        0  retarget.o(i._sys_exit)
    i.align_byte_number                      0x0000098c   Section        0  heap.o(i.align_byte_number)
    i.ferror                                 0x0000099a   Section        0  retarget.o(i.ferror)
    i.fputc                                  0x000009a4   Section        0  retarget.o(i.fputc)
    i.free                                   0x000009d0   Section        0  heap.o(i.free)
    i.heap_init                              0x00000a20   Section        0  heap.o(i.heap_init)
    i.heap_insert_free_block                 0x00000a5c   Section        0  heap.o(i.heap_insert_free_block)
    i.i2cTest                                0x00000a78   Section        0  demo3.o(i.i2cTest)
    i.i2c_init                               0x00000ab8   Section        0  i2c.o(i.i2c_init)
    i.i2c_read                               0x00000b58   Section        0  i2c.o(i.i2c_read)
    i.i2c_slave_addr                         0x00000bb8   Section        0  i2c.o(i.i2c_slave_addr)
    i.i2c_write                              0x00000bc4   Section        0  i2c.o(i.i2c_write)
    i.idle_task                              0x00000c28   Section        0  scheduler.o(i.idle_task)
    i.main                                   0x00000c30   Section        0  demo3.o(i.main)
    i.malloc                                 0x00000c80   Section        0  heap.o(i.malloc)
    i.mutex_create                           0x00000d08   Section        0  mutex.o(i.mutex_create)
    i.mutex_delete                           0x00000d1c   Section        0  mutex.o(i.mutex_delete)
    i.mutex_init                             0x00000d60   Section        0  mutex.o(i.mutex_init)
    i.mutex_lock                             0x00000d84   Section        0  mutex.o(i.mutex_lock)
    i.mutex_release_all                      0x00000e50   Section        0  mutex.o(i.mutex_release_all)
    i.mutex_try_lock                         0x00000e78   Section        0  mutex.o(i.mutex_try_lock)
    i.mutex_unlock                           0x00000ed0   Section        0  mutex.o(i.mutex_unlock)
    i.nokia5110_clear                        0x00000f9c   Section        0  nokia5110.o(i.nokia5110_clear)
    i.nokia5110_init                         0x00000fbc   Section        0  nokia5110.o(i.nokia5110_init)
    i.nokia5110_send                         0x00001114   Section        0  nokia5110.o(i.nokia5110_send)
    i.nokia5110_send_char                    0x00001150   Section        0  nokia5110.o(i.nokia5110_send_char)
    i.nokia5110_set_cursor                   0x000011b4   Section        0  nokia5110.o(i.nokia5110_set_cursor)
    i.nokiaLCDTest                           0x000011e8   Section        0  demo3.o(i.nokiaLCDTest)
    i.nvic_clear_pending                     0x0000128c   Section        0  nvic.o(i.nvic_clear_pending)
    i.nvic_disable_irq                       0x000012b0   Section        0  nvic.o(i.nvic_disable_irq)
    i.nvic_enable_irq                        0x000012d4   Section        0  nvic.o(i.nvic_enable_irq)
    i.nvic_get_priority                      0x000012fc   Section        0  nvic.o(i.nvic_get_priority)
    i.nvic_irq_prio_check                    0x00001320   Section        0  nvic.o(i.nvic_irq_prio_check)
    i.nvic_read_active                       0x00001330   Section        0  nvic.o(i.nvic_read_active)
    i.nvic_set_pending                       0x00001354   Section        0  nvic.o(i.nvic_set_pending)
    i.nvic_set_priority                      0x00001378   Section        0  nvic.o(i.nvic_set_priority)
    i.os_init                                0x000013a0   Section        0  os.o(i.os_init)
    i.os_start                               0x000013fc   Section        0  os.o(i.os_start)
    i.scheduler_init                         0x00001470   Section        0  scheduler.o(i.scheduler_init)
    i.scheduler_run                          0x000014b8   Section        0  scheduler.o(i.scheduler_run)
    i.scheduler_wake_tasks                   0x00001540   Section        0  scheduler.o(i.scheduler_wake_tasks)
    i.stats_init                             0x00001594   Section        0  stats.o(i.stats_init)
    i.stats_task                             0x000015cc   Section        0  stats.o(i.stats_task)
    i.system_clock_config                    0x0000198c   Section        0  time.o(i.system_clock_config)
    i.systick_config                         0x00001a58   Section        0  time.o(i.systick_config)
    i.task_add                               0x00001a80   Section        0  scheduler.o(i.task_add)
    i.task_complete_handler                  0x00001ada   Section        0  scheduler.o(i.task_complete_handler)
    i.task_create_dynamic                    0x00001ade   Section        0  scheduler.o(i.task_create_dynamic)
    i.task_create_static                     0x00001b4e   Section        0  scheduler.o(i.task_create_static)
    i.task_delete                            0x00001b98   Section        0  scheduler.o(i.task_delete)
    i.task_init                              0x00001c00   Section        0  scheduler.o(i.task_init)
    i.task_remove                            0x00001cb8   Section        0  scheduler.o(i.task_remove)
    i.task_sleep                             0x00001cf0   Section        0  scheduler.o(i.task_sleep)
    i.uart_init                              0x00001db0   Section        0  uart.o(i.uart_init)
    i.uart_send_char                         0x00001ec4   Section        0  uart.o(i.uart_send_char)
    x$fpl$fpinit                             0x00001edc   Section       10  fpinit.o(x$fpl$fpinit)
    $v0                                      0x00001edc   Number         0  fpinit.o(x$fpl$fpinit)
    .constdata                               0x00001ee6   Section      480  nokia5110.o(.constdata)
    .conststring                             0x000020c8   Section      164  stats.o(.conststring)
    .data                                    0x20000000   Section        4  os.o(.data)
    .data                                    0x20000004   Section        4  time.o(.data)
    .data                                    0x20000008   Section        4  uart.o(.data)
    .data                                    0x2000000c   Section        8  nokia5110.o(.data)
    .bss                                     0x20000018   Section     2040  heap.o(.bss)
    .bss                                     0x20000810   Section       24  os.o(.bss)
    .bss                                     0x20000828   Section      284  scheduler.o(.bss)
    .bss                                     0x20000948   Section      464  stats.o(.bss)
    .bss                                     0x20000b18   Section       16  uart.o(.bss)
    .bss                                     0x20000b28   Section      928  demo3.o(.bss)
    .bss                                     0x20000ec8   Section       96  libspace.o(.bss)
    HEAP                                     0x20000f28   Section      128  startup.o(HEAP)
    Heap_Mem                                 0x20000f28   Data         128  startup.o(HEAP)
    STACK                                    0x20000fa8   Section     1536  startup.o(STACK)
    Handler_Stack                            0x20000fa8   Data         256  startup.o(STACK)
    __initial_handler_sp                     0x200010a8   Data           0  startup.o(STACK)
    __initial_sp                             0x200015a8   Data           0  startup.o(STACK)

    Global Symbols

    Symbol Name                              Value     Ov Type        Size  Object(Section)

    BuildAttributes$$THM_ISAv4$E$P$D$K$B$S$7EM$VFPi3$EXTD16$VFPS$VFMA$PE$A:L22UL41UL21$X:L11$S22US41US21$IEEE1$IW$USESV6$~STKCKD$USESV7$~SHL$OSPACE$ROPI$EBA8$UX$STANDARDLIB$REQ8$PRES8$EABIv2 0x00000000   Number         0  anon$$obj.o ABSOLUTE
    __ARM_use_no_argv                        0x00000000   Number         0  demo3.o ABSOLUTE
    __Vectors                                0x00000000   Data           4  startup.o(RESET)
    __ARM_exceptions_init                     - Undefined Weak Reference
    __alloca_initialize                       - Undefined Weak Reference
    __arm_preinit_                            - Undefined Weak Reference
    __cpp_initialize__aeabi_                  - Undefined Weak Reference
    __cxa_finalize                            - Undefined Weak Reference
    __rt_locale                               - Undefined Weak Reference
    __sigvec_lookup                           - Undefined Weak Reference
    _atexit_init                              - Undefined Weak Reference
    _call_atexit_fns                          - Undefined Weak Reference
    _clock_init                               - Undefined Weak Reference
    _fp_trap_init                             - Undefined Weak Reference
    _fp_trap_shutdown                         - Undefined Weak Reference
    _get_lc_collate                           - Undefined Weak Reference
    _get_lc_ctype                             - Undefined Weak Reference
    _get_lc_monetary                          - Undefined Weak Reference
    _get_lc_numeric                           - Undefined Weak Reference
    _get_lc_time                              - Undefined Weak Reference
    _getenv_init                              - Undefined Weak Reference
    _handle_redirection                       - Undefined Weak Reference
    _init_alloc                               - Undefined Weak Reference
    _init_user_alloc                          - Undefined Weak Reference
    _initio                                   - Undefined Weak Reference
    _printf_post_padding                      - Undefined Weak Reference
    _printf_pre_padding                       - Undefined Weak Reference
    _printf_truncate_signed                   - Undefined Weak Reference
    _printf_truncate_unsigned                 - Undefined Weak Reference
    _rand_init                                - Undefined Weak Reference
    _signal_finish                            - Undefined Weak Reference
    _signal_init                              - Undefined Weak Reference
    _terminate_alloc                          - Undefined Weak Reference
    _terminate_user_alloc                     - Undefined Weak Reference
    _terminateio                              - Undefined Weak Reference
    Heap_Size                                0x00000080   Number         0  startup.o ABSOLUTE
    __main                                   0x0000026d   Thumb Code     8  __main.o(!!!main)
    __scatterload                            0x00000275   Thumb Code     0  __scatter.o(!!!scatter)
    __scatterload_rt2                        0x00000275   Thumb Code    44  __scatter.o(!!!scatter)
    __scatterload_rt2_thumb_only             0x00000275   Thumb Code     0  __scatter.o(!!!scatter)
    __scatterload_null                       0x00000283   Thumb Code     0  __scatter.o(!!!scatter)
    __scatterload_copy                       0x000002a9   Thumb Code    26  __scatter_copy.o(!!handler_copy)
    __scatterload_zeroinit                   0x000002c5   Thumb Code    28  __scatter_zi.o(!!handler_zi)
    _printf_d                                0x000002e1   Thumb Code     0  _printf_d.o(.ARM.Collect$$_printf_percent$$00000009)
    _printf_percent                          0x000002e1   Thumb Code     0  _printf_percent.o(.ARM.Collect$$_printf_percent$$00000000)
    _printf_percent_end                      0x000002e7   Thumb Code     0  _printf_percent_end.o(.ARM.Collect$$_printf_percent$$00000017)
    __rt_lib_init                            0x000002eb   Thumb Code     0  libinit.o(.ARM.Collect$$libinit$$00000000)
    __rt_lib_init_fp_1                       0x000002ed   Thumb Code     0  libinit2.o(.ARM.Collect$$libinit$$00000001)
    __rt_lib_init_alloca_1                   0x000002f1   Thumb Code     0  libinit2.o(.ARM.Collect$$libinit$$0000002E)
    __rt_lib_init_argv_1                     0x000002f1   Thumb Code     0  libinit2.o(.ARM.Collect$$libinit$$0000002C)
    __rt_lib_init_atexit_1                   0x000002f1   Thumb Code     0  libinit2.o(.ARM.Collect$$libinit$$0000001B)
    __rt_lib_init_clock_1                    0x000002f1   Thumb Code     0  libinit2.o(.ARM.Collect$$libinit$$00000021)
    __rt_lib_init_cpp_1                      0x000002f1   Thumb Code     0  libinit2.o(.ARM.Collect$$libinit$$00000032)
    __rt_lib_init_exceptions_1               0x000002f1   Thumb Code     0  libinit2.o(.ARM.Collect$$libinit$$00000030)
    __rt_lib_init_fp_trap_1                  0x000002f1   Thumb Code     0  libinit2.o(.ARM.Collect$$libinit$$0000001F)
    __rt_lib_init_getenv_1                   0x000002f1   Thumb Code     0  libinit2.o(.ARM.Collect$$libinit$$00000023)
    __rt_lib_init_heap_1                     0x000002f1   Thumb Code     0  libinit2.o(.ARM.Collect$$libinit$$0000000A)
    __rt_lib_init_lc_collate_1               0x000002f1   Thumb Code     0  libinit2.o(.ARM.Collect$$libinit$$00000011)
    __rt_lib_init_lc_ctype_1                 0x000002f1   Thumb Code     0  libinit2.o(.ARM.Collect$$libinit$$00000013)
    __rt_lib_init_lc_monetary_1              0x000002f1   Thumb Code     0  libinit2.o(.ARM.Collect$$libinit$$00000015)
    __rt_lib_init_lc_numeric_1               0x000002f1   Thumb Code     0  libinit2.o(.ARM.Collect$$libinit$$00000017)
    __rt_lib_init_lc_time_1                  0x000002f1   Thumb Code     0  libinit2.o(.ARM.Collect$$libinit$$00000019)
    __rt_lib_init_preinit_1                  0x000002f1   Thumb Code     0  libinit2.o(.ARM.Collect$$libinit$$00000004)
    __rt_lib_init_rand_1                     0x000002f1   Thumb Code     0  libinit2.o(.ARM.Collect$$libinit$$0000000E)
    __rt_lib_init_return                     0x000002f1   Thumb Code     0  libinit2.o(.ARM.Collect$$libinit$$00000033)
    __rt_lib_init_signal_1                   0x000002f1   Thumb Code     0  libinit2.o(.ARM.Collect$$libinit$$0000001D)
    __rt_lib_init_stdio_1                    0x000002f1   Thumb Code     0  libinit2.o(.ARM.Collect$$libinit$$00000025)
    __rt_lib_init_user_alloc_1               0x000002f1   Thumb Code     0  libinit2.o(.ARM.Collect$$libinit$$0000000C)
    __rt_lib_shutdown                        0x000002f3   Thumb Code     0  libshutdown.o(.ARM.Collect$$libshutdown$$00000000)
    __rt_lib_shutdown_cpp_1                  0x000002f5   Thumb Code     0  libshutdown2.o(.ARM.Collect$$libshutdown$$00000002)
    __rt_lib_shutdown_fp_trap_1              0x000002f5   Thumb Code     0  libshutdown2.o(.ARM.Collect$$libshutdown$$00000007)
    __rt_lib_shutdown_heap_1                 0x000002f5   Thumb Code     0  libshutdown2.o(.ARM.Collect$$libshutdown$$0000000F)
    __rt_lib_shutdown_return                 0x000002f5   Thumb Code     0  libshutdown2.o(.ARM.Collect$$libshutdown$$00000010)
    __rt_lib_shutdown_signal_1               0x000002f5   Thumb Code     0  libshutdown2.o(.ARM.Collect$$libshutdown$$0000000A)
    __rt_lib_shutdown_stdio_1                0x000002f5   Thumb Code     0  libshutdown2.o(.ARM.Collect$$libshutdown$$00000004)
    __rt_lib_shutdown_user_alloc_1           0x000002f5   Thumb Code     0  libshutdown2.o(.ARM.Collect$$libshutdown$$0000000C)
    __rt_entry                               0x000002f7   Thumb Code     0  __rtentry.o(.ARM.Collect$$rtentry$$00000000)
    __rt_entry_presh_1                       0x000002f7   Thumb Code     0  __rtentry2.o(.ARM.Collect$$rtentry$$00000002)
    __rt_entry_sh                            0x000002f7   Thumb Code     0  __rtentry4.o(.ARM.Collect$$rtentry$$00000004)
    __rt_entry_li                            0x000002fd   Thumb Code     0  __rtentry2.o(.ARM.Collect$$rtentry$$0000000A)
    __rt_entry_postsh_1                      0x000002fd   Thumb Code     0  __rtentry2.o(.ARM.Collect$$rtentry$$00000009)
    __rt_entry_main                          0x00000301   Thumb Code     0  __rtentry2.o(.ARM.Collect$$rtentry$$0000000D)
    __rt_entry_postli_1                      0x00000301   Thumb Code     0  __rtentry2.o(.ARM.Collect$$rtentry$$0000000C)
    __rt_exit                                0x00000309   Thumb Code     0  rtexit.o(.ARM.Collect$$rtexit$$00000000)
    __rt_exit_ls                             0x0000030b   Thumb Code     0  rtexit2.o(.ARM.Collect$$rtexit$$00000003)
    __rt_exit_prels_1                        0x0000030b   Thumb Code     0  rtexit2.o(.ARM.Collect$$rtexit$$00000002)
    __rt_exit_exit                           0x0000030f   Thumb Code     0  rtexit2.o(.ARM.Collect$$rtexit$$00000004)
    __disable_irqs                           0x00000315   Thumb Code     4  special_reg_access.o(.text)
    __enable_irqs                            0x00000319   Thumb Code     4  special_reg_access.o(.text)
    __set_base_prio                          0x0000031d   Thumb Code     6  special_reg_access.o(.text)
    __get_base_prio                          0x00000323   Thumb Code     6  special_reg_access.o(.text)
    __set_psp                                0x00000329   Thumb Code     6  special_reg_access.o(.text)
    __get_psp                                0x0000032f   Thumb Code     6  special_reg_access.o(.text)
    __enable_fpu                             0x00000335   Thumb Code    20  special_reg_access.o(.text)
    __disable_fpu                            0x00000349   Thumb Code    20  special_reg_access.o(.text)
    __set_control                            0x0000035d   Thumb Code    10  special_reg_access.o(.text)
    __get_control                            0x00000367   Thumb Code     6  special_reg_access.o(.text)
    __get_ipsr                               0x0000036d   Thumb Code     6  special_reg_access.o(.text)
    __start_critical                         0x00000373   Thumb Code    10  special_reg_access.o(.text)
    __end_critical                           0x0000037d   Thumb Code     8  special_reg_access.o(.text)
    Reset_Handler                            0x00000389   Thumb Code    18  startup.o(.text)
    NMI_Handler                              0x0000039b   Thumb Code     2  startup.o(.text)
    HardFault_Handler                        0x0000039d   Thumb Code     2  startup.o(.text)
    MemManage_Handler                        0x0000039f   Thumb Code     2  startup.o(.text)
    BusFault_Handler                         0x000003a1   Thumb Code     2  startup.o(.text)
    UsageFault_Handler                       0x000003a3   Thumb Code     2  startup.o(.text)
    DebugMon_Handler                         0x000003c5   Thumb Code     2  startup.o(.text)
    PendSV_Handler                           0x000003c7   Thumb Code    70  startup.o(.text)
    ADC0SS0_Handler                          0x0000040f   Thumb Code     0  startup.o(.text)
    ADC0SS1_Handler                          0x0000040f   Thumb Code     0  startup.o(.text)
    ADC0SS2_Handler                          0x0000040f   Thumb Code     0  startup.o(.text)
    ADC0SS3_Handler                          0x0000040f   Thumb Code     0  startup.o(.text)
    ADC1SS0_Handler                          0x0000040f   Thumb Code     0  startup.o(.text)
    ADC1SS1_Handler                          0x0000040f   Thumb Code     0  startup.o(.text)
    ADC1SS2_Handler                          0x0000040f   Thumb Code     0  startup.o(.text)
    ADC1SS3_Handler                          0x0000040f   Thumb Code     0  startup.o(.text)
    CAN0_Handler                             0x0000040f   Thumb Code     0  startup.o(.text)
    CAN1_Handler                             0x0000040f   Thumb Code     0  startup.o(.text)
    CAN2_Handler                             0x0000040f   Thumb Code     0  startup.o(.text)
    COMP0_Handler                            0x0000040f   Thumb Code     0  startup.o(.text)
    COMP1_Handler                            0x0000040f   Thumb Code     0  startup.o(.text)
    COMP2_Handler                            0x0000040f   Thumb Code     0  startup.o(.text)
    FLASH_Handler                            0x0000040f   Thumb Code     0  startup.o(.text)
    FPU_Handler                              0x0000040f   Thumb Code     0  startup.o(.text)
    GPIOA_Handler                            0x0000040f   Thumb Code     0  startup.o(.text)
    GPIOB_Handler                            0x0000040f   Thumb Code     0  startup.o(.text)
    GPIOC_Handler                            0x0000040f   Thumb Code     0  startup.o(.text)
    GPIOD_Handler                            0x0000040f   Thumb Code     0  startup.o(.text)
    GPIOE_Handler                            0x0000040f   Thumb Code     0  startup.o(.text)
    GPIOF_Handler                            0x0000040f   Thumb Code     0  startup.o(.text)
    GPIOG_Handler                            0x0000040f   Thumb Code     0  startup.o(.text)
    GPIOH_Handler                            0x0000040f   Thumb Code     0  startup.o(.text)
    GPIOJ_Handler                            0x0000040f   Thumb Code     0  startup.o(.text)
    GPIOK_Handler                            0x0000040f   Thumb Code     0  startup.o(.text)
    GPIOL_Handler                            0x0000040f   Thumb Code     0  startup.o(.text)
    GPIOM_Handler                            0x0000040f   Thumb Code     0  startup.o(.text)
    GPION_Handler                            0x0000040f   Thumb Code     0  startup.o(.text)
    GPIOP0_Handler                           0x0000040f   Thumb Code     0  startup.o(.text)
    GPIOP1_Handler                           0x0000040f   Thumb Code     0  startup.o(.text)
    GPIOP2_Handler                           0x0000040f   Thumb Code     0  startup.o(.text)
    GPIOP3_Handler                           0x0000040f   Thumb Code     0  startup.o(.text)
    GPIOP4_Handler                           0x0000040f   Thumb Code     0  startup.o(.text)
    GPIOP5_Handler                           0x0000040f   Thumb Code     0  startup.o(.text)
    GPIOP6_Handler                           0x0000040f   Thumb Code     0  startup.o(.text)
    GPIOP7_Handler                           0x0000040f   Thumb Code     0  startup.o(.text)
    GPIOQ0_Handler                           0x0000040f   Thumb Code     0  startup.o(.text)
    GPIOQ1_Handler                           0x0000040f   Thumb Code     0  startup.o(.text)
    GPIOQ2_Handler                           0x0000040f   Thumb Code     0  startup.o(.text)
    GPIOQ3_Handler                           0x0000040f   Thumb Code     0  startup.o(.text)
    GPIOQ4_Handler                           0x0000040f   Thumb Code     0  startup.o(.text)
    GPIOQ5_Handler                           0x0000040f   Thumb Code     0  startup.o(.text)
    GPIOQ6_Handler                           0x0000040f   Thumb Code     0  startup.o(.text)
    GPIOQ7_Handler                           0x0000040f   Thumb Code     0  startup.o(.text)
    GPIOR_Handler                            0x0000040f   Thumb Code     0  startup.o(.text)
    GPIOS_Handler                            0x0000040f   Thumb Code     0  startup.o(.text)
    HIB_Handler                              0x0000040f   Thumb Code     0  startup.o(.text)
    I2C0_Handler                             0x0000040f   Thumb Code     0  startup.o(.text)
    I2C1_Handler                             0x0000040f   Thumb Code     0  startup.o(.text)
    I2C2_Handler                             0x0000040f   Thumb Code     0  startup.o(.text)
    I2C3_Handler                             0x0000040f   Thumb Code     0  startup.o(.text)
    I2C4_Handler                             0x0000040f   Thumb Code     0  startup.o(.text)
    I2C5_Handler                             0x0000040f   Thumb Code     0  startup.o(.text)
    PMW0_FAULT_Handler                       0x0000040f   Thumb Code     0  startup.o(.text)
    PMW1_0_Handler                           0x0000040f   Thumb Code     0  startup.o(.text)
    PWM0_0_Handler                           0x0000040f   Thumb Code     0  startup.o(.text)
    PWM0_1_Handler                           0x0000040f   Thumb Code     0  startup.o(.text)
    PWM0_2_Handler                           0x0000040f   Thumb Code     0  startup.o(.text)
    PWM0_3_Handler                           0x0000040f   Thumb Code     0  startup.o(.text)
    PWM1_1_Handler                           0x0000040f   Thumb Code     0  startup.o(.text)
    PWM1_2_Handler                           0x0000040f   Thumb Code     0  startup.o(.text)
    PWM1_3_Handler                           0x0000040f   Thumb Code     0  startup.o(.text)
    PWM1_FAULT_Handler                       0x0000040f   Thumb Code     0  startup.o(.text)
    QEI0_Handler                             0x0000040f   Thumb Code     0  startup.o(.text)
    QEI1_Handler                             0x0000040f   Thumb Code     0  startup.o(.text)
    QEI2_Handler                             0x0000040f   Thumb Code     0  startup.o(.text)
    SSI0_Handler                             0x0000040f   Thumb Code     0  startup.o(.text)
    SSI1_Handler                             0x0000040f   Thumb Code     0  startup.o(.text)
    SSI2_Handler                             0x0000040f   Thumb Code     0  startup.o(.text)
    SSI3_Handler                             0x0000040f   Thumb Code     0  startup.o(.text)
    SYSCTL_Handler                           0x0000040f   Thumb Code     0  startup.o(.text)
    TIMER0A_Handler                          0x0000040f   Thumb Code     0  startup.o(.text)
    TIMER0B_Handler                          0x0000040f   Thumb Code     0  startup.o(.text)
    TIMER1A_Handler                          0x0000040f   Thumb Code     0  startup.o(.text)
    TIMER1B_Handler                          0x0000040f   Thumb Code     0  startup.o(.text)
    TIMER2A_Handler                          0x0000040f   Thumb Code     0  startup.o(.text)
    TIMER2B_Handler                          0x0000040f   Thumb Code     0  startup.o(.text)
    TIMER3A_Handler                          0x0000040f   Thumb Code     0  startup.o(.text)
    TIMER3B_Handler                          0x0000040f   Thumb Code     0  startup.o(.text)
    TIMER4A_Handler                          0x0000040f   Thumb Code     0  startup.o(.text)
    TIMER4B_Handler                          0x0000040f   Thumb Code     0  startup.o(.text)
    TIMER5A_Handler                          0x0000040f   Thumb Code     0  startup.o(.text)
    TIMER5B_Handler                          0x0000040f   Thumb Code     0  startup.o(.text)
    UART0_Handler                            0x0000040f   Thumb Code     0  startup.o(.text)
    UART1_Handler                            0x0000040f   Thumb Code     0  startup.o(.text)
    UART2_Handler                            0x0000040f   Thumb Code     0  startup.o(.text)
    UART3_Handler                            0x0000040f   Thumb Code     0  startup.o(.text)
    UART4_Handler                            0x0000040f   Thumb Code     0  startup.o(.text)
    UART5_Handler                            0x0000040f   Thumb Code     0  startup.o(.text)
    UART6_Handler                            0x0000040f   Thumb Code     0  startup.o(.text)
    UART7_Handler                            0x0000040f   Thumb Code     0  startup.o(.text)
    UDMAERR_Handler                          0x0000040f   Thumb Code     0  startup.o(.text)
    UDMA_Handler                             0x0000040f   Thumb Code     0  startup.o(.text)
    USB0_Handler                             0x0000040f   Thumb Code     0  startup.o(.text)
    WDT0_Handler                             0x0000040f   Thumb Code     0  startup.o(.text)
    WTIMER0A_Handler                         0x0000040f   Thumb Code     0  startup.o(.text)
    WTIMER0B_Handler                         0x0000040f   Thumb Code     0  startup.o(.text)
    WTIMER1A_Handler                         0x0000040f   Thumb Code     0  startup.o(.text)
    WTIMER1B_Handler                         0x0000040f   Thumb Code     0  startup.o(.text)
    WTIMER2A_Handler                         0x0000040f   Thumb Code     0  startup.o(.text)
    WTIMER2B_Handler                         0x0000040f   Thumb Code     0  startup.o(.text)
    WTIMER3A_Handler                         0x0000040f   Thumb Code     0  startup.o(.text)
    WTIMER3B_Handler                         0x0000040f   Thumb Code     0  startup.o(.text)
    WTIMER4A_Handler                         0x0000040f   Thumb Code     0  startup.o(.text)
    WTIMER4B_Handler                         0x0000040f   Thumb Code     0  startup.o(.text)
    WTIMER5A_Handler                         0x0000040f   Thumb Code     0  startup.o(.text)
    WTIMER5B_Handler                         0x0000040f   Thumb Code     0  startup.o(.text)
    __user_initial_stackheap                 0x00000411   Thumb Code    10  startup.o(.text)
    __I$use$semihosting                      0x0000043d   Thumb Code     0  use_no_semi.o(.text)
    __use_no_semihosting_swi                 0x0000043d   Thumb Code     2  use_no_semi.o(.text)
    __aeabi_uldivmod                         0x0000043f   Thumb Code     0  lludivv7m.o(.text)
    _ll_udiv                                 0x0000043f   Thumb Code   238  lludivv7m.o(.text)
    __2fprintf                               0x0000052d   Thumb Code    20  noretval__2fprintf.o(.text)
    __printf                                 0x00000541   Thumb Code   104  __printf.o(.text)
    _printf_int_dec                          0x000005a9   Thumb Code   104  _printf_dec.o(.text)
    exit                                     0x00000621   Thumb Code    18  exit.o(.text)
    __use_two_region_memory                  0x00000633   Thumb Code     2  heapauxi.o(.text)
    __rt_heap_escrow$2region                 0x00000635   Thumb Code     2  heapauxi.o(.text)
    __rt_heap_expand$2region                 0x00000637   Thumb Code     2  heapauxi.o(.text)
    _printf_int_common                       0x00000639   Thumb Code   178  _printf_intcommon.o(.text)
    _printf_char_file                        0x000006ed   Thumb Code    32  _printf_char_file.o(.text)
    _printf_char_common                      0x0000071b   Thumb Code    32  _printf_char_common.o(.text)
    __user_setup_stackheap                   0x00000741   Thumb Code    74  sys_stackheap_outer.o(.text)
    __user_libspace                          0x0000078d   Thumb Code     8  libspace.o(.text)
    __user_perproc_libspace                  0x0000078d   Thumb Code     0  libspace.o(.text)
    __user_perthread_libspace                0x0000078d   Thumb Code     0  libspace.o(.text)
    KrisOS_stack_usage_config                0x00000795   Thumb Code    28  scheduler.o(i.KrisOS_stack_usage_config)
    SVC_Handler_C                            0x000007b5   Thumb Code   304  os.o(i.SVC_Handler_C)
    SysTick_Handler                          0x000008e5   Thumb Code   120  os.o(i.SysTick_Handler)
    _sys_exit                                0x00000965   Thumb Code    12  retarget.o(i._sys_exit)
    align_byte_number                        0x0000098d   Thumb Code    14  heap.o(i.align_byte_number)
    ferror                                   0x0000099b   Thumb Code     8  retarget.o(i.ferror)
    fputc                                    0x000009a5   Thumb Code    34  retarget.o(i.fputc)
    free                                     0x000009d1   Thumb Code    70  heap.o(i.free)
    heap_init                                0x00000a21   Thumb Code    56  heap.o(i.heap_init)
    heap_insert_free_block                   0x00000a5d   Thumb Code    24  heap.o(i.heap_insert_free_block)
    i2cTest                                  0x00000a79   Thumb Code    54  demo3.o(i.i2cTest)
    i2c_init                                 0x00000ab9   Thumb Code   134  i2c.o(i.i2c_init)
    i2c_read                                 0x00000b59   Thumb Code    90  i2c.o(i.i2c_read)
    i2c_slave_addr                           0x00000bb9   Thumb Code     8  i2c.o(i.i2c_slave_addr)
    i2c_write                                0x00000bc5   Thumb Code    94  i2c.o(i.i2c_write)
    idle_task                                0x00000c29   Thumb Code     6  scheduler.o(i.idle_task)
    main                                     0x00000c31   Thumb Code    48  demo3.o(i.main)
    malloc                                   0x00000c81   Thumb Code   128  heap.o(i.malloc)
    mutex_create                             0x00000d09   Thumb Code    20  mutex.o(i.mutex_create)
    mutex_delete                             0x00000d1d   Thumb Code    62  mutex.o(i.mutex_delete)
    mutex_init                               0x00000d61   Thumb Code    32  mutex.o(i.mutex_init)
    mutex_lock                               0x00000d85   Thumb Code   198  mutex.o(i.mutex_lock)
    mutex_release_all                        0x00000e51   Thumb Code    38  mutex.o(i.mutex_release_all)
    mutex_try_lock                           0x00000e79   Thumb Code    80  mutex.o(i.mutex_try_lock)
    mutex_unlock                             0x00000ed1   Thumb Code   196  mutex.o(i.mutex_unlock)
    nokia5110_clear                          0x00000f9d   Thumb Code    32  nokia5110.o(i.nokia5110_clear)
    nokia5110_init                           0x00000fbd   Thumb Code   302  nokia5110.o(i.nokia5110_init)
    nokia5110_send                           0x00001115   Thumb Code    52  nokia5110.o(i.nokia5110_send)
    nokia5110_send_char                      0x00001151   Thumb Code    92  nokia5110.o(i.nokia5110_send_char)
    nokia5110_set_cursor                     0x000011b5   Thumb Code    46  nokia5110.o(i.nokia5110_set_cursor)
    nokiaLCDTest                             0x000011e9   Thumb Code    60  demo3.o(i.nokiaLCDTest)
    nvic_clear_pending                       0x0000128d   Thumb Code    32  nvic.o(i.nvic_clear_pending)
    nvic_disable_irq                         0x000012b1   Thumb Code    32  nvic.o(i.nvic_disable_irq)
    nvic_enable_irq                          0x000012d5   Thumb Code    40  nvic.o(i.nvic_enable_irq)
    nvic_get_priority                        0x000012fd   Thumb Code    26  nvic.o(i.nvic_get_priority)
    nvic_irq_prio_check                      0x00001321   Thumb Code    16  nvic.o(i.nvic_irq_prio_check)
    nvic_read_active                         0x00001331   Thumb Code    30  nvic.o(i.nvic_read_active)
    nvic_set_pending                         0x00001355   Thumb Code    32  nvic.o(i.nvic_set_pending)
    nvic_set_priority                        0x00001379   Thumb Code    30  nvic.o(i.nvic_set_priority)
    os_init                                  0x000013a1   Thumb Code    88  os.o(i.os_init)
    os_start                                 0x000013fd   Thumb Code    98  os.o(i.os_start)
    scheduler_init                           0x00001471   Thumb Code    54  scheduler.o(i.scheduler_init)
    scheduler_run                            0x000014b9   Thumb Code   128  scheduler.o(i.scheduler_run)
    scheduler_wake_tasks                     0x00001541   Thumb Code    76  scheduler.o(i.scheduler_wake_tasks)
    stats_init                               0x00001595   Thumb Code    36  stats.o(i.stats_init)
    stats_task                               0x000015cd   Thumb Code   552  stats.o(i.stats_task)
    system_clock_config                      0x0000198d   Thumb Code   184  time.o(i.system_clock_config)
    systick_config                           0x00001a59   Thumb Code    36  time.o(i.systick_config)
    task_add                                 0x00001a81   Thumb Code    90  scheduler.o(i.task_add)
    task_complete_handler                    0x00001adb   Thumb Code     4  scheduler.o(i.task_complete_handler)
    task_create_dynamic                      0x00001adf   Thumb Code   112  scheduler.o(i.task_create_dynamic)
    task_create_static                       0x00001b4f   Thumb Code    72  scheduler.o(i.task_create_static)
    task_delete                              0x00001b99   Thumb Code   100  scheduler.o(i.task_delete)
    task_init                                0x00001c01   Thumb Code   172  scheduler.o(i.task_init)
    task_remove                              0x00001cb9   Thumb Code    56  scheduler.o(i.task_remove)
    task_sleep                               0x00001cf1   Thumb Code   182  scheduler.o(i.task_sleep)
    uart_init                                0x00001db1   Thumb Code   248  uart.o(i.uart_init)
    uart_send_char                           0x00001ec5   Thumb Code    20  uart.o(i.uart_send_char)
    _fp_init                                 0x00001edd   Thumb Code    10  fpinit.o(x$fpl$fpinit)
    __fplib_config_fpu_vfp                   0x00001ee5   Thumb Code     0  fpinit.o(x$fpl$fpinit)
    __fplib_config_pureend_doubles           0x00001ee5   Thumb Code     0  fpinit.o(x$fpl$fpinit)
    font_5x7                                 0x00001ee6   Data         480  nokia5110.o(.constdata)
    Region$$Table$$Base                      0x0000216c   Number         0  anon$$obj.o(Region$$Table)
    Region$$Table$$Limit                     0x0000218c   Number         0  anon$$obj.o(Region$$Table)
    svc_exc_return                           0x20000000   Data           4  os.o(.data)
    SYSTEM_CLOCK_FREQ                        0x20000004   Data           4  time.o(.data)
    uart                                     0x20000008   Data           4  uart.o(.data)
    cursorRow                                0x2000000c   Data           1  nokia5110.o(.data)
    nokia5110                                0x20000010   Data           4  nokia5110.o(.data)
    heap                                     0x20000018   Data        2040  heap.o(.bss)
    KrisOS                                   0x20000810   Data          24  os.o(.bss)
    scheduler                                0x20000828   Data         116  scheduler.o(.bss)
    idleTask                                 0x200008a0   Data          64  scheduler.o(.bss)
    idleStack                                0x200008e0   Data         100  scheduler.o(.bss)
    statsTask                                0x20000948   Data          64  stats.o(.bss)
    statsStack                               0x20000988   Data         400  stats.o(.bss)
    uartMtx                                  0x20000b18   Data          16  uart.o(.bss)
    nokiaLCDTestTask                         0x20000b28   Data          64  demo3.o(.bss)
    nokiaLCDTestStack                        0x20000b68   Data         400  demo3.o(.bss)
    i2cTestTask                              0x20000cf8   Data          64  demo3.o(.bss)
    i2cTestStack                             0x20000d38   Data         400  demo3.o(.bss)
    __libspace_start                         0x20000ec8   Data          96  libspace.o(.bss)
    __temporary_stack_top$libspace           0x20000f28   Data           0  libspace.o(.bss)



==============================================================================

Memory Map of the image

  Image Entry point : 0x00000389

  Load Region LR_1 (Base: 0x00000000, Size: 0x000021a0, Max: 0xffffffff, ABSOLUTE)

    Execution Region ER_RO (Base: 0x00000000, Size: 0x0000218c, Max: 0xffffffff, ABSOLUTE)

    Base Addr    Size         Type   Attr      Idx    E Section Name        Object

    0x00000000   0x0000026c   Data   RO          599    RESET               startup.o
    0x0000026c   0x00000008   Code   RO          829  * !!!main             c_w.l(__main.o)
    0x00000274   0x00000034   Code   RO          997    !!!scatter          c_w.l(__scatter.o)
    0x000002a8   0x0000001a   Code   RO          999    !!handler_copy      c_w.l(__scatter_copy.o)
    0x000002c2   0x00000002   PAD
    0x000002c4   0x0000001c   Code   RO         1001    !!handler_zi        c_w.l(__scatter_zi.o)
    0x000002e0   0x00000000   Code   RO          824    .ARM.Collect$$_printf_percent$$00000000  c_w.l(_printf_percent.o)
    0x000002e0   0x00000006   Code   RO          823    .ARM.Collect$$_printf_percent$$00000009  c_w.l(_printf_d.o)
    0x000002e6   0x00000004   Code   RO          842    .ARM.Collect$$_printf_percent$$00000017  c_w.l(_printf_percent_end.o)
    0x000002ea   0x00000002   Code   RO          884    .ARM.Collect$$libinit$$00000000  c_w.l(libinit.o)
    0x000002ec   0x00000004   Code   RO          895    .ARM.Collect$$libinit$$00000001  c_w.l(libinit2.o)
    0x000002f0   0x00000000   Code   RO          898    .ARM.Collect$$libinit$$00000004  c_w.l(libinit2.o)
    0x000002f0   0x00000000   Code   RO          901    .ARM.Collect$$libinit$$0000000A  c_w.l(libinit2.o)
    0x000002f0   0x00000000   Code   RO          903    .ARM.Collect$$libinit$$0000000C  c_w.l(libinit2.o)
    0x000002f0   0x00000000   Code   RO          905    .ARM.Collect$$libinit$$0000000E  c_w.l(libinit2.o)
    0x000002f0   0x00000000   Code   RO          908    .ARM.Collect$$libinit$$00000011  c_w.l(libinit2.o)
    0x000002f0   0x00000000   Code   RO          910    .ARM.Collect$$libinit$$00000013  c_w.l(libinit2.o)
    0x000002f0   0x00000000   Code   RO          912    .ARM.Collect$$libinit$$00000015  c_w.l(libinit2.o)
    0x000002f0   0x00000000   Code   RO          914    .ARM.Collect$$libinit$$00000017  c_w.l(libinit2.o)
    0x000002f0   0x00000000   Code   RO          916    .ARM.Collect$$libinit$$00000019  c_w.l(libinit2.o)
    0x000002f0   0x00000000   Code   RO          918    .ARM.Collect$$libinit$$0000001B  c_w.l(libinit2.o)
    0x000002f0   0x00000000   Code   RO          920    .ARM.Collect$$libinit$$0000001D  c_w.l(libinit2.o)
    0x000002f0   0x00000000   Code   RO          922    .ARM.Collect$$libinit$$0000001F  c_w.l(libinit2.o)
    0x000002f0   0x00000000   Code   RO          924    .ARM.Collect$$libinit$$00000021  c_w.l(libinit2.o)
    0x000002f0   0x00000000   Code   RO          926    .ARM.Collect$$libinit$$00000023  c_w.l(libinit2.o)
    0x000002f0   0x00000000   Code   RO          928    .ARM.Collect$$libinit$$00000025  c_w.l(libinit2.o)
    0x000002f0   0x00000000   Code   RO          932    .ARM.Collect$$libinit$$0000002C  c_w.l(libinit2.o)
    0x000002f0   0x00000000   Code   RO          934    .ARM.Collect$$libinit$$0000002E  c_w.l(libinit2.o)
    0x000002f0   0x00000000   Code   RO          936    .ARM.Collect$$libinit$$00000030  c_w.l(libinit2.o)
    0x000002f0   0x00000000   Code   RO          938    .ARM.Collect$$libinit$$00000032  c_w.l(libinit2.o)
    0x000002f0   0x00000002   Code   RO          939    .ARM.Collect$$libinit$$00000033  c_w.l(libinit2.o)
    0x000002f2   0x00000002   Code   RO          885    .ARM.Collect$$libshutdown$$00000000  c_w.l(libshutdown.o)
    0x000002f4   0x00000000   Code   RO          941    .ARM.Collect$$libshutdown$$00000002  c_w.l(libshutdown2.o)
    0x000002f4   0x00000000   Code   RO          943    .ARM.Collect$$libshutdown$$00000004  c_w.l(libshutdown2.o)
    0x000002f4   0x00000000   Code   RO          946    .ARM.Collect$$libshutdown$$00000007  c_w.l(libshutdown2.o)
    0x000002f4   0x00000000   Code   RO          949    .ARM.Collect$$libshutdown$$0000000A  c_w.l(libshutdown2.o)
    0x000002f4   0x00000000   Code   RO          951    .ARM.Collect$$libshutdown$$0000000C  c_w.l(libshutdown2.o)
    0x000002f4   0x00000000   Code   RO          954    .ARM.Collect$$libshutdown$$0000000F  c_w.l(libshutdown2.o)
    0x000002f4   0x00000002   Code   RO          955    .ARM.Collect$$libshutdown$$00000010  c_w.l(libshutdown2.o)
    0x000002f6   0x00000000   Code   RO          831    .ARM.Collect$$rtentry$$00000000  c_w.l(__rtentry.o)
    0x000002f6   0x00000000   Code   RO          844    .ARM.Collect$$rtentry$$00000002  c_w.l(__rtentry2.o)
    0x000002f6   0x00000006   Code   RO          856    .ARM.Collect$$rtentry$$00000004  c_w.l(__rtentry4.o)
    0x000002fc   0x00000000   Code   RO          846    .ARM.Collect$$rtentry$$00000009  c_w.l(__rtentry2.o)
    0x000002fc   0x00000004   Code   RO          847    .ARM.Collect$$rtentry$$0000000A  c_w.l(__rtentry2.o)
    0x00000300   0x00000000   Code   RO          849    .ARM.Collect$$rtentry$$0000000C  c_w.l(__rtentry2.o)
    0x00000300   0x00000008   Code   RO          850    .ARM.Collect$$rtentry$$0000000D  c_w.l(__rtentry2.o)
    0x00000308   0x00000002   Code   RO          832    .ARM.Collect$$rtexit$$00000000  c_w.l(rtexit.o)
    0x0000030a   0x00000000   Code   RO          859    .ARM.Collect$$rtexit$$00000002  c_w.l(rtexit2.o)
    0x0000030a   0x00000004   Code   RO          860    .ARM.Collect$$rtexit$$00000003  c_w.l(rtexit2.o)
    0x0000030e   0x00000006   Code   RO          861    .ARM.Collect$$rtexit$$00000004  c_w.l(rtexit2.o)
    0x00000314   0x00000074   Code   RO          592    .text               special_reg_access.o
    0x00000388   0x000000b4   Code   RO          600  * .text               startup.o
    0x0000043c   0x00000002   Code   RO          791    .text               c_w.l(use_no_semi.o)
    0x0000043e   0x000000ee   Code   RO          793    .text               c_w.l(lludivv7m.o)
    0x0000052c   0x00000014   Code   RO          797    .text               c_w.l(noretval__2fprintf.o)
    0x00000540   0x00000068   Code   RO          799    .text               c_w.l(__printf.o)
    0x000005a8   0x00000078   Code   RO          801    .text               c_w.l(_printf_dec.o)
    0x00000620   0x00000012   Code   RO          825    .text               c_w.l(exit.o)
    0x00000632   0x00000006   Code   RO          827    .text               c_w.l(heapauxi.o)
    0x00000638   0x000000b2   Code   RO          838    .text               c_w.l(_printf_intcommon.o)
    0x000006ea   0x00000002   PAD
    0x000006ec   0x00000024   Code   RO          840    .text               c_w.l(_printf_char_file.o)
    0x00000710   0x00000030   Code   RO          867    .text               c_w.l(_printf_char_common.o)
    0x00000740   0x0000004a   Code   RO          869    .text               c_w.l(sys_stackheap_outer.o)
    0x0000078a   0x00000002   PAD
    0x0000078c   0x00000008   Code   RO          886    .text               c_w.l(libspace.o)
    0x00000794   0x00000020   Code   RO          149    i.KrisOS_stack_usage_config  scheduler.o
    0x000007b4   0x00000130   Code   RO          103    i.SVC_Handler_C     os.o
    0x000008e4   0x00000080   Code   RO          104    i.SysTick_Handler   os.o
    0x00000964   0x00000028   Code   RO          661    i._sys_exit         retarget.o
    0x0000098c   0x0000000e   Code   RO            1    i.align_byte_number  heap.o
    0x0000099a   0x00000008   Code   RO          663    i.ferror            retarget.o
    0x000009a2   0x00000002   PAD
    0x000009a4   0x0000002c   Code   RO          665    i.fputc             retarget.o
    0x000009d0   0x00000050   Code   RO            2    i.free              heap.o
    0x00000a20   0x0000003c   Code   RO            3    i.heap_init         heap.o
    0x00000a5c   0x0000001c   Code   RO            4    i.heap_insert_free_block  heap.o
    0x00000a78   0x00000040   Code   RO          757    i.i2cTest           demo3.o
    0x00000ab8   0x000000a0   Code   RO          724    i.i2c_init          i2c.o
    0x00000b58   0x00000060   Code   RO          725    i.i2c_read          i2c.o
    0x00000bb8   0x0000000c   Code   RO          726    i.i2c_slave_addr    i2c.o
    0x00000bc4   0x00000064   Code   RO          727    i.i2c_write         i2c.o
    0x00000c28   0x00000006   Code   RO          150    i.idle_task         scheduler.o
    0x00000c2e   0x00000002   PAD
    0x00000c30   0x00000050   Code   RO          758    i.main              demo3.o
    0x00000c80   0x00000088   Code   RO            5    i.malloc            heap.o
    0x00000d08   0x00000014   Code   RO          245    i.mutex_create      mutex.o
    0x00000d1c   0x00000044   Code   RO          246    i.mutex_delete      mutex.o
    0x00000d60   0x00000024   Code   RO          247    i.mutex_init        mutex.o
    0x00000d84   0x000000cc   Code   RO          248    i.mutex_lock        mutex.o
    0x00000e50   0x00000026   Code   RO          249    i.mutex_release_all  mutex.o
    0x00000e76   0x00000002   PAD
    0x00000e78   0x00000058   Code   RO          250    i.mutex_try_lock    mutex.o
    0x00000ed0   0x000000cc   Code   RO          251    i.mutex_unlock      mutex.o
    0x00000f9c   0x00000020   Code   RO          604    i.nokia5110_clear   nokia5110.o
    0x00000fbc   0x00000158   Code   RO          605    i.nokia5110_init    nokia5110.o
    0x00001114   0x0000003c   Code   RO          606    i.nokia5110_send    nokia5110.o
    0x00001150   0x00000064   Code   RO          607    i.nokia5110_send_char  nokia5110.o
    0x000011b4   0x00000034   Code   RO          608    i.nokia5110_set_cursor  nokia5110.o
    0x000011e8   0x000000a4   Code   RO          759    i.nokiaLCDTest      demo3.o
    0x0000128c   0x00000024   Code   RO          434    i.nvic_clear_pending  nvic.o
    0x000012b0   0x00000024   Code   RO          435    i.nvic_disable_irq  nvic.o
    0x000012d4   0x00000028   Code   RO          436    i.nvic_enable_irq   nvic.o
    0x000012fc   0x00000024   Code   RO          437    i.nvic_get_priority  nvic.o
    0x00001320   0x00000010   Code   RO          438    i.nvic_irq_prio_check  nvic.o
    0x00001330   0x00000024   Code   RO          439    i.nvic_read_active  nvic.o
    0x00001354   0x00000024   Code   RO          440    i.nvic_set_pending  nvic.o
    0x00001378   0x00000028   Code   RO          441    i.nvic_set_priority  nvic.o
    0x000013a0   0x0000005c   Code   RO          105    i.os_init           os.o
    0x000013fc   0x00000074   Code   RO          106    i.os_start          os.o
    0x00001470   0x00000048   Code   RO          151    i.scheduler_init    scheduler.o
    0x000014b8   0x00000088   Code   RO          152    i.scheduler_run     scheduler.o
    0x00001540   0x00000054   Code   RO          153    i.scheduler_wake_tasks  scheduler.o
    0x00001594   0x00000038   Code   RO          348    i.stats_init        stats.o
    0x000015cc   0x000003c0   Code   RO          349    i.stats_task        stats.o
    0x0000198c   0x000000cc   Code   RO          488    i.system_clock_config  time.o
    0x00001a58   0x00000028   Code   RO          489    i.systick_config    time.o
    0x00001a80   0x0000005a   Code   RO          154    i.task_add          scheduler.o
    0x00001ada   0x00000004   Code   RO          155    i.task_complete_handler  scheduler.o
    0x00001ade   0x00000070   Code   RO          156    i.task_create_dynamic  scheduler.o
    0x00001b4e   0x00000048   Code   RO          157    i.task_create_static  scheduler.o
    0x00001b96   0x00000002   PAD
    0x00001b98   0x00000068   Code   RO          158    i.task_delete       scheduler.o
    0x00001c00   0x000000b8   Code   RO          159    i.task_init         scheduler.o
    0x00001cb8   0x00000038   Code   RO          160    i.task_remove       scheduler.o
    0x00001cf0   0x000000c0   Code   RO          161    i.task_sleep        scheduler.o
    0x00001db0   0x00000114   Code   RO          542    i.uart_init         uart.o
    0x00001ec4   0x00000018   Code   RO          543    i.uart_send_char    uart.o
    0x00001edc   0x0000000a   Code   RO          962    x$fpl$fpinit        fz_wm.l(fpinit.o)
    0x00001ee6   0x000001e0   Data   RO          609    .constdata          nokia5110.o
    0x000020c6   0x00000002   PAD
    0x000020c8   0x000000a4   Data   RO          352    .conststring        stats.o
    0x0000216c   0x00000020   Data   RO          995    Region$$Table       anon$$obj.o


    Execution Region ER_RW (Base: 0x20000000, Size: 0x00000014, Max: 0xffffffff, ABSOLUTE)

    Base Addr    Size         Type   Attr      Idx    E Section Name        Object

    0x20000000   0x00000004   Data   RW          108    .data               os.o
    0x20000004   0x00000004   Data   RW          490    .data               time.o
    0x20000008   0x00000004   Data   RW          545    .data               uart.o
    0x2000000c   0x00000008   Data   RW          610    .data               nokia5110.o


    Execution Region ER_ZI (Base: 0x20000014, Size: 0x00001594, Max: 0xffffffff, ABSOLUTE)

    Base Addr    Size         Type   Attr      Idx    E Section Name        Object

    0x20000014   0x00000004   PAD
    0x20000018   0x000007f8   Zero   RW            6    .bss                heap.o
    0x20000810   0x00000018   Zero   RW          107    .bss                os.o
    0x20000828   0x0000011c   Zero   RW          162    .bss                scheduler.o
    0x20000944   0x00000004   PAD
    0x20000948   0x000001d0   Zero   RW          350    .bss                stats.o
    0x20000b18   0x00000010   Zero   RW          544    .bss                uart.o
    0x20000b28   0x000003a0   Zero   RW          760    .bss                demo3.o
    0x20000ec8   0x00000060   Zero   RW          887    .bss                c_w.l(libspace.o)
    0x20000f28   0x00000080   Zero   RW          598    HEAP                startup.o
    0x20000fa8   0x00000600   Zero   RW          597    STACK               startup.o


==============================================================================

Image component sizes


      Code (inc. data)   RO Data    RW Data    ZI Data      Debug   Object Name

       308        146          0          0        928       2386   demo3.o
         0          0          0          0          0      10168   fifo.o
       318         26          0          0       2040      15169   heap.o
       368         42          0          0          0       2751   i2c.o
       658         32          0          0          0       6657   mutex.o
       588         64        480          8          0       6365   nokia5110.o
       276         38          0          0          0       4318   nvic.o
       640         52          0          4         24       3274   os.o
        92         38          0          0          0       5029   retarget.o
      1144         64          0          0        284      10046   scheduler.o
       116          4          0          0          0        968   special_reg_access.o
       180         34        620          0       1664        912   startup.o
      1016        434        164          0        464       2130   stats.o
       244         24          0          4          0       1379   time.o
       300         32          0          4         16       3824   uart.o

    ----------------------------------------------------------------------
      6256       1030       1298         20       5428      75376   Object Totals
         0          0         32          0          0          0   (incl. Generated)
         8          0          2          0          8          0   (incl. Padding)

    ----------------------------------------------------------------------

      Code (inc. data)   RO Data    RW Data    ZI Data      Debug   Library Member Name

         8          0          0          0          0         68   __main.o
       104          0          0          0          0         84   __printf.o
         0          0          0          0          0          0   __rtentry.o
        12          0          0          0          0          0   __rtentry2.o
         6          0          0          0          0          0   __rtentry4.o
        52          8          0          0          0          0   __scatter.o
        26          0          0          0          0          0   __scatter_copy.o
        28          0          0          0          0          0   __scatter_zi.o
        48          6          0          0          0         96   _printf_char_common.o
        36          4          0          0          0         80   _printf_char_file.o
         6          0          0          0          0          0   _printf_d.o
       120         16          0          0          0         92   _printf_dec.o
       178          0          0          0          0         88   _printf_intcommon.o
         0          0          0          0          0          0   _printf_percent.o
         4          0          0          0          0          0   _printf_percent_end.o
        18          0          0          0          0         80   exit.o
         6          0          0          0          0        152   heapauxi.o
         2          0          0          0          0          0   libinit.o
         6          0          0          0          0          0   libinit2.o
         2          0          0          0          0          0   libshutdown.o
         2          0          0          0          0          0   libshutdown2.o
         8          4          0          0         96         68   libspace.o
       238          0          0          0          0        100   lludivv7m.o
        20          0          0          0          0         84   noretval__2fprintf.o
         2          0          0          0          0          0   rtexit.o
        10          0          0          0          0          0   rtexit2.o
        74          0          0          0          0         80   sys_stackheap_outer.o
         2          0          0          0          0         68   use_no_semi.o
        10          0          0          0          0        116   fpinit.o

    ----------------------------------------------------------------------
      1034         38          0          0         96       1256   Library Totals
         6          0          0          0          0          0   (incl. Padding)

    ----------------------------------------------------------------------

      Code (inc. data)   RO Data    RW Data    ZI Data      Debug   Library Name

      1018         38          0          0         96       1140   c_w.l
        10          0          0          0          0        116   fz_wm.l

    ----------------------------------------------------------------------
      1034         38          0          0         96       1256   Library Totals

    ----------------------------------------------------------------------

==============================================================================


      Code (inc. data)   RO Data    RW Data    ZI Data      Debug   

      7290       1068       1298         20       5524      70764   Grand Totals
      7290       1068       1298         20       5524      70764   ELF Image Totals
      7290       1068       1298         20          0          0   ROM Totals

==============================================================================

    Total RO  Size (Code + RO Data)                 8588 (   8.39kB)
    Total RW  Size (RW Data + ZI Data)              5544 (   5.41kB)
    Total ROM Size (Code + RO Data + RW Data)       8608 (   8.41kB)

==============================================================================

